Archive member included to satisfy reference by file (symbol)

/opt/st/stm32cubeclt_1.21.0/GNU-tools-for-STM32/bin/../lib/gcc/arm-none-eabi/14.3.1/../../../../arm-none-eabi/lib/thumb/v7e-m+fp/hard/libc.a(libc_a-exit.o)
                              /opt/st/stm32cubeclt_1.21.0/GNU-tools-for-STM32/bin/../lib/gcc/arm-none-eabi/14.3.1/../../../../arm-none-eabi/lib/thumb/v7e-m+fp/hard/crt0.o (exit)
/opt/st/stm32cubeclt_1.21.0/GNU-tools-for-STM32/bin/../lib/gcc/arm-none-eabi/14.3.1/../../../../arm-none-eabi/lib/thumb/v7e-m+fp/hard/libc.a(libc_a-findfp.o)
                              /opt/st/stm32cubeclt_1.21.0/GNU-tools-for-STM32/bin/../lib/gcc/arm-none-eabi/14.3.1/../../../../arm-none-eabi/lib/thumb/v7e-m+fp/hard/libc.a(libc_a-exit.o) (__stdio_exit_handler)
/opt/st/stm32cubeclt_1.21.0/GNU-tools-for-STM32/bin/../lib/gcc/arm-none-eabi/14.3.1/../../../../arm-none-eabi/lib/thumb/v7e-m+fp/hard/libc.a(libc_a-fwalk.o)
                              /opt/st/stm32cubeclt_1.21.0/GNU-tools-for-STM32/bin/../lib/gcc/arm-none-eabi/14.3.1/../../../../arm-none-eabi/lib/thumb/v7e-m+fp/hard/libc.a(libc_a-findfp.o) (_fwalk_sglue)
/opt/st/stm32cubeclt_1.21.0/GNU-tools-for-STM32/bin/../lib/gcc/arm-none-eabi/14.3.1/../../../../arm-none-eabi/lib/thumb/v7e-m+fp/hard/libc.a(libc_a-stdio.o)
                              /opt/st/stm32cubeclt_1.21.0/GNU-tools-for-STM32/bin/../lib/gcc/arm-none-eabi/14.3.1/../../../../arm-none-eabi/lib/thumb/v7e-m+fp/hard/libc.a(libc_a-findfp.o) (__sread)
/opt/st/stm32cubeclt_1.21.0/GNU-tools-for-STM32/bin/../lib/gcc/arm-none-eabi/14.3.1/../../../../arm-none-eabi/lib/thumb/v7e-m+fp/hard/libc.a(libc_a-memset.o)
                              /opt/st/stm32cubeclt_1.21.0/GNU-tools-for-STM32/bin/../lib/gcc/arm-none-eabi/14.3.1/../../../../arm-none-eabi/lib/thumb/v7e-m+fp/hard/crt0.o (memset)
/opt/st/stm32cubeclt_1.21.0/GNU-tools-for-STM32/bin/../lib/gcc/arm-none-eabi/14.3.1/../../../../arm-none-eabi/lib/thumb/v7e-m+fp/hard/libc.a(libc_a-closer.o)
                              /opt/st/stm32cubeclt_1.21.0/GNU-tools-for-STM32/bin/../lib/gcc/arm-none-eabi/14.3.1/../../../../arm-none-eabi/lib/thumb/v7e-m+fp/hard/libc.a(libc_a-stdio.o) (_close_r)
/opt/st/stm32cubeclt_1.21.0/GNU-tools-for-STM32/bin/../lib/gcc/arm-none-eabi/14.3.1/../../../../arm-none-eabi/lib/thumb/v7e-m+fp/hard/libc.a(libc_a-reent.o)
                              /opt/st/stm32cubeclt_1.21.0/GNU-tools-for-STM32/bin/../lib/gcc/arm-none-eabi/14.3.1/../../../../arm-none-eabi/lib/thumb/v7e-m+fp/hard/libc.a(libc_a-closer.o) (errno)
/opt/st/stm32cubeclt_1.21.0/GNU-tools-for-STM32/bin/../lib/gcc/arm-none-eabi/14.3.1/../../../../arm-none-eabi/lib/thumb/v7e-m+fp/hard/libc.a(libc_a-impure.o)
                              /opt/st/stm32cubeclt_1.21.0/GNU-tools-for-STM32/bin/../lib/gcc/arm-none-eabi/14.3.1/../../../../arm-none-eabi/lib/thumb/v7e-m+fp/hard/libc.a(libc_a-reent.o) (_impure_ptr)
/opt/st/stm32cubeclt_1.21.0/GNU-tools-for-STM32/bin/../lib/gcc/arm-none-eabi/14.3.1/../../../../arm-none-eabi/lib/thumb/v7e-m+fp/hard/libc.a(libc_a-lseekr.o)
                              /opt/st/stm32cubeclt_1.21.0/GNU-tools-for-STM32/bin/../lib/gcc/arm-none-eabi/14.3.1/../../../../arm-none-eabi/lib/thumb/v7e-m+fp/hard/libc.a(libc_a-stdio.o) (_lseek_r)
/opt/st/stm32cubeclt_1.21.0/GNU-tools-for-STM32/bin/../lib/gcc/arm-none-eabi/14.3.1/../../../../arm-none-eabi/lib/thumb/v7e-m+fp/hard/libc.a(libc_a-readr.o)
                              /opt/st/stm32cubeclt_1.21.0/GNU-tools-for-STM32/bin/../lib/gcc/arm-none-eabi/14.3.1/../../../../arm-none-eabi/lib/thumb/v7e-m+fp/hard/libc.a(libc_a-stdio.o) (_read_r)
/opt/st/stm32cubeclt_1.21.0/GNU-tools-for-STM32/bin/../lib/gcc/arm-none-eabi/14.3.1/../../../../arm-none-eabi/lib/thumb/v7e-m+fp/hard/libc.a(libc_a-writer.o)
                              /opt/st/stm32cubeclt_1.21.0/GNU-tools-for-STM32/bin/../lib/gcc/arm-none-eabi/14.3.1/../../../../arm-none-eabi/lib/thumb/v7e-m+fp/hard/libc.a(libc_a-stdio.o) (_write_r)
/opt/st/stm32cubeclt_1.21.0/GNU-tools-for-STM32/bin/../lib/gcc/arm-none-eabi/14.3.1/../../../../arm-none-eabi/lib/thumb/v7e-m+fp/hard/libc.a(libc_a-init.o)
                              /opt/st/stm32cubeclt_1.21.0/GNU-tools-for-STM32/bin/../lib/gcc/arm-none-eabi/14.3.1/../../../../arm-none-eabi/lib/thumb/v7e-m+fp/hard/crt0.o (__libc_init_array)
/opt/st/stm32cubeclt_1.21.0/GNU-tools-for-STM32/bin/../lib/gcc/arm-none-eabi/14.3.1/../../../../arm-none-eabi/lib/thumb/v7e-m+fp/hard/libc.a(libc_a-lock.o)
                              /opt/st/stm32cubeclt_1.21.0/GNU-tools-for-STM32/bin/../lib/gcc/arm-none-eabi/14.3.1/../../../../arm-none-eabi/lib/thumb/v7e-m+fp/hard/libc.a(libc_a-findfp.o) (__retarget_lock_init_recursive)
/opt/st/stm32cubeclt_1.21.0/GNU-tools-for-STM32/bin/../lib/gcc/arm-none-eabi/14.3.1/../../../../arm-none-eabi/lib/thumb/v7e-m+fp/hard/libc.a(libc_a-__call_atexit.o)
[...]
Memory Configuration

Name             Origin             Length             Attributes
RAM              0x20000000         0x00010000         xrw
FLASH            0x08000000         0x00040000         xr
*default*        0x00000000         0xffffffff

Linker script and memory map

LOAD /opt/st/stm32cubeclt_1.21.0/GNU-tools-for-STM32/bin/../lib/gcc/arm-none-eabi/14.3.1/thumb/v7e-m+fp/hard/crti.o
LOAD /opt/st/stm32cubeclt_1.21.0/GNU-tools-for-STM32/bin/../lib/gcc/arm-none-eabi/14.3.1/thumb/v7e-m+fp/hard/crtbegin.o
LOAD /opt/st/stm32cubeclt_1.21.0/GNU-tools-for-STM32/bin/../lib/gcc/arm-none-eabi/14.3.1/../../../../arm-none-eabi/lib/thumb/v7e-m+fp/hard/crt0.o
START GROUP
LOAD /opt/st/stm32cubeclt_1.21.0/GNU-tools-for-STM32/bin/../lib/gcc/arm-none-eabi/14.3.1/../../../../arm-none-eabi/lib/thumb/v7e-m+fp/hard/libc.a
LOAD /opt/st/stm32cubeclt_1.21.0/GNU-tools-for-STM32/bin/../lib/gcc/arm-none-eabi/14.3.1/../../../../arm-none-eabi/lib/thumb/v7e-m+fp/hard/libm.a
LOAD /opt/st/stm32cubeclt_1.21.0/GNU-tools-for-STM32/bin/../lib/gcc/arm-none-eabi/14.3.1/../../../../arm-none-eabi/lib/thumb/v7e-m+fp/hard/libstdc++.a
LOAD /opt/st/stm32cubeclt_1.21.0/GNU-tools-for-STM32/bin/../lib/gcc/arm-none-eabi/14.3.1/../../../../arm-none-eabi/lib/thumb/v7e-m+fp/hard/libsupc++.a
END GROUP
LOAD CMakeFiles/ControlDcMotor_With_Encoder.dir/Src/syscall.c.obj
LOAD CMakeFiles/ControlDcMotor_With_Encoder.dir/Src/sysmem.c.obj
LOAD CMakeFiles/ControlDcMotor_With_Encoder.dir/Src/main.c.obj
LOAD CMakeFiles/ControlDcMotor_With_Encoder.dir/Src/startup_stm32f401xx.S.obj
LOAD CMakeFiles/ControlDcMotor_With_Encoder.dir/Src/RCC_program.c.obj
LOAD CMakeFiles/ControlDcMotor_With_Encoder.dir/Src/GPIO_program.c.obj
LOAD CMakeFiles/ControlDcMotor_With_Encoder.dir/Src/NVIC_program.c.obj
LOAD CMakeFiles/ControlDcMotor_With_Encoder.dir/Src/STK_program.c.obj
LOAD CMakeFiles/ControlDcMotor_With_Encoder.dir/Src/EXTI_program.c.obj
START GROUP
LOAD /opt/st/stm32cubeclt_1.21.0/GNU-tools-for-STM32/bin/../lib/gcc/arm-none-eabi/14.3.1/thumb/v7e-m+fp/hard/libgcc.a
LOAD /opt/st/stm32cubeclt_1.21.0/GNU-tools-for-STM32/bin/../lib/gcc/arm-none-eabi/14.3.1/../../../../arm-none-eabi/lib/thumb/v7e-m+fp/hard/libc.a
END GROUP
START GROUP
LOAD /opt/st/stm32cubeclt_1.21.0/GNU-tools-for-STM32/bin/../lib/gcc/arm-none-eabi/14.3.1/thumb/v7e-m+fp/hard/libgcc.a
LOAD /opt/st/stm32cubeclt_1.21.0/GNU-tools-for-STM32/bin/../lib/gcc/arm-none-eabi/14.3.1/../../../../arm-none-eabi/lib/thumb/v7e-m+fp/hard/libc.a
LOAD /opt/st/stm32cubeclt_1.21.0/GNU-tools-for-STM32/bin/../lib/gcc/arm-none-eabi/14.3.1/../../../../arm-none-eabi/lib/thumb/v7e-m+fp/hard/libnosys.a
END GROUP
LOAD /opt/st/stm32cubeclt_1.21.0/GNU-tools-for-STM32/bin/../lib/gcc/arm-none-eabi/14.3.1/thumb/v7e-m+fp/hard/crtend.o
LOAD /opt/st/stm32cubeclt_1.21.0/GNU-tools-for-STM32/bin/../lib/gcc/arm-none-eabi/14.3.1/thumb/v7e-m+fp/hard/crtn.o
                0x20010000                        _estack = (ORIGIN (RAM) + LENGTH (RAM))
                0x00000200                        _Min_Heap_Size = 0x200
                0x00000400                        _Min_Stack_Size = 0x400

.isr_vector     0x08000000      0x194
                0x08000000                        . = ALIGN (0x4)
 *(.isr_vector)
 .isr_vector    0x08000000      0x194 CMakeFiles/ControlDcMotor_With_Encoder.dir/Src/startup_stm32f401xx.S.obj
                0x08000000                g_pfnVectors
                0x08000194                        . = ALIGN (0x4)

.text           0x08000194     0x1efc
                0x08000194                        . = ALIGN (0x4)
 *(.text)
 .text          0x08000194       0x40 /opt/st/stm32cubeclt_1.21.0/GNU-tools-for-STM32/bin/../lib/gcc/arm-none-eabi/14.3.1/thumb/v7e-m+fp/hard/crtbegin.o
 .text          0x080001d4      0x378 /opt/st/stm32cubeclt_1.21.0/GNU-tools-for-STM32/bin/../lib/gcc/arm-none-eabi/14.3.1/thumb/v7e-m+fp/hard/libgcc.a(_arm_addsubdf3.o)
                0x080001d4                __aeabi_drsub
                0x080001dc                __aeabi_dsub
                0x080001dc                __subdf3
                0x080001e0                __adddf3
                0x080001e0                __aeabi_dadd
                0x08000458                __aeabi_ui2d
                0x08000458                __floatunsidf
                0x08000478                __floatsidf
                0x08000478                __aeabi_i2d
                0x0800049c                __extendsfdf2
                0x0800049c                __aeabi_f2d
                0x080004e0                __aeabi_ul2d
                0x080004e0                __floatundidf
                0x080004f0                __floatdidf
                0x080004f0                __aeabi_l2d
 .text          0x0800054c      0x424 /opt/st/stm32cubeclt_1.21.0/GNU-tools-for-STM32/bin/../lib/gcc/arm-none-eabi/14.3.1/thumb/v7e-m+fp/hard/libgcc.a(_arm_muldivdf3.o)
                0x0800054c                __aeabi_dmul
                0x0800054c                __muldf3
                0x080007a0                __aeabi_ddiv
                0x080007a0                __divdf3
 .text          0x08000970       0xa0 /opt/st/stm32cubeclt_1.21.0/GNU-tools-for-STM32/bin/../lib/gcc/arm-none-eabi/14.3.1/thumb/v7e-m+fp/hard/libgcc.a(_arm_truncdfsf2.o)
                0x08000970                __aeabi_d2f
                0x08000970                __truncdfsf2
 .text          0x08000a10       0x30 /opt/st/stm32cubeclt_1.21.0/GNU-tools-for-STM32/bin/../lib/gcc/arm-none-eabi/14.3.1/thumb/v7e-m+fp/hard/libgcc.a(_aeabi_uldivmod.o)
                0x08000a10                __aeabi_uldivmod
 .text          0x08000a40      0x2f8 /opt/st/stm32cubeclt_1.21.0/GNU-tools-for-STM32/bin/../lib/gcc/arm-none-eabi/14.3.1/thumb/v7e-m+fp/hard/libgcc.a(_udivmoddi4.o)
                0x08000a40                __udivmoddi4
 .text          0x08000d38        0x4 /opt/st/stm32cubeclt_1.21.0/GNU-tools-for-STM32/bin/../lib/gcc/arm-none-eabi/14.3.1/thumb/v7e-m+fp/hard/libgcc.a(_dvmd_tls.o)
                0x08000d38                __aeabi_ldiv0
                0x08000d38                __aeabi_idiv0
 *(.text*)
 .text.__libc_init_array
                0x08000d3c       0x50 /opt/st/stm32cubeclt_1.21.0/GNU-tools-for-STM32/bin/../lib/gcc/arm-none-eabi/14.3.1/../../../../arm-none-eabi/lib/thumb/v7e-m+fp/hard/libc.a(libc_a-init.o)
                0x08000d3c                __libc_init_array
 .text.__retarget_lock_acquire_recursive
                0x08000d8c        0x4 /opt/st/stm32cubeclt_1.21.0/GNU-tools-for-STM32/bin/../lib/gcc/arm-none-eabi/14.3.1/../../../../arm-none-eabi/lib/thumb/v7e-m+fp/hard/libc.a(libc_a-lock.o)
                0x08000d8c                __retarget_lock_acquire_recursive
 .text.__retarget_lock_release_recursive
                0x08000d90        0x4 /opt/st/stm32cubeclt_1.21.0/GNU-tools-for-STM32/bin/../lib/gcc/arm-none-eabi/14.3.1/../../../../arm-none-eabi/lib/thumb/v7e-m+fp/hard/libc.a(libc_a-lock.o)
                0x08000d90                __retarget_lock_release_recursive
 .text.startup.register_fini
                0x08000d94       0x14 /opt/st/stm32cubeclt_1.21.0/GNU-tools-for-STM32/bin/../lib/gcc/arm-none-eabi/14.3.1/../../../../arm-none-eabi/lib/thumb/v7e-m+fp/hard/libc.a(libc_a-__call_atexit.o)
 .text.atexit   0x08000da8        0xc /opt/st/stm32cubeclt_1.21.0/GNU-tools-for-STM32/bin/../lib/gcc/arm-none-eabi/14.3.1/../../../../arm-none-eabi/lib/thumb/v7e-m+fp/hard/libc.a(libc_a-atexit.o)
                0x08000da8                atexit
 .text.__libc_fini_array
                0x08000db4       0x28 /opt/st/stm32cubeclt_1.21.0/GNU-tools-for-STM32/bin/../lib/gcc/arm-none-eabi/14.3.1/../../../../arm-none-eabi/lib/thumb/v7e-m+fp/hard/libc.a(libc_a-fini.o)
                0x08000db4                __libc_fini_array
 .text.__register_exitproc
                0x08000ddc       0x80 /opt/st/stm32cubeclt_1.21.0/GNU-tools-for-STM32/bin/../lib/gcc/arm-none-eabi/14.3.1/../../../../arm-none-eabi/lib/thumb/v7e-m+fp/hard/libc.a(libc_a-__atexit.o)
                0x08000ddc                __register_exitproc
 .text.ControlDcMotor
                0x08000e5c       0x38 CMakeFiles/ControlDcMotor_With_Encoder.dir/Src/main.c.obj
                0x08000e5c                ControlDcMotor
 .text.main     0x08000e94      0x19c CMakeFiles/ControlDcMotor_With_Encoder.dir/Src/main.c.obj
                0x08000e94                main
 .text.Reset_Handler
                0x08001030       0x50 CMakeFiles/ControlDcMotor_With_Encoder.dir/Src/startup_stm32f401xx.S.obj
                0x08001030                Reset_Handler
 .text.Default_Handler
                0x08001080        0x2 CMakeFiles/ControlDcMotor_With_Encoder.dir/Src/startup_stm32f401xx.S.obj
                0x08001080                DebugMon_Handler
                0x08001080                SPI4_IRQHandler
                0x08001080                TIM1_CC_IRQHandler
                0x08001080                DMA2_Stream5_IRQHandler
                0x08001080                HardFault_Handler
                0x08001080                DMA1_Stream5_IRQHandler
                0x08001080                SDIO_IRQHandler
                0x08001080                TAMP_STAMP_IRQHandler
                0x08001080                PendSV_Handler
                0x08001080                NMI_Handler
                0x08001080                TIM1_UP_TIM10_IRQHandler
                0x08001080                I2C3_ER_IRQHandler
                0x08001080                EXTI18_OTG_FS_WKUP_IRQHandler
                0x08001080                I2C2_EV_IRQHandler
                0x08001080                DMA1_Stream2_IRQHandler
                0x08001080                UsageFault_Handler
                0x08001080                DMA2_Stream2_IRQHandler
                0x08001080                SPI1_IRQHandler
                0x08001080                TIM1_BRK_TIM9_IRQHandler
                0x08001080                DMA2_Stream3_IRQHandler
                0x08001080                USART6_IRQHandler
                0x08001080                DMA2_Stream0_IRQHandler
                0x08001080                TIM4_IRQHandler
                0x08001080                I2C1_EV_IRQHandler
                0x08001080                DMA1_Stream6_IRQHandler
                0x08001080                DMA1_Stream1_IRQHandler
                0x08001080                TIM3_IRQHandler
                0x08001080                RCC_IRQHandler
                0x08001080                Default_Handler
                0x08001080                ADC_IRQHandler
                0x08001080                DMA1_Stream7_IRQHandler
                0x08001080                TIM5_IRQHandler
                0x08001080                DMA2_Stream7_IRQHandler
                0x08001080                I2C3_EV_IRQHandler
                0x08001080                SPI2_IRQHandler
                0x08001080                MemManage_Handler
                0x08001080                DMA1_Stream0_IRQHandler
                0x08001080                SVC_Handler
                0x08001080                EXTI22_RTC_WKUP_IRQHandler
                0x08001080                TIM2_IRQHandler
                0x08001080                EXTI16_PVD_IRQHandler
                0x08001080                TIM1_TRG_COM_TIM11_IRQHandler
                0x08001080                EXTI17_RTC_Alarm_IRQHandler
                0x08001080                USART2_IRQHandler
                0x08001080                I2C2_ER_IRQHandler
                0x08001080                DMA2_Stream1_IRQHandler
                0x08001080                FLASH_IRQHandler
                0x08001080                DMA2_Stream4_IRQHandler
                0x08001080                BusFault_Handler
                0x08001080                USART1_IRQHandler
                0x08001080                OTG_FS_IRQHandler
                0x08001080                SPI3_IRQHandler
                0x08001080                DMA1_Stream4_IRQHandler
                0x08001080                I2C1_ER_IRQHandler
                0x08001080                DMA2_Stream6_IRQHandler
                0x08001080                DMA1_Stream3_IRQHandler
 *fill*         0x08001082        0x2 
 .text.RCC_InitSysClock
                0x08001084       0xec CMakeFiles/ControlDcMotor_With_Encoder.dir/Src/RCC_program.c.obj
                0x08001084                RCC_InitSysClock
 .text.RCC_EnablePeripheralClock
                0x08001170       0xbc CMakeFiles/ControlDcMotor_With_Encoder.dir/Src/RCC_program.c.obj
                0x08001170                RCC_EnablePeripheralClock
 .text.RCC_GetFrequency
                0x0800122c       0xe0 CMakeFiles/ControlDcMotor_With_Encoder.dir/Src/RCC_program.c.obj
                0x0800122c                RCC_GetFrequency
 .text.GPIO_SetPinMode
                0x0800130c      0x154 CMakeFiles/ControlDcMotor_With_Encoder.dir/Src/GPIO_program.c.obj
                0x0800130c                GPIO_SetPinMode
 .text.GPIO_SetPinOutputType
                0x08001460      0x140 CMakeFiles/ControlDcMotor_With_Encoder.dir/Src/GPIO_program.c.obj
                0x08001460                GPIO_SetPinOutputType
 .text.GPIO_SetPinOutputSpeed
                0x080015a0      0x154 CMakeFiles/ControlDcMotor_With_Encoder.dir/Src/GPIO_program.c.obj
                0x080015a0                GPIO_SetPinOutputSpeed
 .text.GPIO_SetPinPullUpDown
                0x080016f4      0x154 CMakeFiles/ControlDcMotor_With_Encoder.dir/Src/GPIO_program.c.obj
                0x080016f4                GPIO_SetPinPullUpDown
 .text.GPIO_GetPinValue
                0x08001848       0xe0 CMakeFiles/ControlDcMotor_With_Encoder.dir/Src/GPIO_program.c.obj
                0x08001848                GPIO_GetPinValue
 .text.GPIO_SetPinValue
                0x08001928      0x194 CMakeFiles/ControlDcMotor_With_Encoder.dir/Src/GPIO_program.c.obj
                0x08001928                GPIO_SetPinValue
 .text.NVIC_EnableIRQ
                0x08001abc       0x88 CMakeFiles/ControlDcMotor_With_Encoder.dir/Src/NVIC_program.c.obj
                0x08001abc                NVIC_EnableIRQ
 .text.STK_voidInit
                0x08001b44       0x68 CMakeFiles/ControlDcMotor_With_Encoder.dir/Src/STK_program.c.obj
                0x08001b44                STK_voidInit
 .text.STK_GetAHBFrequency
                0x08001bac       0x3a CMakeFiles/ControlDcMotor_With_Encoder.dir/Src/STK_program.c.obj
                0x08001bac                STK_GetAHBFrequency
 *fill*         0x08001be6        0x2 
 .text.STK_Millis
                0x08001be8       0x18 CMakeFiles/ControlDcMotor_With_Encoder.dir/Src/STK_program.c.obj
                0x08001be8                STK_Millis
 .text.SysTick_Handler
                0x08001c00       0x74 CMakeFiles/ControlDcMotor_With_Encoder.dir/Src/STK_program.c.obj
                0x08001c00                SysTick_Handler
 .text.EXTI_EnableLine
                0x08001c74       0x40 CMakeFiles/ControlDcMotor_With_Encoder.dir/Src/EXTI_program.c.obj
                0x08001c74                EXTI_EnableLine
 .text.EXTI_SetTrigger
                0x08001cb4       0xd0 CMakeFiles/ControlDcMotor_With_Encoder.dir/Src/EXTI_program.c.obj
                0x08001cb4                EXTI_SetTrigger
 .text.EXTI_SelectPort
                0x08001d84      0x118 CMakeFiles/ControlDcMotor_With_Encoder.dir/Src/EXTI_program.c.obj
                0x08001d84                EXTI_SelectPort
 .text.EXTI_ClearPendingFlag
                0x08001e9c       0x40 CMakeFiles/ControlDcMotor_With_Encoder.dir/Src/EXTI_program.c.obj
                0x08001e9c                EXTI_ClearPendingFlag
 .text.EXTI_SetCallBack
                0x08001edc       0x44 CMakeFiles/ControlDcMotor_With_Encoder.dir/Src/EXTI_program.c.obj
                0x08001edc                EXTI_SetCallBack
 .text.EXTI0_IRQHandler
                0x08001f20       0x20 CMakeFiles/ControlDcMotor_With_Encoder.dir/Src/EXTI_program.c.obj
                0x08001f20                EXTI0_IRQHandler
 .text.EXTI1_IRQHandler
                0x08001f40       0x20 CMakeFiles/ControlDcMotor_With_Encoder.dir/Src/EXTI_program.c.obj
                0x08001f40                EXTI1_IRQHandler
 .text.EXTI2_IRQHandler
                0x08001f60       0x20 CMakeFiles/ControlDcMotor_With_Encoder.dir/Src/EXTI_program.c.obj
                0x08001f60                EXTI2_IRQHandler
 .text.EXTI3_IRQHandler
                0x08001f80       0x20 CMakeFiles/ControlDcMotor_With_Encoder.dir/Src/EXTI_program.c.obj
                0x08001f80                EXTI3_IRQHandler
 .text.EXTI4_IRQHandler
                0x08001fa0       0x20 CMakeFiles/ControlDcMotor_With_Encoder.dir/Src/EXTI_program.c.obj
                0x08001fa0                EXTI4_IRQHandler
 .text.EXTI9_5_IRQHandler
                0x08001fc0       0x5c CMakeFiles/ControlDcMotor_With_Encoder.dir/Src/EXTI_program.c.obj
                0x08001fc0                EXTI9_5_IRQHandler
 .text.EXTI15_10_IRQHandler
                0x0800201c       0x5c CMakeFiles/ControlDcMotor_With_Encoder.dir/Src/EXTI_program.c.obj
                0x0800201c                EXTI15_10_IRQHandler
 *(.glue_7)
 .glue_7        0x08002078        0x0 linker stubs
 *(.glue_7t)
 .glue_7t       0x08002078        0x0 linker stubs
 *(.eh_frame)
 .eh_frame      0x08002078        0x0 /opt/st/stm32cubeclt_1.21.0/GNU-tools-for-STM32/bin/../lib/gcc/arm-none-eabi/14.3.1/thumb/v7e-m+fp/hard/crtbegin.o
 *(.init)
 .init          0x08002078        0x4 /opt/st/stm32cubeclt_1.21.0/GNU-tools-for-STM32/bin/../lib/gcc/arm-none-eabi/14.3.1/thumb/v7e-m+fp/hard/crti.o
                0x08002078                _init
 .init          0x0800207c        0x8 /opt/st/stm32cubeclt_1.21.0/GNU-tools-for-STM32/bin/../lib/gcc/arm-none-eabi/14.3.1/thumb/v7e-m+fp/hard/crtn.o
 *(.fini)
 .fini          0x08002084        0x4 /opt/st/stm32cubeclt_1.21.0/GNU-tools-for-STM32/bin/../lib/gcc/arm-none-eabi/14.3.1/thumb/v7e-m+fp/hard/crti.o
                0x08002084                _fini
 .fini          0x08002088        0x8 /opt/st/stm32cubeclt_1.21.0/GNU-tools-for-STM32/bin/../lib/gcc/arm-none-eabi/14.3.1/thumb/v7e-m+fp/hard/crtn.o
                0x08002090                        . = ALIGN (0x4)
                0x08002090                        _etext = .

.vfp11_veneer   0x08002090        0x0
 .vfp11_veneer  0x08002090        0x0 linker stubs

.v4_bx          0x08002090        0x0
 .v4_bx         0x08002090        0x0 linker stubs

.iplt           0x08002090        0x0
 .iplt          0x08002090        0x0 /opt/st/stm32cubeclt_1.21.0/GNU-tools-for-STM32/bin/../lib/gcc/arm-none-eabi/14.3.1/thumb/v7e-m+fp/hard/crtbegin.o

.rodata         0x08002090        0x0
                0x08002090                        . = ALIGN (0x4)
 *(.rodata)
 *(.rodata*)
                0x08002090                        . = ALIGN (0x4)

.ARM.extab      0x08002090        0x0
                0x08002090                        . = ALIGN (0x4)
 *(.ARM.extab* .gnu.linkonce.armextab.*)
                0x08002090                        . = ALIGN (0x4)

.ARM            0x08002090        0x8
                0x08002090                        . = ALIGN (0x4)
                0x08002090                        __exidx_start = .
 *(.ARM.exidx*)
 .ARM.exidx     0x08002090        0x8 /opt/st/stm32cubeclt_1.21.0/GNU-tools-for-STM32/bin/../lib/gcc/arm-none-eabi/14.3.1/thumb/v7e-m+fp/hard/libgcc.a(_udivmoddi4.o)
                0x08002098                        __exidx_end = .
                0x08002098                        . = ALIGN (0x4)

.preinit_array  0x08002098        0x0
                0x08002098                        . = ALIGN (0x4)
                0x08002098                        PROVIDE (__preinit_array_start = .)
 *(.preinit_array*)
                0x08002098                        PROVIDE (__preinit_array_end = .)
                0x08002098                        . = ALIGN (0x4)

.init_array     0x08002098        0x8
                0x08002098                        . = ALIGN (0x4)
                0x08002098                        PROVIDE (__init_array_start = .)
 *(SORT_BY_NAME(.init_array.*))
 .init_array.00000
                0x08002098        0x4 /opt/st/stm32cubeclt_1.21.0/GNU-tools-for-STM32/bin/../lib/gcc/arm-none-eabi/14.3.1/../../../../arm-none-eabi/lib/thumb/v7e-m+fp/hard/libc.a(libc_a-__call_atexit.o)
 *(.init_array*)
 .init_array    0x0800209c        0x4 /opt/st/stm32cubeclt_1.21.0/GNU-tools-for-STM32/bin/../lib/gcc/arm-none-eabi/14.3.1/thumb/v7e-m+fp/hard/crtbegin.o
                0x080020a0                        PROVIDE (__init_array_end = .)
                0x080020a0                        . = ALIGN (0x4)

.fini_array     0x080020a0        0x4
                0x080020a0                        . = ALIGN (0x4)
                0x080020a0                        PROVIDE (__fini_array_start = .)
 *(SORT_BY_NAME(.fini_array.*))
 *(.fini_array*)
 .fini_array    0x080020a0        0x4 /opt/st/stm32cubeclt_1.21.0/GNU-tools-for-STM32/bin/../lib/gcc/arm-none-eabi/14.3.1/thumb/v7e-m+fp/hard/crtbegin.o
                0x080020a4                        PROVIDE (__fini_array_end = .)
                0x080020a4                        . = ALIGN (0x4)
                0x080020a4                        _sidata = LOADADDR (.data)

.rel.dyn        0x080020a4        0x0
 .rel.iplt      0x080020a4        0x0 /opt/st/stm32cubeclt_1.21.0/GNU-tools-for-STM32/bin/../lib/gcc/arm-none-eabi/14.3.1/thumb/v7e-m+fp/hard/crtbegin.o

.data           0x20000000       0x10 load address 0x080020a4
                0x20000000                        _sdata = .
 *(.data)
 *(.data*)
 .data.__atexit_recursive_mutex
                0x20000000        0x4 /opt/st/stm32cubeclt_1.21.0/GNU-tools-for-STM32/bin/../lib/gcc/arm-none-eabi/14.3.1/../../../../arm-none-eabi/lib/thumb/v7e-m+fp/hard/libc.a(libc_a-__call_atexit.o)
                0x20000000                __atexit_recursive_mutex
 *fill*         0x20000004        0x4 
 .data.INTERVAL
                0x20000008        0x8 CMakeFiles/ControlDcMotor_With_Encoder.dir/Src/main.c.obj
                0x20000008                INTERVAL
 *(.RamFunc)
 *(.RamFunc*)
                0x20000010                        . = ALIGN (0x4)

.igot.plt       0x20000010        0x0 load address 0x080020b4
 .igot.plt      0x20000010        0x0 /opt/st/stm32cubeclt_1.21.0/GNU-tools-for-STM32/bin/../lib/gcc/arm-none-eabi/14.3.1/thumb/v7e-m+fp/hard/crtbegin.o

.tdata          0x20000010        0x0 load address 0x080020b4
 *(.tdata .tdata.* .gnu.linkonce.td.*)
                0x20000010                        . = ALIGN (0x4)
                0x20000010                        _edata = .
                [!provide]                        PROVIDE (__data_end = .)
                [!provide]                        PROVIDE (__tdata_end = .)
                [!provide]                        PROVIDE (__tdata_start = ADDR (.tdata))
                [!provide]                        PROVIDE (__tdata_size = (__tdata_end - __tdata_start))
                [!provide]                        PROVIDE (__data_start = ADDR (.data))
                [!provide]                        PROVIDE (__data_size = (__data_end - __data_start))
                [!provide]                        PROVIDE (__tdata_source = LOADADDR (.tdata))
                [!provide]                        PROVIDE (__tdata_source_end = (LOADADDR (.tdata) + SIZEOF (.tdata)))
                [!provide]                        PROVIDE (__tdata_source_size = (__tdata_source_end - __tdata_source))
                [!provide]                        PROVIDE (__data_source = LOADADDR (.data))
                [!provide]                        PROVIDE (__data_source_end = __tdata_source_end)
                [!provide]                        PROVIDE (__data_source_size = (__data_source_end - __data_source))

.tbss           0x20000010        0x0 load address 0x080020b4
                0x20000010                        _sbss = .
                0x20000010                        __bss_start__ = _sbss
                [!provide]                        PROVIDE (__bss_start = .)
 *(.tbss .tbss.*)
                0x20000010                        . = ALIGN (0x4)
                [!provide]                        PROVIDE (__tbss_end = .)
                [!provide]                        PROVIDE (__tbss_start = ADDR (.tbss))
                [!provide]                        PROVIDE (__tbss_size = (__tbss_end - __tbss_start))
                [!provide]                        PROVIDE (__tbss_offset = (ADDR (.tbss) - ADDR (.tdata)))
                [!provide]                        PROVIDE (__tls_base = __tdata_start)
                [!provide]                        PROVIDE (__tls_end = __tbss_end)
                [!provide]                        PROVIDE (__tls_size = (__tls_end - __tls_base))
                [!provide]                        PROVIDE (__tls_align = MAX (ALIGNOF (.tdata), ALIGNOF (.tbss)))
                [!provide]                        PROVIDE (__tls_size_align = (((__tls_size + __tls_align) - 0x1) & ~ ((__tls_align - 0x1))))
                [!provide]                        PROVIDE (__arm32_tls_tcb_offset = MAX (0x8, __tls_align))
                [!provide]                        PROVIDE (__arm64_tls_tcb_offset = MAX (0x10, __tls_align))

.bss            0x20000010      0x228 load address 0x080020b4
 *(.bss)
 .bss           0x20000010       0x1c /opt/st/stm32cubeclt_1.21.0/GNU-tools-for-STM32/bin/../lib/gcc/arm-none-eabi/14.3.1/thumb/v7e-m+fp/hard/crtbegin.o
 *(.bss*)
 .bss.__lock___atexit_recursive_mutex
                0x2000002c        0x1 /opt/st/stm32cubeclt_1.21.0/GNU-tools-for-STM32/bin/../lib/gcc/arm-none-eabi/14.3.1/../../../../arm-none-eabi/lib/thumb/v7e-m+fp/hard/libc.a(libc_a-lock.o)
                0x2000002c                __lock___atexit_recursive_mutex
 *fill*         0x2000002d        0x3 
 .bss.__atexit  0x20000030        0x4 /opt/st/stm32cubeclt_1.21.0/GNU-tools-for-STM32/bin/../lib/gcc/arm-none-eabi/14.3.1/../../../../arm-none-eabi/lib/thumb/v7e-m+fp/hard/libc.a(libc_a-__call_atexit.o)
                0x20000030                __atexit
 .bss.__atexit0
                0x20000034      0x190 /opt/st/stm32cubeclt_1.21.0/GNU-tools-for-STM32/bin/../lib/gcc/arm-none-eabi/14.3.1/../../../../arm-none-eabi/lib/thumb/v7e-m+fp/hard/libc.a(libc_a-__atexit.o)
                0x20000034                __atexit0
 .bss.PulseCounter
                0x200001c4        0x4 CMakeFiles/ControlDcMotor_With_Encoder.dir/Src/main.c.obj
                0x200001c4                PulseCounter
 .bss.PreviousTime
                0x200001c8        0x8 CMakeFiles/ControlDcMotor_With_Encoder.dir/Src/main.c.obj
                0x200001c8                PreviousTime
 .bss.CurrentTime
                0x200001d0        0x8 CMakeFiles/ControlDcMotor_With_Encoder.dir/Src/main.c.obj
                0x200001d0                CurrentTime
 .bss.RPM       0x200001d8        0x4 CMakeFiles/ControlDcMotor_With_Encoder.dir/Src/main.c.obj
                0x200001d8                RPM
 .bss.flag      0x200001dc        0x1 CMakeFiles/ControlDcMotor_With_Encoder.dir/Src/main.c.obj
                0x200001dc                flag
 *fill*         0x200001dd        0x3 
 .bss.pf_Single
                0x200001e0        0x4 CMakeFiles/ControlDcMotor_With_Encoder.dir/Src/STK_program.c.obj
 .bss.g_u32TargetTime_Single
                0x200001e4        0x4 CMakeFiles/ControlDcMotor_With_Encoder.dir/Src/STK_program.c.obj
 .bss.g_u32MsTicks
                0x200001e8        0x4 CMakeFiles/ControlDcMotor_With_Encoder.dir/Src/STK_program.c.obj
 .bss.pf_Periodic
                0x200001ec        0x4 CMakeFiles/ControlDcMotor_With_Encoder.dir/Src/STK_program.c.obj
 .bss.g_u32Interval_Periodic
                0x200001f0        0x4 CMakeFiles/ControlDcMotor_With_Encoder.dir/Src/STK_program.c.obj
 .bss.g_u32TargetTime_Periodic
                0x200001f4        0x4 CMakeFiles/ControlDcMotor_With_Encoder.dir/Src/STK_program.c.obj
 .bss.EXTI_CallBack
                0x200001f8       0x40 CMakeFiles/ControlDcMotor_With_Encoder.dir/Src/EXTI_program.c.obj
 *(COMMON)
                0x20000238                        . = ALIGN (0x4)
                0x20000238                        _ebss = .
                0x20000238                        __bss_end__ = _ebss
                [!provide]                        PROVIDE (__bss_end = .)
                [!provide]                        PROVIDE (__bss_size = (__bss_end - __bss_start))
                [!provide]                        PROVIDE (__non_tls_bss_start = ADDR (.bss))

._user_heap_stack
                0x20000238      0x600 load address 0x080020b4
                0x20000238                        . = ALIGN (0x8)
                [!provide]                        PROVIDE (end = .)
                0x20000238                        PROVIDE (_end = .)
                0x20000438                        . = (. + _Min_Heap_Size)
 *fill*         0x20000238      0x200 
                0x20000838                        . = (. + _Min_Stack_Size)
 *fill*         0x20000438      0x400 
                0x20000838                        . = ALIGN (0x8)

/DISCARD/
 libc.a:*(*)
 libm.a:*(*)
 libgcc.a:*(*)

.ARM.attributes
                0x00000000       0x30
 *(.ARM.attributes)
 .ARM.attributes
                0x00000000       0x22 /opt/st/stm32cubeclt_1.21.0/GNU-tools-for-STM32/bin/../lib/gcc/arm-none-eabi/14.3.1/thumb/v7e-m+fp/hard/crti.o
 .ARM.attributes
                0x00000022       0x34 /opt/st/stm32cubeclt_1.21.0/GNU-tools-for-STM32/bin/../lib/gcc/arm-none-eabi/14.3.1/thumb/v7e-m+fp/hard/crtbegin.o
 .ARM.attributes
                0x00000056       0x34 /opt/st/stm32cubeclt_1.21.0/GNU-tools-for-STM32/bin/../lib/gcc/arm-none-eabi/14.3.1/../../../../arm-none-eabi/lib/thumb/v7e-m+fp/hard/libc.a(libc_a-init.o)
 .ARM.attributes
                0x0000008a       0x34 /opt/st/stm32cubeclt_1.21.0/GNU-tools-for-STM32/bin/../lib/gcc/arm-none-eabi/14.3.1/../../../../arm-none-eabi/lib/thumb/v7e-m+fp/hard/libc.a(libc_a-lock.o)
 .ARM.attributes
                0x000000be       0x34 /opt/st/stm32cubeclt_1.21.0/GNU-tools-for-STM32/bin/../lib/gcc/arm-none-eabi/14.3.1/../../../../arm-none-eabi/lib/thumb/v7e-m+fp/hard/libc.a(libc_a-__call_atexit.o)
 .ARM.attributes
                0x000000f2       0x34 /opt/st/stm32cubeclt_1.21.0/GNU-tools-for-STM32/bin/../lib/gcc/arm-none-eabi/14.3.1/../../../../arm-none-eabi/lib/thumb/v7e-m+fp/hard/libc.a(libc_a-atexit.o)
 .ARM.attributes
                0x00000126       0x34 /opt/st/stm32cubeclt_1.21.0/GNU-tools-for-STM32/bin/../lib/gcc/arm-none-eabi/14.3.1/../../../../arm-none-eabi/lib/thumb/v7e-m+fp/hard/libc.a(libc_a-fini.o)
 .ARM.attributes
                0x0000015a       0x34 /opt/st/stm32cubeclt_1.21.0/GNU-tools-for-STM32/bin/../lib/gcc/arm-none-eabi/14.3.1/../../../../arm-none-eabi/lib/thumb/v7e-m+fp/hard/libc.a(libc_a-__atexit.o)
 .ARM.attributes
                0x0000018e       0x34 CMakeFiles/ControlDcMotor_With_Encoder.dir/Src/main.c.obj
 .ARM.attributes
                0x000001c2       0x21 CMakeFiles/ControlDcMotor_With_Encoder.dir/Src/startup_stm32f401xx.S.obj
 .ARM.attributes
                0x000001e3       0x34 CMakeFiles/ControlDcMotor_With_Encoder.dir/Src/RCC_program.c.obj
 .ARM.attributes
                0x00000217       0x34 CMakeFiles/ControlDcMotor_With_Encoder.dir/Src/GPIO_program.c.obj
 .ARM.attributes
                0x0000024b       0x34 CMakeFiles/ControlDcMotor_With_Encoder.dir/Src/NVIC_program.c.obj
 .ARM.attributes
                0x0000027f       0x34 CMakeFiles/ControlDcMotor_With_Encoder.dir/Src/STK_program.c.obj
 .ARM.attributes
                0x000002b3       0x34 CMakeFiles/ControlDcMotor_With_Encoder.dir/Src/EXTI_program.c.obj
 .ARM.attributes
                0x000002e7       0x22 /opt/st/stm32cubeclt_1.21.0/GNU-tools-for-STM32/bin/../lib/gcc/arm-none-eabi/14.3.1/thumb/v7e-m+fp/hard/libgcc.a(_arm_addsubdf3.o)
 .ARM.attributes
                0x00000309       0x22 /opt/st/stm32cubeclt_1.21.0/GNU-tools-for-STM32/bin/../lib/gcc/arm-none-eabi/14.3.1/thumb/v7e-m+fp/hard/libgcc.a(_arm_muldivdf3.o)
 .ARM.attributes
                0x0000032b       0x22 /opt/st/stm32cubeclt_1.21.0/GNU-tools-for-STM32/bin/../lib/gcc/arm-none-eabi/14.3.1/thumb/v7e-m+fp/hard/libgcc.a(_arm_truncdfsf2.o)
 .ARM.attributes
                0x0000034d       0x22 /opt/st/stm32cubeclt_1.21.0/GNU-tools-for-STM32/bin/../lib/gcc/arm-none-eabi/14.3.1/thumb/v7e-m+fp/hard/libgcc.a(_aeabi_uldivmod.o)
 .ARM.attributes
                0x0000036f       0x34 /opt/st/stm32cubeclt_1.21.0/GNU-tools-for-STM32/bin/../lib/gcc/arm-none-eabi/14.3.1/thumb/v7e-m+fp/hard/libgcc.a(_udivmoddi4.o)
 .ARM.attributes
                0x000003a3       0x22 /opt/st/stm32cubeclt_1.21.0/GNU-tools-for-STM32/bin/../lib/gcc/arm-none-eabi/14.3.1/thumb/v7e-m+fp/hard/libgcc.a(_dvmd_tls.o)
 .ARM.attributes
                0x000003c5       0x22 /opt/st/stm32cubeclt_1.21.0/GNU-tools-for-STM32/bin/../lib/gcc/arm-none-eabi/14.3.1/thumb/v7e-m+fp/hard/crtn.o
OUTPUT(ControlDcMotor_With_Encoder.elf elf32-littlearm)
LOAD linker stubs

.debug_frame    0x00000000      0x9f0
 .debug_frame   0x00000000       0x2c /opt/st/stm32cubeclt_1.21.0/GNU-tools-for-STM32/bin/../lib/gcc/arm-none-eabi/14.3.1/../../../../arm-none-eabi/lib/thumb/v7e-m+fp/hard/libc.a(libc_a-init.o)
 .debug_frame   0x0000002c       0xb0 /opt/st/stm32cubeclt_1.21.0/GNU-tools-for-STM32/bin/../lib/gcc/arm-none-eabi/14.3.1/../../../../arm-none-eabi/lib/thumb/v7e-m+fp/hard/libc.a(libc_a-lock.o)
 .debug_frame   0x000000dc       0x5c /opt/st/stm32cubeclt_1.21.0/GNU-tools-for-STM32/bin/../lib/gcc/arm-none-eabi/14.3.1/../../../../arm-none-eabi/lib/thumb/v7e-m+fp/hard/libc.a(libc_a-__call_atexit.o)
 .debug_frame   0x00000138       0x20 /opt/st/stm32cubeclt_1.21.0/GNU-tools-for-STM32/bin/../lib/gcc/arm-none-eabi/14.3.1/../../../../arm-none-eabi/lib/thumb/v7e-m+fp/hard/libc.a(libc_a-atexit.o)
 .debug_frame   0x00000158       0x34 /opt/st/stm32cubeclt_1.21.0/GNU-tools-for-STM32/bin/../lib/gcc/arm-none-eabi/14.3.1/../../../../arm-none-eabi/lib/thumb/v7e-m+fp/hard/libc.a(libc_a-fini.o)
 .debug_frame   0x0000018c       0x34 /opt/st/stm32cubeclt_1.21.0/GNU-tools-for-STM32/bin/../lib/gcc/arm-none-eabi/14.3.1/../../../../arm-none-eabi/lib/thumb/v7e-m+fp/hard/libc.a(libc_a-__atexit.o)
 .debug_frame   0x000001c0       0x50 CMakeFiles/ControlDcMotor_With_Encoder.dir/Src/main.c.obj
 .debug_frame   0x00000210       0xd0 CMakeFiles/ControlDcMotor_With_Encoder.dir/Src/RCC_program.c.obj
 .debug_frame   0x000002e0       0xe8 CMakeFiles/ControlDcMotor_With_Encoder.dir/Src/GPIO_program.c.obj
 .debug_frame   0x000003c8      0x130 CMakeFiles/ControlDcMotor_With_Encoder.dir/Src/NVIC_program.c.obj
 .debug_frame   0x000004f8      0x1bc CMakeFiles/ControlDcMotor_With_Encoder.dir/Src/STK_program.c.obj
 .debug_frame   0x000006b4      0x1bc CMakeFiles/ControlDcMotor_With_Encoder.dir/Src/EXTI_program.c.obj
 .debug_frame   0x00000870       0xac /opt/st/stm32cubeclt_1.21.0/GNU-tools-for-STM32/bin/../lib/gcc/arm-none-eabi/14.3.1/thumb/v7e-m+fp/hard/libgcc.a(_arm_addsubdf3.o)
 .debug_frame   0x0000091c       0x50 /opt/st/stm32cubeclt_1.21.0/GNU-tools-for-STM32/bin/../lib/gcc/arm-none-eabi/14.3.1/thumb/v7e-m+fp/hard/libgcc.a(_arm_muldivdf3.o)
 .debug_frame   0x0000096c       0x24 /opt/st/stm32cubeclt_1.21.0/GNU-tools-for-STM32/bin/../lib/gcc/arm-none-eabi/14.3.1/thumb/v7e-m+fp/hard/libgcc.a(_arm_truncdfsf2.o)
 .debug_frame   0x00000990       0x2c /opt/st/stm32cubeclt_1.21.0/GNU-tools-for-STM32/bin/../lib/gcc/arm-none-eabi/14.3.1/thumb/v7e-m+fp/hard/libgcc.a(_aeabi_uldivmod.o)
 .debug_frame   0x000009bc       0x34 /opt/st/stm32cubeclt_1.21.0/GNU-tools-for-STM32/bin/../lib/gcc/arm-none-eabi/14.3.1/thumb/v7e-m+fp/hard/libgcc.a(_udivmoddi4.o)

.debug_info     0x00000000     0x1040
 .debug_info    0x00000000      0x31e CMakeFiles/ControlDcMotor_With_Encoder.dir/Src/main.c.obj
 .debug_info    0x0000031e       0x30 CMakeFiles/ControlDcMotor_With_Encoder.dir/Src/startup_stm32f401xx.S.obj
 .debug_info    0x0000034e      0x1cf CMakeFiles/ControlDcMotor_With_Encoder.dir/Src/RCC_program.c.obj
 .debug_info    0x0000051d      0x27b CMakeFiles/ControlDcMotor_With_Encoder.dir/Src/GPIO_program.c.obj
 .debug_info    0x00000798      0x2aa CMakeFiles/ControlDcMotor_With_Encoder.dir/Src/NVIC_program.c.obj
 .debug_info    0x00000a42      0x319 CMakeFiles/ControlDcMotor_With_Encoder.dir/Src/STK_program.c.obj
 .debug_info    0x00000d5b      0x2e5 CMakeFiles/ControlDcMotor_With_Encoder.dir/Src/EXTI_program.c.obj

.debug_abbrev   0x00000000      0x618
 .debug_abbrev  0x00000000      0x106 CMakeFiles/ControlDcMotor_With_Encoder.dir/Src/main.c.obj
 .debug_abbrev  0x00000106       0x24 CMakeFiles/ControlDcMotor_With_Encoder.dir/Src/startup_stm32f401xx.S.obj
 .debug_abbrev  0x0000012a       0xb8 CMakeFiles/ControlDcMotor_With_Encoder.dir/Src/RCC_program.c.obj
 .debug_abbrev  0x000001e2       0xb4 CMakeFiles/ControlDcMotor_With_Encoder.dir/Src/GPIO_program.c.obj
 .debug_abbrev  0x00000296       0xb2 CMakeFiles/ControlDcMotor_With_Encoder.dir/Src/NVIC_program.c.obj
 .debug_abbrev  0x00000348      0x1b0 CMakeFiles/ControlDcMotor_With_Encoder.dir/Src/STK_program.c.obj
 .debug_abbrev  0x000004f8      0x120 CMakeFiles/ControlDcMotor_With_Encoder.dir/Src/EXTI_program.c.obj

.debug_aranges  0x00000000      0x230
 .debug_aranges
                0x00000000       0x28 CMakeFiles/ControlDcMotor_With_Encoder.dir/Src/main.c.obj
 .debug_aranges
                0x00000028       0x28 CMakeFiles/ControlDcMotor_With_Encoder.dir/Src/startup_stm32f401xx.S.obj
 .debug_aranges
                0x00000050       0x40 CMakeFiles/ControlDcMotor_With_Encoder.dir/Src/RCC_program.c.obj
 .debug_aranges
                0x00000090       0x48 CMakeFiles/ControlDcMotor_With_Encoder.dir/Src/GPIO_program.c.obj
 .debug_aranges
                0x000000d8       0x58 CMakeFiles/ControlDcMotor_With_Encoder.dir/Src/NVIC_program.c.obj
 .debug_aranges
                0x00000130       0x80 CMakeFiles/ControlDcMotor_With_Encoder.dir/Src/STK_program.c.obj
 .debug_aranges
                0x000001b0       0x80 CMakeFiles/ControlDcMotor_With_Encoder.dir/Src/EXTI_program.c.obj

.debug_rnglists
                0x00000000      0x194
 .debug_rnglists
                0x00000000       0x1a CMakeFiles/ControlDcMotor_With_Encoder.dir/Src/main.c.obj
 .debug_rnglists
                0x0000001a       0x19 CMakeFiles/ControlDcMotor_With_Encoder.dir/Src/startup_stm32f401xx.S.obj
 .debug_rnglists
                0x00000033       0x2f CMakeFiles/ControlDcMotor_With_Encoder.dir/Src/RCC_program.c.obj
 .debug_rnglists
                0x00000062       0x37 CMakeFiles/ControlDcMotor_With_Encoder.dir/Src/GPIO_program.c.obj
 .debug_rnglists
                0x00000099       0x43 CMakeFiles/ControlDcMotor_With_Encoder.dir/Src/NVIC_program.c.obj
 .debug_rnglists
                0x000000dc       0x5b CMakeFiles/ControlDcMotor_With_Encoder.dir/Src/STK_program.c.obj
 .debug_rnglists
                0x00000137       0x5d CMakeFiles/ControlDcMotor_With_Encoder.dir/Src/EXTI_program.c.obj

.debug_macro    0x00000000      0x9fb
 .debug_macro   0x00000000       0xea CMakeFiles/ControlDcMotor_With_Encoder.dir/Src/main.c.obj
 .debug_macro   0x000000ea       0x8e CMakeFiles/ControlDcMotor_With_Encoder.dir/Src/main.c.obj
 .debug_macro   0x00000178       0x51 CMakeFiles/ControlDcMotor_With_Encoder.dir/Src/main.c.obj
 .debug_macro   0x000001c9       0x22 CMakeFiles/ControlDcMotor_With_Encoder.dir/Src/main.c.obj
 .debug_macro   0x000001eb       0x1c CMakeFiles/ControlDcMotor_With_Encoder.dir/Src/main.c.obj
 .debug_macro   0x00000207      0x200 CMakeFiles/ControlDcMotor_With_Encoder.dir/Src/main.c.obj
 .debug_macro   0x00000407       0x34 CMakeFiles/ControlDcMotor_With_Encoder.dir/Src/main.c.obj
 .debug_macro   0x0000043b       0x1c CMakeFiles/ControlDcMotor_With_Encoder.dir/Src/main.c.obj
 .debug_macro   0x00000457      0x23d CMakeFiles/ControlDcMotor_With_Encoder.dir/Src/main.c.obj
 .debug_macro   0x00000694       0x9a CMakeFiles/ControlDcMotor_With_Encoder.dir/Src/main.c.obj
 .debug_macro   0x0000072e       0x1c CMakeFiles/ControlDcMotor_With_Encoder.dir/Src/main.c.obj
 .debug_macro   0x0000074a       0xa6 CMakeFiles/ControlDcMotor_With_Encoder.dir/Src/main.c.obj
 .debug_macro   0x000007f0       0x50 CMakeFiles/ControlDcMotor_With_Encoder.dir/Src/RCC_program.c.obj
 .debug_macro   0x00000840       0x4c CMakeFiles/ControlDcMotor_With_Encoder.dir/Src/GPIO_program.c.obj
 .debug_macro   0x0000088c       0x4b CMakeFiles/ControlDcMotor_With_Encoder.dir/Src/NVIC_program.c.obj
 .debug_macro   0x000008d7       0x16 CMakeFiles/ControlDcMotor_With_Encoder.dir/Src/NVIC_program.c.obj
 .debug_macro   0x000008ed       0x64 CMakeFiles/ControlDcMotor_With_Encoder.dir/Src/STK_program.c.obj
 .debug_macro   0x00000951       0x4c CMakeFiles/ControlDcMotor_With_Encoder.dir/Src/STK_program.c.obj
 .debug_macro   0x0000099d       0x16 CMakeFiles/ControlDcMotor_With_Encoder.dir/Src/STK_program.c.obj
 .debug_macro   0x000009b3       0x48 CMakeFiles/ControlDcMotor_With_Encoder.dir/Src/EXTI_program.c.obj

.debug_line     0x00000000     0x1a4e
 .debug_line    0x00000000      0x444 CMakeFiles/ControlDcMotor_With_Encoder.dir/Src/main.c.obj
 .debug_line    0x00000444       0x7b CMakeFiles/ControlDcMotor_With_Encoder.dir/Src/startup_stm32f401xx.S.obj
 .debug_line    0x000004bf      0x331 CMakeFiles/ControlDcMotor_With_Encoder.dir/Src/RCC_program.c.obj
 .debug_line    0x000007f0      0x656 CMakeFiles/ControlDcMotor_With_Encoder.dir/Src/GPIO_program.c.obj
 .debug_line    0x00000e46      0x3e7 CMakeFiles/ControlDcMotor_With_Encoder.dir/Src/NVIC_program.c.obj
 .debug_line    0x0000122d      0x3e2 CMakeFiles/ControlDcMotor_With_Encoder.dir/Src/STK_program.c.obj
 .debug_line    0x0000160f      0x43f CMakeFiles/ControlDcMotor_With_Encoder.dir/Src/EXTI_program.c.obj

.debug_str      0x00000000     0x69d2
 .debug_str     0x00000000     0x69d2 CMakeFiles/ControlDcMotor_With_Encoder.dir/Src/main.c.obj
                               0x60ea (size before relaxing)
 .debug_str     0x000069d2      0x146 CMakeFiles/ControlDcMotor_With_Encoder.dir/Src/startup_stm32f401xx.S.obj
 .debug_str     0x000069d2     0x3b23 CMakeFiles/ControlDcMotor_With_Encoder.dir/Src/RCC_program.c.obj
 .debug_str     0x000069d2     0x4090 CMakeFiles/ControlDcMotor_With_Encoder.dir/Src/GPIO_program.c.obj
 .debug_str     0x000069d2     0x36fe CMakeFiles/ControlDcMotor_With_Encoder.dir/Src/NVIC_program.c.obj
 .debug_str     0x000069d2     0x3da5 CMakeFiles/ControlDcMotor_With_Encoder.dir/Src/STK_program.c.obj
 .debug_str     0x000069d2     0x43ce CMakeFiles/ControlDcMotor_With_Encoder.dir/Src/EXTI_program.c.obj

.comment        0x00000000       0x43
 .comment       0x00000000       0x43 CMakeFiles/ControlDcMotor_With_Encoder.dir/Src/main.c.obj
                                 0x44 (size before relaxing)
 .comment       0x00000043       0x44 CMakeFiles/ControlDcMotor_With_Encoder.dir/Src/RCC_program.c.obj
 .comment       0x00000043       0x44 CMakeFiles/ControlDcMotor_With_Encoder.dir/Src/GPIO_program.c.obj
 .comment       0x00000043       0x44 CMakeFiles/ControlDcMotor_With_Encoder.dir/Src/NVIC_program.c.obj
 .comment       0x00000043       0x44 CMakeFiles/ControlDcMotor_With_Encoder.dir/Src/STK_program.c.obj
 .comment       0x00000043       0x44 CMakeFiles/ControlDcMotor_With_Encoder.dir/Src/EXTI_program.c.obj

.debug_line_str
                0x00000000      0x12a
 .debug_line_str
                0x00000000      0x12a CMakeFiles/ControlDcMotor_With_Encoder.dir/Src/startup_stm32f401xx.S.obj
