22:07:13 **** Incremental Build of configuration Debug for project RCC ****
make -j16 all 
arm-none-eabi-gcc "../Core/Src/main.c" -mcpu=cortex-m4 -std=gnu11 -g3 -DDEBUG -DUSE_HAL_DRIVER -DSTM32F401xC -c -I../Core/Inc -I"C:/Users/khale/Microcontroller-Architecture-and-Interfacing-with-ARM-Cortex/Workspace/RCC/RCC/LIB" -I../Drivers/STM32F4xx_HAL_Driver/Inc -I../Drivers/STM32F4xx_HAL_Driver/Inc/Legacy -I../Drivers/CMSIS/Device/ST/STM32F4xx/Include -I../Drivers/CMSIS/Include -O0 -ffunction-sections -fdata-sections -Wall -fstack-usage -fcyclomatic-complexity -MMD -MP -MF"Core/Src/main.d" -MT"Core/Src/main.o" --specs=nano.specs -mfpu=fpv4-sp-d16 -mfloat-abi=hard -mthumb -o "Core/Src/main.o"
arm-none-eabi-gcc "../Core/MCAl/RCC/RCC_program.c" -mcpu=cortex-m4 -std=gnu11 -g3 -DDEBUG -DUSE_HAL_DRIVER -DSTM32F401xC -c -I../Core/Inc -I"C:/Users/khale/Microcontroller-Architecture-and-Interfacing-with-ARM-Cortex/Workspace/RCC/RCC/LIB" -I../Drivers/STM32F4xx_HAL_Driver/Inc -I../Drivers/STM32F4xx_HAL_Driver/Inc/Legacy -I../Drivers/CMSIS/Device/ST/STM32F4xx/Include -I../Drivers/CMSIS/Include -O0 -ffunction-sections -fdata-sections -Wall -fstack-usage -fcyclomatic-complexity -MMD -MP -MF"Core/MCAl/RCC/RCC_program.d" -MT"Core/MCAl/RCC/RCC_program.o" --specs=nano.specs -mfpu=fpv4-sp-d16 -mfloat-abi=hard -mthumb -o "Core/MCAl/RCC/RCC_program.o"
../Core/MCAl/RCC/RCC_program.c:21:13: warning: 'RCC_EnableHSE' defined but not used [-Wunused-function]
   21 | static void RCC_EnableHSE(void)
      |             ^~~~~~~~~~~~~
arm-none-eabi-gcc -o "RCC.elf" @"objects.list"   -mcpu=cortex-m4 -T"C:\Users\khale\Microcontroller-Architecture-and-Interfacing-with-ARM-Cortex\Workspace\RCC\RCC\STM32F401RCTX_FLASH.ld" --specs=nosys.specs -Wl,-Map="RCC.map" -Wl,--gc-sections -static --specs=nano.specs -mfpu=fpv4-sp-d16 -mfloat-abi=hard -mthumb -Wl,--start-group -lc -lm -Wl,--end-group
Finished building target: RCC.elf
 
arm-none-eabi-size  RCC.elf 
arm-none-eabi-objdump -h -S RCC.elf  > "RCC.list"
   text	   data	    bss	    dec	    hex	filename
   1256	      4	   1572	   2832	    b10	RCC.elf
Finished building: default.size.stdout
 
Finished building: RCC.list
 
22:08:55 **** Incremental Build of configuration Debug for project RCC ****
make -j16 all 
arm-none-eabi-gcc "../Core/Src/main.c" -mcpu=cortex-m4 -std=gnu11 -g3 -DDEBUG -DUSE_HAL_DRIVER -DSTM32F401xC -c -I../Core/Inc -I"C:/Users/khale/Microcontroller-Architecture-and-Interfacing-with-ARM-Cortex/Workspace/RCC/RCC/LIB" -I../Drivers/STM32F4xx_HAL_Driver/Inc -I../Drivers/STM32F4xx_HAL_Driver/Inc/Legacy -I../Drivers/CMSIS/Device/ST/STM32F4xx/Include -I../Drivers/CMSIS/Include -O0 -ffunction-sections -fdata-sections -Wall -fstack-usage -fcyclomatic-complexity -MMD -MP -MF"Core/Src/main.d" -MT"Core/Src/main.o" --specs=nano.specs -mfpu=fpv4-sp-d16 -mfloat-abi=hard -mthumb -o "Core/Src/main.o"
arm-none-eabi-gcc "../Core/MCAl/RCC/RCC_program.c" -mcpu=cortex-m4 -std=gnu11 -g3 -DDEBUG -DUSE_HAL_DRIVER -DSTM32F401xC -c -I../Core/Inc -I"C:/Users/khale/Microcontroller-Architecture-and-Interfacing-with-ARM-Cortex/Workspace/RCC/RCC/LIB" -I../Drivers/STM32F4xx_HAL_Driver/Inc -I../Drivers/STM32F4xx_HAL_Driver/Inc/Legacy -I../Drivers/CMSIS/Device/ST/STM32F4xx/Include -I../Drivers/CMSIS/Include -O0 -ffunction-sections -fdata-sections -Wall -fstack-usage -fcyclomatic-complexity -MMD -MP -MF"Core/MCAl/RCC/RCC_program.d" -MT"Core/MCAl/RCC/RCC_program.o" --specs=nano.specs -mfpu=fpv4-sp-d16 -mfloat-abi=hard -mthumb -o "Core/MCAl/RCC/RCC_program.o"
../Core/MCAl/RCC/RCC_program.c:21:13: warning: 'RCC_EnableHSE' defined but not used [-Wunused-function]
   21 | static void RCC_EnableHSE(void)
      |             ^~~~~~~~~~~~~
arm-none-eabi-gcc -o "RCC.elf" @"objects.list"   -mcpu=cortex-m4 -T"C:\Users\khale\Microcontroller-Architecture-and-Interfacing-with-ARM-Cortex\Workspace\RCC\RCC\STM32F401RCTX_FLASH.ld" --specs=nosys.specs -Wl,-Map="RCC.map" -Wl,--gc-sections -static --specs=nano.specs -mfpu=fpv4-sp-d16 -mfloat-abi=hard -mthumb -Wl,--start-group -lc -lm -Wl,--end-group
Finished building target: RCC.elf
 
arm-none-eabi-size  RCC.elf 
arm-none-eabi-objdump -h -S RCC.elf  > "RCC.list"
   text	   data	    bss	    dec	    hex	filename
   1256	      4	   1572	   2832	    b10	RCC.elf
Finished building: default.size.stdout
 
Finished building: RCC.list
 
22:09:21 **** Incremental Build of configuration Debug for project RCC ****
make -j16 all 
arm-none-eabi-size  RCC.elf 
   text	   data	    bss	    dec	    hex	filename
   1256	      4	   1572	   2832	    b10	RCC.elf
Finished building: default.size.stdout
 
22:13:18 **** Incremental Build of configuration Debug for project RCC ****
make -j16 all 
arm-none-eabi-gcc "../Core/Src/main.c" -mcpu=cortex-m4 -std=gnu11 -g3 -DDEBUG -DUSE_HAL_DRIVER -DSTM32F401xC -c -I../Core/Inc -I"C:/Users/khale/Microcontroller-Architecture-and-Interfacing-with-ARM-Cortex/Workspace/RCC/RCC/LIB" -I../Drivers/STM32F4xx_HAL_Driver/Inc -I../Drivers/STM32F4xx_HAL_Driver/Inc/Legacy -I../Drivers/CMSIS/Device/ST/STM32F4xx/Include -I../Drivers/CMSIS/Include -O0 -ffunction-sections -fdata-sections -Wall -fstack-usage -fcyclomatic-complexity -MMD -MP -MF"Core/Src/main.d" -MT"Core/Src/main.o" --specs=nano.specs -mfpu=fpv4-sp-d16 -mfloat-abi=hard -mthumb -o "Core/Src/main.o"
arm-none-eabi-gcc "../Core/MCAl/RCC/RCC_program.c" -mcpu=cortex-m4 -std=gnu11 -g3 -DDEBUG -DUSE_HAL_DRIVER -DSTM32F401xC -c -I../Core/Inc -I"C:/Users/khale/Microcontroller-Architecture-and-Interfacing-with-ARM-Cortex/Workspace/RCC/RCC/LIB" -I../Drivers/STM32F4xx_HAL_Driver/Inc -I../Drivers/STM32F4xx_HAL_Driver/Inc/Legacy -I../Drivers/CMSIS/Device/ST/STM32F4xx/Include -I../Drivers/CMSIS/Include -O0 -ffunction-sections -fdata-sections -Wall -fstack-usage -fcyclomatic-complexity -MMD -MP -MF"Core/MCAl/RCC/RCC_program.d" -MT"Core/MCAl/RCC/RCC_program.o" --specs=nano.specs -mfpu=fpv4-sp-d16 -mfloat-abi=hard -mthumb -o "Core/MCAl/RCC/RCC_program.o"
../Core/MCAl/RCC/RCC_program.c:21:13: warning: 'RCC_EnableHSE' defined but not used [-Wunused-function]
   21 | static void RCC_EnableHSE(void)
      |             ^~~~~~~~~~~~~
arm-none-eabi-gcc -o "RCC.elf" @"objects.list"   -mcpu=cortex-m4 -T"C:\Users\khale\Microcontroller-Architecture-and-Interfacing-with-ARM-Cortex\Workspace\RCC\RCC\STM32F401RCTX_FLASH.ld" --specs=nosys.specs -Wl,-Map="RCC.map" -Wl,--gc-sections -static --specs=nano.specs -mfpu=fpv4-sp-d16 -mfloat-abi=hard -mthumb -Wl,--start-group -lc -lm -Wl,--end-group
Finished building target: RCC.elf
 
arm-none-eabi-size  RCC.elf 
arm-none-eabi-objdump -h -S RCC.elf  > "RCC.list"
   text	   data	    bss	    dec	    hex	filename
   1272	      4	   1572	   2848	    b20	RCC.elf
Finished building: default.size.stdout
 
Finished building: RCC.list
 
22:14:04 **** Incremental Build of configuration Debug for project RCC ****
make -j16 all 
arm-none-eabi-size  RCC.elf 
   text	   data	    bss	    dec	    hex	filename
   1272	      4	   1572	   2848	    b20	RCC.elf
Finished building: default.size.stdout
 
