Archive member included to satisfy reference by file (symbol)

/opt/st/stm32cubeclt_1.21.0/GNU-tools-for-STM32/bin/../lib/gcc/arm-none-eabi/14.3.1/../../../../arm-none-eabi/lib/thumb/v7e-m+fp/hard/libc.a(libc_a-exit.o)
                              /opt/st/stm32cubeclt_1.21.0/GNU-tools-for-STM32/bin/../lib/gcc/arm-none-eabi/14.3.1/../../../../arm-none-eabi/lib/thumb/v7e-m+fp/hard/crt0.o (exit)
/opt/st/stm32cubeclt_1.21.0/GNU-tools-for-STM32/bin/../lib/gcc/arm-none-eabi/14.3.1/../../../../arm-none-eabi/lib/thumb/v7e-m+fp/hard/libc.a(libc_a-findfp.o)
                              /opt/st/stm32cubeclt_1.21.0/GNU-tools-for-STM32/bin/../lib/gcc/arm-none-eabi/14.3.1/../../../../arm-none-eabi/lib/thumb/v7e-m+fp/hard/libc.a(libc_a-exit.o) (__stdio_exit_handler)
/opt/st/stm32cubeclt_1.21.0/GNU-tools-for-STM32/bin/../lib/gcc/arm-none-eabi/14.3.1/../../../../arm-none-eabi/lib/thumb/v7e-m+fp/hard/libc.a(libc_a-fwalk.o)
                              /opt/st/stm32cubeclt_1.21.0/GNU-tools-for-STM32/bin/../lib/gcc/arm-none-eabi/14.3.1/../../../../arm-none-eabi/lib/thumb/v7e-m+fp/hard/libc.a(libc_a-findfp.o) (_fwalk_sglue)
/opt/st/stm32cubeclt_1.21.0/GNU-tools-for-STM32/bin/../lib/gcc/arm-none-eabi/14.3.1/../../../../arm-none-eabi/lib/thumb/v7e-m+fp/hard/libc.a(libc_a-stdio.o)
                              /opt/st/stm32cubeclt_1.21.0/GNU-tools-for-STM32/bin/../lib/gcc/arm-none-eabi/14.3.1/../../../../arm-none-eabi/lib/thumb/v7e-m+fp/hard/libc.a(libc_a-findfp.o) (__sread)
/opt/st/stm32cubeclt_1.21.0/GNU-tools-for-STM32/bin/../lib/gcc/arm-none-eabi/14.3.1/../../../../arm-none-eabi/lib/thumb/v7e-m+fp/hard/libc.a(libc_a-memset.o)
                              /opt/st/stm32cubeclt_1.21.0/GNU-tools-for-STM32/bin/../lib/gcc/arm-none-eabi/14.3.1/../../../../arm-none-eabi/lib/thumb/v7e-m+fp/hard/crt0.o (memset)
/opt/st/stm32cubeclt_1.21.0/GNU-tools-for-STM32/bin/../lib/gcc/arm-none-eabi/14.3.1/../../../../arm-none-eabi/lib/thumb/v7e-m+fp/hard/libc.a(libc_a-closer.o)
                              /opt/st/stm32cubeclt_1.21.0/GNU-tools-for-STM32/bin/../lib/gcc/arm-none-eabi/14.3.1/../../../../arm-none-eabi/lib/thumb/v7e-m+fp/hard/libc.a(libc_a-stdio.o) (_close_r)
/opt/st/stm32cubeclt_1.21.0/GNU-tools-for-STM32/bin/../lib/gcc/arm-none-eabi/14.3.1/../../../../arm-none-eabi/lib/thumb/v7e-m+fp/hard/libc.a(libc_a-reent.o)
                              /opt/st/stm32cubeclt_1.21.0/GNU-tools-for-STM32/bin/../lib/gcc/arm-none-eabi/14.3.1/../../../../arm-none-eabi/lib/thumb/v7e-m+fp/hard/libc.a(libc_a-closer.o) (errno)
/opt/st/stm32cubeclt_1.21.0/GNU-tools-for-STM32/bin/../lib/gcc/arm-none-eabi/14.3.1/../../../../arm-none-eabi/lib/thumb/v7e-m+fp/hard/libc.a(libc_a-impure.o)
                              /opt/st/stm32cubeclt_1.21.0/GNU-tools-for-STM32/bin/../lib/gcc/arm-none-eabi/14.3.1/../../../../arm-none-eabi/lib/thumb/v7e-m+fp/hard/libc.a(libc_a-reent.o) (_impure_ptr)
/opt/st/stm32cubeclt_1.21.0/GNU-tools-for-STM32/bin/../lib/gcc/arm-none-eabi/14.3.1/../../../../arm-none-eabi/lib/thumb/v7e-m+fp/hard/libc.a(libc_a-lseekr.o)
                              /opt/st/stm32cubeclt_1.21.0/GNU-tools-for-STM32/bin/../lib/gcc/arm-none-eabi/14.3.1/../../../../arm-none-eabi/lib/thumb/v7e-m+fp/hard/libc.a(libc_a-stdio.o) (_lseek_r)
/opt/st/stm32cubeclt_1.21.0/GNU-tools-for-STM32/bin/../lib/gcc/arm-none-eabi/14.3.1/../../../../arm-none-eabi/lib/thumb/v7e-m+fp/hard/libc.a(libc_a-readr.o)
                              /opt/st/stm32cubeclt_1.21.0/GNU-tools-for-STM32/bin/../lib/gcc/arm-none-eabi/14.3.1/../../../../arm-none-eabi/lib/thumb/v7e-m+fp/hard/libc.a(libc_a-stdio.o) (_read_r)
/opt/st/stm32cubeclt_1.21.0/GNU-tools-for-STM32/bin/../lib/gcc/arm-none-eabi/14.3.1/../../../../arm-none-eabi/lib/thumb/v7e-m+fp/hard/libc.a(libc_a-writer.o)
                              /opt/st/stm32cubeclt_1.21.0/GNU-tools-for-STM32/bin/../lib/gcc/arm-none-eabi/14.3.1/../../../../arm-none-eabi/lib/thumb/v7e-m+fp/hard/libc.a(libc_a-stdio.o) (_write_r)
/opt/st/stm32cubeclt_1.21.0/GNU-tools-for-STM32/bin/../lib/gcc/arm-none-eabi/14.3.1/../../../../arm-none-eabi/lib/thumb/v7e-m+fp/hard/libc.a(libc_a-init.o)
                              /opt/st/stm32cubeclt_1.21.0/GNU-tools-for-STM32/bin/../lib/gcc/arm-none-eabi/14.3.1/../../../../arm-none-eabi/lib/thumb/v7e-m+fp/hard/crt0.o (__libc_init_array)
/opt/st/stm32cubeclt_1.21.0/GNU-tools-for-STM32/bin/../lib/gcc/arm-none-eabi/14.3.1/../../../../arm-none-eabi/lib/thumb/v7e-m+fp/hard/libc.a(libc_a-lock.o)
                              /opt/st/stm32cubeclt_1.21.0/GNU-tools-for-STM32/bin/../lib/gcc/arm-none-eabi/14.3.1/../../../../arm-none-eabi/lib/thumb/v7e-m+fp/hard/libc.a(libc_a-findfp.o) (__retarget_lock_init_recursive)
/opt/st/stm32cubeclt_1.21.0/GNU-tools-for-STM32/bin/../lib/gcc/arm-none-eabi/14.3.1/../../../../arm-none-eabi/lib/thumb/v7e-m+fp/hard/libc.a(libc_a-__call_atexit.o)
[...]
Memory Configuration

Name             Origin             Length             Attributes
RAM              0x20000000         0x00010000         xrw
FLASH            0x08000000         0x00040000         xr
*default*        0x00000000         0xffffffff

Linker script and memory map

LOAD /opt/st/stm32cubeclt_1.21.0/GNU-tools-for-STM32/bin/../lib/gcc/arm-none-eabi/14.3.1/thumb/v7e-m+fp/hard/crti.o
LOAD /opt/st/stm32cubeclt_1.21.0/GNU-tools-for-STM32/bin/../lib/gcc/arm-none-eabi/14.3.1/thumb/v7e-m+fp/hard/crtbegin.o
LOAD /opt/st/stm32cubeclt_1.21.0/GNU-tools-for-STM32/bin/../lib/gcc/arm-none-eabi/14.3.1/../../../../arm-none-eabi/lib/thumb/v7e-m+fp/hard/crt0.o
START GROUP
LOAD /opt/st/stm32cubeclt_1.21.0/GNU-tools-for-STM32/bin/../lib/gcc/arm-none-eabi/14.3.1/../../../../arm-none-eabi/lib/thumb/v7e-m+fp/hard/libc.a
LOAD /opt/st/stm32cubeclt_1.21.0/GNU-tools-for-STM32/bin/../lib/gcc/arm-none-eabi/14.3.1/../../../../arm-none-eabi/lib/thumb/v7e-m+fp/hard/libm.a
LOAD /opt/st/stm32cubeclt_1.21.0/GNU-tools-for-STM32/bin/../lib/gcc/arm-none-eabi/14.3.1/../../../../arm-none-eabi/lib/thumb/v7e-m+fp/hard/libstdc++.a
LOAD /opt/st/stm32cubeclt_1.21.0/GNU-tools-for-STM32/bin/../lib/gcc/arm-none-eabi/14.3.1/../../../../arm-none-eabi/lib/thumb/v7e-m+fp/hard/libsupc++.a
END GROUP
LOAD CMakeFiles/TIM_test.dir/Src/syscall.c.obj
LOAD CMakeFiles/TIM_test.dir/Src/sysmem.c.obj
LOAD CMakeFiles/TIM_test.dir/Src/main.c.obj
LOAD CMakeFiles/TIM_test.dir/Src/startup_stm32f401xx.S.obj
LOAD CMakeFiles/TIM_test.dir/Src/TIM_program.c.obj
LOAD CMakeFiles/TIM_test.dir/Src/RCC_program.c.obj
LOAD CMakeFiles/TIM_test.dir/Src/GPIO_program.c.obj
START GROUP
LOAD /opt/st/stm32cubeclt_1.21.0/GNU-tools-for-STM32/bin/../lib/gcc/arm-none-eabi/14.3.1/thumb/v7e-m+fp/hard/libgcc.a
LOAD /opt/st/stm32cubeclt_1.21.0/GNU-tools-for-STM32/bin/../lib/gcc/arm-none-eabi/14.3.1/../../../../arm-none-eabi/lib/thumb/v7e-m+fp/hard/libc.a
END GROUP
START GROUP
LOAD /opt/st/stm32cubeclt_1.21.0/GNU-tools-for-STM32/bin/../lib/gcc/arm-none-eabi/14.3.1/thumb/v7e-m+fp/hard/libgcc.a
LOAD /opt/st/stm32cubeclt_1.21.0/GNU-tools-for-STM32/bin/../lib/gcc/arm-none-eabi/14.3.1/../../../../arm-none-eabi/lib/thumb/v7e-m+fp/hard/libc.a
LOAD /opt/st/stm32cubeclt_1.21.0/GNU-tools-for-STM32/bin/../lib/gcc/arm-none-eabi/14.3.1/../../../../arm-none-eabi/lib/thumb/v7e-m+fp/hard/libnosys.a
END GROUP
LOAD /opt/st/stm32cubeclt_1.21.0/GNU-tools-for-STM32/bin/../lib/gcc/arm-none-eabi/14.3.1/thumb/v7e-m+fp/hard/crtend.o
LOAD /opt/st/stm32cubeclt_1.21.0/GNU-tools-for-STM32/bin/../lib/gcc/arm-none-eabi/14.3.1/thumb/v7e-m+fp/hard/crtn.o
                0x20010000                        _estack = (ORIGIN (RAM) + LENGTH (RAM))
                0x00000200                        _Min_Heap_Size = 0x200
                0x00000400                        _Min_Stack_Size = 0x400

.isr_vector     0x08000000      0x194
                0x08000000                        . = ALIGN (0x4)
 *(.isr_vector)
 .isr_vector    0x08000000      0x194 CMakeFiles/TIM_test.dir/Src/startup_stm32f401xx.S.obj
                0x08000000                g_pfnVectors
                0x08000194                        . = ALIGN (0x4)

.text           0x08000194      0xda0
                0x08000194                        . = ALIGN (0x4)
 *(.text)
 .text          0x08000194       0x40 /opt/st/stm32cubeclt_1.21.0/GNU-tools-for-STM32/bin/../lib/gcc/arm-none-eabi/14.3.1/thumb/v7e-m+fp/hard/crtbegin.o
 *(.text*)
 .text.__libc_init_array
                0x080001d4       0x50 /opt/st/stm32cubeclt_1.21.0/GNU-tools-for-STM32/bin/../lib/gcc/arm-none-eabi/14.3.1/../../../../arm-none-eabi/lib/thumb/v7e-m+fp/hard/libc.a(libc_a-init.o)
                0x080001d4                __libc_init_array
 .text.__retarget_lock_acquire_recursive
                0x08000224        0x4 /opt/st/stm32cubeclt_1.21.0/GNU-tools-for-STM32/bin/../lib/gcc/arm-none-eabi/14.3.1/../../../../arm-none-eabi/lib/thumb/v7e-m+fp/hard/libc.a(libc_a-lock.o)
                0x08000224                __retarget_lock_acquire_recursive
 .text.__retarget_lock_release_recursive
                0x08000228        0x4 /opt/st/stm32cubeclt_1.21.0/GNU-tools-for-STM32/bin/../lib/gcc/arm-none-eabi/14.3.1/../../../../arm-none-eabi/lib/thumb/v7e-m+fp/hard/libc.a(libc_a-lock.o)
                0x08000228                __retarget_lock_release_recursive
 .text.startup.register_fini
                0x0800022c       0x14 /opt/st/stm32cubeclt_1.21.0/GNU-tools-for-STM32/bin/../lib/gcc/arm-none-eabi/14.3.1/../../../../arm-none-eabi/lib/thumb/v7e-m+fp/hard/libc.a(libc_a-__call_atexit.o)
 .text.atexit   0x08000240        0xc /opt/st/stm32cubeclt_1.21.0/GNU-tools-for-STM32/bin/../lib/gcc/arm-none-eabi/14.3.1/../../../../arm-none-eabi/lib/thumb/v7e-m+fp/hard/libc.a(libc_a-atexit.o)
                0x08000240                atexit
 .text.__libc_fini_array
                0x0800024c       0x28 /opt/st/stm32cubeclt_1.21.0/GNU-tools-for-STM32/bin/../lib/gcc/arm-none-eabi/14.3.1/../../../../arm-none-eabi/lib/thumb/v7e-m+fp/hard/libc.a(libc_a-fini.o)
                0x0800024c                __libc_fini_array
 .text.__register_exitproc
                0x08000274       0x80 /opt/st/stm32cubeclt_1.21.0/GNU-tools-for-STM32/bin/../lib/gcc/arm-none-eabi/14.3.1/../../../../arm-none-eabi/lib/thumb/v7e-m+fp/hard/libc.a(libc_a-__atexit.o)
                0x08000274                __register_exitproc
 .text.main     0x080002f4       0x6c CMakeFiles/TIM_test.dir/Src/main.c.obj
                0x080002f4                main
 .text.Reset_Handler
                0x08000360       0x50 CMakeFiles/TIM_test.dir/Src/startup_stm32f401xx.S.obj
                0x08000360                Reset_Handler
 .text.Default_Handler
                0x080003b0        0x2 CMakeFiles/TIM_test.dir/Src/startup_stm32f401xx.S.obj
                0x080003b0                EXTI2_IRQHandler
                0x080003b0                DebugMon_Handler
                0x080003b0                SPI4_IRQHandler
                0x080003b0                TIM1_CC_IRQHandler
                0x080003b0                DMA2_Stream5_IRQHandler
                0x080003b0                HardFault_Handler
                0x080003b0                DMA1_Stream5_IRQHandler
                0x080003b0                SysTick_Handler
                0x080003b0                SDIO_IRQHandler
                0x080003b0                TAMP_STAMP_IRQHandler
                0x080003b0                PendSV_Handler
                0x080003b0                NMI_Handler
                0x080003b0                EXTI3_IRQHandler
                0x080003b0                TIM1_UP_TIM10_IRQHandler
                0x080003b0                I2C3_ER_IRQHandler
                0x080003b0                EXTI18_OTG_FS_WKUP_IRQHandler
                0x080003b0                EXTI0_IRQHandler
                0x080003b0                I2C2_EV_IRQHandler
                0x080003b0                DMA1_Stream2_IRQHandler
                0x080003b0                UsageFault_Handler
                0x080003b0                DMA2_Stream2_IRQHandler
                0x080003b0                SPI1_IRQHandler
                0x080003b0                TIM1_BRK_TIM9_IRQHandler
                0x080003b0                DMA2_Stream3_IRQHandler
                0x080003b0                USART6_IRQHandler
                0x080003b0                DMA2_Stream0_IRQHandler
                0x080003b0                TIM4_IRQHandler
                0x080003b0                I2C1_EV_IRQHandler
                0x080003b0                DMA1_Stream6_IRQHandler
                0x080003b0                DMA1_Stream1_IRQHandler
                0x080003b0                TIM3_IRQHandler
                0x080003b0                RCC_IRQHandler
                0x080003b0                Default_Handler
                0x080003b0                EXTI15_10_IRQHandler
                0x080003b0                ADC_IRQHandler
                0x080003b0                DMA1_Stream7_IRQHandler
                0x080003b0                TIM5_IRQHandler
                0x080003b0                DMA2_Stream7_IRQHandler
                0x080003b0                I2C3_EV_IRQHandler
                0x080003b0                EXTI9_5_IRQHandler
                0x080003b0                SPI2_IRQHandler
                0x080003b0                MemManage_Handler
                0x080003b0                DMA1_Stream0_IRQHandler
                0x080003b0                SVC_Handler
                0x080003b0                EXTI4_IRQHandler
                0x080003b0                EXTI22_RTC_WKUP_IRQHandler
                0x080003b0                TIM2_IRQHandler
                0x080003b0                EXTI16_PVD_IRQHandler
                0x080003b0                TIM1_TRG_COM_TIM11_IRQHandler
                0x080003b0                EXTI1_IRQHandler
                0x080003b0                EXTI17_RTC_Alarm_IRQHandler
                0x080003b0                USART2_IRQHandler
                0x080003b0                I2C2_ER_IRQHandler
                0x080003b0                DMA2_Stream1_IRQHandler
                0x080003b0                FLASH_IRQHandler
                0x080003b0                DMA2_Stream4_IRQHandler
                0x080003b0                BusFault_Handler
                0x080003b0                USART1_IRQHandler
                0x080003b0                OTG_FS_IRQHandler
                0x080003b0                SPI3_IRQHandler
                0x080003b0                DMA1_Stream4_IRQHandler
                0x080003b0                I2C1_ER_IRQHandler
                0x080003b0                DMA2_Stream6_IRQHandler
                0x080003b0                DMA1_Stream3_IRQHandler
 *fill*         0x080003b2        0x2 
 .text.TIM_u8GetIndex
                0x080003b4       0x48 CMakeFiles/TIM_test.dir/Src/TIM_program.c.obj
 .text.TIM_u8GetChannelIndex
                0x080003fc       0x48 CMakeFiles/TIM_test.dir/Src/TIM_program.c.obj
 .text.TIM_u8Is32Bit
                0x08000444       0x2a CMakeFiles/TIM_test.dir/Src/TIM_program.c.obj
 .text.TIM_voidApplyAlignment
                0x0800046e       0x96 CMakeFiles/TIM_test.dir/Src/TIM_program.c.obj
 .text.TIM_voidInit
                0x08000504       0xc0 CMakeFiles/TIM_test.dir/Src/TIM_program.c.obj
                0x08000504                TIM_voidInit
 .text.TIM_voidStart
                0x080005c4       0x58 CMakeFiles/TIM_test.dir/Src/TIM_program.c.obj
                0x080005c4                TIM_voidStart
 .text.TIM_voidSetCaptureCompareValue
                0x0800061c       0x98 CMakeFiles/TIM_test.dir/Src/TIM_program.c.obj
                0x0800061c                TIM_voidSetCaptureCompareValue
 .text.TIM_voidSetCaptureCompareMode
                0x080006b4       0x98 CMakeFiles/TIM_test.dir/Src/TIM_program.c.obj
                0x080006b4                TIM_voidSetCaptureCompareMode
 .text.TIM_voidSetOutputCompareMode
                0x0800074c       0xb0 CMakeFiles/TIM_test.dir/Src/TIM_program.c.obj
                0x0800074c                TIM_voidSetOutputCompareMode
 .text.TIM_voidEnableChannel
                0x080007fc       0x68 CMakeFiles/TIM_test.dir/Src/TIM_program.c.obj
                0x080007fc                TIM_voidEnableChannel
 .text.TIM_voidSetPwmFrequency
                0x08000864       0xa8 CMakeFiles/TIM_test.dir/Src/TIM_program.c.obj
                0x08000864                TIM_voidSetPwmFrequency
 .text.TIM_voidSetDuty
                0x0800090c       0x90 CMakeFiles/TIM_test.dir/Src/TIM_program.c.obj
                0x0800090c                TIM_voidSetDuty
 .text.RCC_InitSysClock
                0x0800099c       0xec CMakeFiles/TIM_test.dir/Src/RCC_program.c.obj
                0x0800099c                RCC_InitSysClock
 .text.RCC_EnablePeripheralClock
                0x08000a88       0xbc CMakeFiles/TIM_test.dir/Src/RCC_program.c.obj
                0x08000a88                RCC_EnablePeripheralClock
 .text.GPIO_SetPinMode
                0x08000b44      0x154 CMakeFiles/TIM_test.dir/Src/GPIO_program.c.obj
                0x08000b44                GPIO_SetPinMode
 .text.GPIO_AF_Set
                0x08000c98      0x284 CMakeFiles/TIM_test.dir/Src/GPIO_program.c.obj
                0x08000c98                GPIO_AF_Set
 *(.glue_7)
 .glue_7        0x08000f1c        0x0 linker stubs
 *(.glue_7t)
 .glue_7t       0x08000f1c        0x0 linker stubs
 *(.eh_frame)
 .eh_frame      0x08000f1c        0x0 /opt/st/stm32cubeclt_1.21.0/GNU-tools-for-STM32/bin/../lib/gcc/arm-none-eabi/14.3.1/thumb/v7e-m+fp/hard/crtbegin.o
 *(.init)
 .init          0x08000f1c        0x4 /opt/st/stm32cubeclt_1.21.0/GNU-tools-for-STM32/bin/../lib/gcc/arm-none-eabi/14.3.1/thumb/v7e-m+fp/hard/crti.o
                0x08000f1c                _init
 .init          0x08000f20        0x8 /opt/st/stm32cubeclt_1.21.0/GNU-tools-for-STM32/bin/../lib/gcc/arm-none-eabi/14.3.1/thumb/v7e-m+fp/hard/crtn.o
 *(.fini)
 .fini          0x08000f28        0x4 /opt/st/stm32cubeclt_1.21.0/GNU-tools-for-STM32/bin/../lib/gcc/arm-none-eabi/14.3.1/thumb/v7e-m+fp/hard/crti.o
                0x08000f28                _fini
 .fini          0x08000f2c        0x8 /opt/st/stm32cubeclt_1.21.0/GNU-tools-for-STM32/bin/../lib/gcc/arm-none-eabi/14.3.1/thumb/v7e-m+fp/hard/crtn.o
                0x08000f34                        . = ALIGN (0x4)
                0x08000f34                        _etext = .

.vfp11_veneer   0x08000f34        0x0
 .vfp11_veneer  0x08000f34        0x0 linker stubs

.v4_bx          0x08000f34        0x0
 .v4_bx         0x08000f34        0x0 linker stubs

.iplt           0x08000f34        0x0
 .iplt          0x08000f34        0x0 /opt/st/stm32cubeclt_1.21.0/GNU-tools-for-STM32/bin/../lib/gcc/arm-none-eabi/14.3.1/thumb/v7e-m+fp/hard/crtbegin.o

.rodata         0x08000f34       0x3c
                0x08000f34                        . = ALIGN (0x4)
 *(.rodata)
 *(.rodata*)
 .rodata.TIM_Reg
                0x08000f34       0x10 CMakeFiles/TIM_test.dir/Src/TIM_program.c.obj
 .rodata.TIM_PscCfg
                0x08000f44       0x10 CMakeFiles/TIM_test.dir/Src/TIM_program.c.obj
 .rodata.TIM_ArrCfg
                0x08000f54       0x10 CMakeFiles/TIM_test.dir/Src/TIM_program.c.obj
 .rodata.TIM_DirCfg
                0x08000f64        0x4 CMakeFiles/TIM_test.dir/Src/TIM_program.c.obj
 .rodata.TIM_ModeCfg
                0x08000f68        0x4 CMakeFiles/TIM_test.dir/Src/TIM_program.c.obj
 .rodata.TIM_BufCfg
                0x08000f6c        0x4 CMakeFiles/TIM_test.dir/Src/TIM_program.c.obj
                0x08000f70                        . = ALIGN (0x4)

.ARM.extab      0x08000f70        0x0
                0x08000f70                        . = ALIGN (0x4)
 *(.ARM.extab* .gnu.linkonce.armextab.*)
                0x08000f70                        . = ALIGN (0x4)

.ARM            0x08000f70        0x0
                0x08000f70                        . = ALIGN (0x4)
                0x08000f70                        __exidx_start = .
 *(.ARM.exidx*)
                0x08000f70                        __exidx_end = .
                0x08000f70                        . = ALIGN (0x4)

.preinit_array  0x08000f70        0x0
                0x08000f70                        . = ALIGN (0x4)
                0x08000f70                        PROVIDE (__preinit_array_start = .)
 *(.preinit_array*)
                0x08000f70                        PROVIDE (__preinit_array_end = .)
                0x08000f70                        . = ALIGN (0x4)

.init_array     0x08000f70        0x8
                0x08000f70                        . = ALIGN (0x4)
                0x08000f70                        PROVIDE (__init_array_start = .)
 *(SORT_BY_NAME(.init_array.*))
 .init_array.00000
                0x08000f70        0x4 /opt/st/stm32cubeclt_1.21.0/GNU-tools-for-STM32/bin/../lib/gcc/arm-none-eabi/14.3.1/../../../../arm-none-eabi/lib/thumb/v7e-m+fp/hard/libc.a(libc_a-__call_atexit.o)
 *(.init_array*)
 .init_array    0x08000f74        0x4 /opt/st/stm32cubeclt_1.21.0/GNU-tools-for-STM32/bin/../lib/gcc/arm-none-eabi/14.3.1/thumb/v7e-m+fp/hard/crtbegin.o
                0x08000f78                        PROVIDE (__init_array_end = .)
                0x08000f78                        . = ALIGN (0x4)

.fini_array     0x08000f78        0x4
                0x08000f78                        . = ALIGN (0x4)
                0x08000f78                        PROVIDE (__fini_array_start = .)
 *(SORT_BY_NAME(.fini_array.*))
 *(.fini_array*)
 .fini_array    0x08000f78        0x4 /opt/st/stm32cubeclt_1.21.0/GNU-tools-for-STM32/bin/../lib/gcc/arm-none-eabi/14.3.1/thumb/v7e-m+fp/hard/crtbegin.o
                0x08000f7c                        PROVIDE (__fini_array_end = .)
                0x08000f7c                        . = ALIGN (0x4)
                0x08000f7c                        _sidata = LOADADDR (.data)

.rel.dyn        0x08000f7c        0x0
 .rel.iplt      0x08000f7c        0x0 /opt/st/stm32cubeclt_1.21.0/GNU-tools-for-STM32/bin/../lib/gcc/arm-none-eabi/14.3.1/thumb/v7e-m+fp/hard/crtbegin.o

.data           0x20000000        0x4 load address 0x08000f7c
                0x20000000                        _sdata = .
 *(.data)
 *(.data*)
 .data.__atexit_recursive_mutex
                0x20000000        0x4 /opt/st/stm32cubeclt_1.21.0/GNU-tools-for-STM32/bin/../lib/gcc/arm-none-eabi/14.3.1/../../../../arm-none-eabi/lib/thumb/v7e-m+fp/hard/libc.a(libc_a-__call_atexit.o)
                0x20000000                __atexit_recursive_mutex
 *(.RamFunc)
 *(.RamFunc*)
                0x20000004                        . = ALIGN (0x4)

.igot.plt       0x20000004        0x0 load address 0x08000f80
 .igot.plt      0x20000004        0x0 /opt/st/stm32cubeclt_1.21.0/GNU-tools-for-STM32/bin/../lib/gcc/arm-none-eabi/14.3.1/thumb/v7e-m+fp/hard/crtbegin.o

.tdata          0x20000004        0x0 load address 0x08000f80
 *(.tdata .tdata.* .gnu.linkonce.td.*)
                0x20000004                        . = ALIGN (0x4)
                0x20000004                        _edata = .
                [!provide]                        PROVIDE (__data_end = .)
                [!provide]                        PROVIDE (__tdata_end = .)
                [!provide]                        PROVIDE (__tdata_start = ADDR (.tdata))
                [!provide]                        PROVIDE (__tdata_size = (__tdata_end - __tdata_start))
                [!provide]                        PROVIDE (__data_start = ADDR (.data))
                [!provide]                        PROVIDE (__data_size = (__data_end - __data_start))
                [!provide]                        PROVIDE (__tdata_source = LOADADDR (.tdata))
                [!provide]                        PROVIDE (__tdata_source_end = (LOADADDR (.tdata) + SIZEOF (.tdata)))
                [!provide]                        PROVIDE (__tdata_source_size = (__tdata_source_end - __tdata_source))
                [!provide]                        PROVIDE (__data_source = LOADADDR (.data))
                [!provide]                        PROVIDE (__data_source_end = __tdata_source_end)
                [!provide]                        PROVIDE (__data_source_size = (__data_source_end - __data_source))

.tbss           0x20000004        0x0 load address 0x08000f80
                0x20000004                        _sbss = .
                0x20000004                        __bss_start__ = _sbss
                [!provide]                        PROVIDE (__bss_start = .)
 *(.tbss .tbss.*)
                0x20000004                        . = ALIGN (0x4)
                [!provide]                        PROVIDE (__tbss_end = .)
                [!provide]                        PROVIDE (__tbss_start = ADDR (.tbss))
                [!provide]                        PROVIDE (__tbss_size = (__tbss_end - __tbss_start))
                [!provide]                        PROVIDE (__tbss_offset = (ADDR (.tbss) - ADDR (.tdata)))
                [!provide]                        PROVIDE (__tls_base = __tdata_start)
                [!provide]                        PROVIDE (__tls_end = __tbss_end)
                [!provide]                        PROVIDE (__tls_size = (__tls_end - __tls_base))
                [!provide]                        PROVIDE (__tls_align = MAX (ALIGNOF (.tdata), ALIGNOF (.tbss)))
                [!provide]                        PROVIDE (__tls_size_align = (((__tls_size + __tls_align) - 0x1) & ~ ((__tls_align - 0x1))))
                [!provide]                        PROVIDE (__arm32_tls_tcb_offset = MAX (0x8, __tls_align))
                [!provide]                        PROVIDE (__arm64_tls_tcb_offset = MAX (0x10, __tls_align))

.bss            0x20000004      0x1b4 load address 0x08000f80
 *(.bss)
 .bss           0x20000004       0x1c /opt/st/stm32cubeclt_1.21.0/GNU-tools-for-STM32/bin/../lib/gcc/arm-none-eabi/14.3.1/thumb/v7e-m+fp/hard/crtbegin.o
 *(.bss*)
 .bss.__lock___atexit_recursive_mutex
                0x20000020        0x1 /opt/st/stm32cubeclt_1.21.0/GNU-tools-for-STM32/bin/../lib/gcc/arm-none-eabi/14.3.1/../../../../arm-none-eabi/lib/thumb/v7e-m+fp/hard/libc.a(libc_a-lock.o)
                0x20000020                __lock___atexit_recursive_mutex
 *fill*         0x20000021        0x3 
 .bss.__atexit  0x20000024        0x4 /opt/st/stm32cubeclt_1.21.0/GNU-tools-for-STM32/bin/../lib/gcc/arm-none-eabi/14.3.1/../../../../arm-none-eabi/lib/thumb/v7e-m+fp/hard/libc.a(libc_a-__call_atexit.o)
                0x20000024                __atexit
 .bss.__atexit0
                0x20000028      0x190 /opt/st/stm32cubeclt_1.21.0/GNU-tools-for-STM32/bin/../lib/gcc/arm-none-eabi/14.3.1/../../../../arm-none-eabi/lib/thumb/v7e-m+fp/hard/libc.a(libc_a-__atexit.o)
                0x20000028                __atexit0
 *(COMMON)
                0x200001b8                        . = ALIGN (0x4)
                0x200001b8                        _ebss = .
                0x200001b8                        __bss_end__ = _ebss
                [!provide]                        PROVIDE (__bss_end = .)
                [!provide]                        PROVIDE (__bss_size = (__bss_end - __bss_start))
                [!provide]                        PROVIDE (__non_tls_bss_start = ADDR (.bss))

._user_heap_stack
                0x200001b8      0x600 load address 0x08000f80
                0x200001b8                        . = ALIGN (0x8)
                [!provide]                        PROVIDE (end = .)
                0x200001b8                        PROVIDE (_end = .)
                0x200003b8                        . = (. + _Min_Heap_Size)
 *fill*         0x200001b8      0x200 
                0x200007b8                        . = (. + _Min_Stack_Size)
 *fill*         0x200003b8      0x400 
                0x200007b8                        . = ALIGN (0x8)

/DISCARD/
 libc.a:*(*)
 libm.a:*(*)
 libgcc.a:*(*)

.ARM.attributes
                0x00000000       0x30
 *(.ARM.attributes)
 .ARM.attributes
                0x00000000       0x22 /opt/st/stm32cubeclt_1.21.0/GNU-tools-for-STM32/bin/../lib/gcc/arm-none-eabi/14.3.1/thumb/v7e-m+fp/hard/crti.o
 .ARM.attributes
                0x00000022       0x34 /opt/st/stm32cubeclt_1.21.0/GNU-tools-for-STM32/bin/../lib/gcc/arm-none-eabi/14.3.1/thumb/v7e-m+fp/hard/crtbegin.o
 .ARM.attributes
                0x00000056       0x34 /opt/st/stm32cubeclt_1.21.0/GNU-tools-for-STM32/bin/../lib/gcc/arm-none-eabi/14.3.1/../../../../arm-none-eabi/lib/thumb/v7e-m+fp/hard/libc.a(libc_a-init.o)
 .ARM.attributes
                0x0000008a       0x34 /opt/st/stm32cubeclt_1.21.0/GNU-tools-for-STM32/bin/../lib/gcc/arm-none-eabi/14.3.1/../../../../arm-none-eabi/lib/thumb/v7e-m+fp/hard/libc.a(libc_a-lock.o)
 .ARM.attributes
                0x000000be       0x34 /opt/st/stm32cubeclt_1.21.0/GNU-tools-for-STM32/bin/../lib/gcc/arm-none-eabi/14.3.1/../../../../arm-none-eabi/lib/thumb/v7e-m+fp/hard/libc.a(libc_a-__call_atexit.o)
 .ARM.attributes
                0x000000f2       0x34 /opt/st/stm32cubeclt_1.21.0/GNU-tools-for-STM32/bin/../lib/gcc/arm-none-eabi/14.3.1/../../../../arm-none-eabi/lib/thumb/v7e-m+fp/hard/libc.a(libc_a-atexit.o)
 .ARM.attributes
                0x00000126       0x34 /opt/st/stm32cubeclt_1.21.0/GNU-tools-for-STM32/bin/../lib/gcc/arm-none-eabi/14.3.1/../../../../arm-none-eabi/lib/thumb/v7e-m+fp/hard/libc.a(libc_a-fini.o)
 .ARM.attributes
                0x0000015a       0x34 /opt/st/stm32cubeclt_1.21.0/GNU-tools-for-STM32/bin/../lib/gcc/arm-none-eabi/14.3.1/../../../../arm-none-eabi/lib/thumb/v7e-m+fp/hard/libc.a(libc_a-__atexit.o)
 .ARM.attributes
                0x0000018e       0x34 CMakeFiles/TIM_test.dir/Src/main.c.obj
 .ARM.attributes
                0x000001c2       0x21 CMakeFiles/TIM_test.dir/Src/startup_stm32f401xx.S.obj
 .ARM.attributes
                0x000001e3       0x34 CMakeFiles/TIM_test.dir/Src/TIM_program.c.obj
 .ARM.attributes
                0x00000217       0x34 CMakeFiles/TIM_test.dir/Src/RCC_program.c.obj
 .ARM.attributes
                0x0000024b       0x34 CMakeFiles/TIM_test.dir/Src/GPIO_program.c.obj
 .ARM.attributes
                0x0000027f       0x22 /opt/st/stm32cubeclt_1.21.0/GNU-tools-for-STM32/bin/../lib/gcc/arm-none-eabi/14.3.1/thumb/v7e-m+fp/hard/crtn.o
OUTPUT(TIM_test.elf elf32-littlearm)
LOAD linker stubs

.debug_frame    0x00000000      0x63c
 .debug_frame   0x00000000       0x2c /opt/st/stm32cubeclt_1.21.0/GNU-tools-for-STM32/bin/../lib/gcc/arm-none-eabi/14.3.1/../../../../arm-none-eabi/lib/thumb/v7e-m+fp/hard/libc.a(libc_a-init.o)
 .debug_frame   0x0000002c       0xb0 /opt/st/stm32cubeclt_1.21.0/GNU-tools-for-STM32/bin/../lib/gcc/arm-none-eabi/14.3.1/../../../../arm-none-eabi/lib/thumb/v7e-m+fp/hard/libc.a(libc_a-lock.o)
 .debug_frame   0x000000dc       0x5c /opt/st/stm32cubeclt_1.21.0/GNU-tools-for-STM32/bin/../lib/gcc/arm-none-eabi/14.3.1/../../../../arm-none-eabi/lib/thumb/v7e-m+fp/hard/libc.a(libc_a-__call_atexit.o)
 .debug_frame   0x00000138       0x20 /opt/st/stm32cubeclt_1.21.0/GNU-tools-for-STM32/bin/../lib/gcc/arm-none-eabi/14.3.1/../../../../arm-none-eabi/lib/thumb/v7e-m+fp/hard/libc.a(libc_a-atexit.o)
 .debug_frame   0x00000158       0x34 /opt/st/stm32cubeclt_1.21.0/GNU-tools-for-STM32/bin/../lib/gcc/arm-none-eabi/14.3.1/../../../../arm-none-eabi/lib/thumb/v7e-m+fp/hard/libc.a(libc_a-fini.o)
 .debug_frame   0x0000018c       0x34 /opt/st/stm32cubeclt_1.21.0/GNU-tools-for-STM32/bin/../lib/gcc/arm-none-eabi/14.3.1/../../../../arm-none-eabi/lib/thumb/v7e-m+fp/hard/libc.a(libc_a-__atexit.o)
 .debug_frame   0x000001c0       0x2c CMakeFiles/TIM_test.dir/Src/main.c.obj
 .debug_frame   0x000001ec      0x274 CMakeFiles/TIM_test.dir/Src/TIM_program.c.obj
 .debug_frame   0x00000460       0xd0 CMakeFiles/TIM_test.dir/Src/RCC_program.c.obj
 .debug_frame   0x00000530      0x10c CMakeFiles/TIM_test.dir/Src/GPIO_program.c.obj

.debug_info     0x00000000      0xe5c
 .debug_info    0x00000000      0x1ea CMakeFiles/TIM_test.dir/Src/main.c.obj
 .debug_info    0x000001ea       0x30 CMakeFiles/TIM_test.dir/Src/startup_stm32f401xx.S.obj
 .debug_info    0x0000021a      0x7a5 CMakeFiles/TIM_test.dir/Src/TIM_program.c.obj
 .debug_info    0x000009bf      0x1cf CMakeFiles/TIM_test.dir/Src/RCC_program.c.obj
 .debug_info    0x00000b8e      0x2ce CMakeFiles/TIM_test.dir/Src/GPIO_program.c.obj

.debug_abbrev   0x00000000      0x460
 .debug_abbrev  0x00000000       0xce CMakeFiles/TIM_test.dir/Src/main.c.obj
 .debug_abbrev  0x000000ce       0x24 CMakeFiles/TIM_test.dir/Src/startup_stm32f401xx.S.obj
 .debug_abbrev  0x000000f2      0x1c0 CMakeFiles/TIM_test.dir/Src/TIM_program.c.obj
 .debug_abbrev  0x000002b2       0xb8 CMakeFiles/TIM_test.dir/Src/RCC_program.c.obj
 .debug_abbrev  0x0000036a       0xf6 CMakeFiles/TIM_test.dir/Src/GPIO_program.c.obj

.debug_aranges  0x00000000      0x178
 .debug_aranges
                0x00000000       0x20 CMakeFiles/TIM_test.dir/Src/main.c.obj
 .debug_aranges
                0x00000020       0x28 CMakeFiles/TIM_test.dir/Src/startup_stm32f401xx.S.obj
 .debug_aranges
                0x00000048       0xa0 CMakeFiles/TIM_test.dir/Src/TIM_program.c.obj
 .debug_aranges
                0x000000e8       0x40 CMakeFiles/TIM_test.dir/Src/RCC_program.c.obj
 .debug_aranges
                0x00000128       0x50 CMakeFiles/TIM_test.dir/Src/GPIO_program.c.obj

.debug_rnglists
                0x00000000      0x114
 .debug_rnglists
                0x00000000       0x13 CMakeFiles/TIM_test.dir/Src/main.c.obj
 .debug_rnglists
                0x00000013       0x19 CMakeFiles/TIM_test.dir/Src/startup_stm32f401xx.S.obj
 .debug_rnglists
                0x0000002c       0x7b CMakeFiles/TIM_test.dir/Src/TIM_program.c.obj
 .debug_rnglists
                0x000000a7       0x2f CMakeFiles/TIM_test.dir/Src/RCC_program.c.obj
 .debug_rnglists
                0x000000d6       0x3e CMakeFiles/TIM_test.dir/Src/GPIO_program.c.obj

.debug_macro    0x00000000      0x975
 .debug_macro   0x00000000       0xcb CMakeFiles/TIM_test.dir/Src/main.c.obj
 .debug_macro   0x000000cb       0x8e CMakeFiles/TIM_test.dir/Src/main.c.obj
 .debug_macro   0x00000159       0x51 CMakeFiles/TIM_test.dir/Src/main.c.obj
 .debug_macro   0x000001aa       0x22 CMakeFiles/TIM_test.dir/Src/main.c.obj
 .debug_macro   0x000001cc       0x1c CMakeFiles/TIM_test.dir/Src/main.c.obj
 .debug_macro   0x000001e8       0x52 CMakeFiles/TIM_test.dir/Src/main.c.obj
 .debug_macro   0x0000023a      0x200 CMakeFiles/TIM_test.dir/Src/main.c.obj
 .debug_macro   0x0000043a       0x34 CMakeFiles/TIM_test.dir/Src/main.c.obj
 .debug_macro   0x0000046e       0x1c CMakeFiles/TIM_test.dir/Src/main.c.obj
 .debug_macro   0x0000048a      0x15a CMakeFiles/TIM_test.dir/Src/main.c.obj
 .debug_macro   0x000005e4      0x15c CMakeFiles/TIM_test.dir/Src/main.c.obj
 .debug_macro   0x00000740       0x4e CMakeFiles/TIM_test.dir/Src/TIM_program.c.obj
 .debug_macro   0x0000078e       0xc4 CMakeFiles/TIM_test.dir/Src/TIM_program.c.obj
 .debug_macro   0x00000852       0x82 CMakeFiles/TIM_test.dir/Src/TIM_program.c.obj
 .debug_macro   0x000008d4       0x50 CMakeFiles/TIM_test.dir/Src/RCC_program.c.obj
 .debug_macro   0x00000924       0x51 CMakeFiles/TIM_test.dir/Src/GPIO_program.c.obj

.debug_line     0x00000000     0x1469
 .debug_line    0x00000000      0x364 CMakeFiles/TIM_test.dir/Src/main.c.obj
 .debug_line    0x00000364       0x7b CMakeFiles/TIM_test.dir/Src/startup_stm32f401xx.S.obj
 .debug_line    0x000003df      0x586 CMakeFiles/TIM_test.dir/Src/TIM_program.c.obj
 .debug_line    0x00000965      0x30b CMakeFiles/TIM_test.dir/Src/RCC_program.c.obj
 .debug_line    0x00000c70      0x7f9 CMakeFiles/TIM_test.dir/Src/GPIO_program.c.obj

.debug_str      0x00000000     0x636a
 .debug_str     0x00000000     0x636a CMakeFiles/TIM_test.dir/Src/main.c.obj
                               0x5a95 (size before relaxing)
 .debug_str     0x0000636a      0x120 CMakeFiles/TIM_test.dir/Src/startup_stm32f401xx.S.obj
 .debug_str     0x0000636a     0x38a0 CMakeFiles/TIM_test.dir/Src/TIM_program.c.obj
 .debug_str     0x0000636a     0x3afd CMakeFiles/TIM_test.dir/Src/RCC_program.c.obj
 .debug_str     0x0000636a     0x417b CMakeFiles/TIM_test.dir/Src/GPIO_program.c.obj

.comment        0x00000000       0x43
 .comment       0x00000000       0x43 CMakeFiles/TIM_test.dir/Src/main.c.obj
                                 0x44 (size before relaxing)
 .comment       0x00000043       0x44 CMakeFiles/TIM_test.dir/Src/TIM_program.c.obj
 .comment       0x00000043       0x44 CMakeFiles/TIM_test.dir/Src/RCC_program.c.obj
 .comment       0x00000043       0x44 CMakeFiles/TIM_test.dir/Src/GPIO_program.c.obj

.debug_line_str
                0x00000000      0x104
 .debug_line_str
                0x00000000      0x104 CMakeFiles/TIM_test.dir/Src/startup_stm32f401xx.S.obj
