Archive member included to satisfy reference by file (symbol)

/opt/st/stm32cubeclt_1.21.0/GNU-tools-for-STM32/bin/../lib/gcc/arm-none-eabi/14.3.1/../../../../arm-none-eabi/lib/thumb/v7e-m+fp/hard/libc.a(libc_a-exit.o)
                              /opt/st/stm32cubeclt_1.21.0/GNU-tools-for-STM32/bin/../lib/gcc/arm-none-eabi/14.3.1/../../../../arm-none-eabi/lib/thumb/v7e-m+fp/hard/crt0.o (exit)
/opt/st/stm32cubeclt_1.21.0/GNU-tools-for-STM32/bin/../lib/gcc/arm-none-eabi/14.3.1/../../../../arm-none-eabi/lib/thumb/v7e-m+fp/hard/libc.a(libc_a-findfp.o)
                              /opt/st/stm32cubeclt_1.21.0/GNU-tools-for-STM32/bin/../lib/gcc/arm-none-eabi/14.3.1/../../../../arm-none-eabi/lib/thumb/v7e-m+fp/hard/libc.a(libc_a-exit.o) (__stdio_exit_handler)
/opt/st/stm32cubeclt_1.21.0/GNU-tools-for-STM32/bin/../lib/gcc/arm-none-eabi/14.3.1/../../../../arm-none-eabi/lib/thumb/v7e-m+fp/hard/libc.a(libc_a-fwalk.o)
                              /opt/st/stm32cubeclt_1.21.0/GNU-tools-for-STM32/bin/../lib/gcc/arm-none-eabi/14.3.1/../../../../arm-none-eabi/lib/thumb/v7e-m+fp/hard/libc.a(libc_a-findfp.o) (_fwalk_sglue)
/opt/st/stm32cubeclt_1.21.0/GNU-tools-for-STM32/bin/../lib/gcc/arm-none-eabi/14.3.1/../../../../arm-none-eabi/lib/thumb/v7e-m+fp/hard/libc.a(libc_a-stdio.o)
                              /opt/st/stm32cubeclt_1.21.0/GNU-tools-for-STM32/bin/../lib/gcc/arm-none-eabi/14.3.1/../../../../arm-none-eabi/lib/thumb/v7e-m+fp/hard/libc.a(libc_a-findfp.o) (__sread)
/opt/st/stm32cubeclt_1.21.0/GNU-tools-for-STM32/bin/../lib/gcc/arm-none-eabi/14.3.1/../../../../arm-none-eabi/lib/thumb/v7e-m+fp/hard/libc.a(libc_a-memset.o)
                              /opt/st/stm32cubeclt_1.21.0/GNU-tools-for-STM32/bin/../lib/gcc/arm-none-eabi/14.3.1/../../../../arm-none-eabi/lib/thumb/v7e-m+fp/hard/crt0.o (memset)
/opt/st/stm32cubeclt_1.21.0/GNU-tools-for-STM32/bin/../lib/gcc/arm-none-eabi/14.3.1/../../../../arm-none-eabi/lib/thumb/v7e-m+fp/hard/libc.a(libc_a-closer.o)
                              /opt/st/stm32cubeclt_1.21.0/GNU-tools-for-STM32/bin/../lib/gcc/arm-none-eabi/14.3.1/../../../../arm-none-eabi/lib/thumb/v7e-m+fp/hard/libc.a(libc_a-stdio.o) (_close_r)
/opt/st/stm32cubeclt_1.21.0/GNU-tools-for-STM32/bin/../lib/gcc/arm-none-eabi/14.3.1/../../../../arm-none-eabi/lib/thumb/v7e-m+fp/hard/libc.a(libc_a-reent.o)
                              /opt/st/stm32cubeclt_1.21.0/GNU-tools-for-STM32/bin/../lib/gcc/arm-none-eabi/14.3.1/../../../../arm-none-eabi/lib/thumb/v7e-m+fp/hard/libc.a(libc_a-closer.o) (errno)
/opt/st/stm32cubeclt_1.21.0/GNU-tools-for-STM32/bin/../lib/gcc/arm-none-eabi/14.3.1/../../../../arm-none-eabi/lib/thumb/v7e-m+fp/hard/libc.a(libc_a-impure.o)
                              /opt/st/stm32cubeclt_1.21.0/GNU-tools-for-STM32/bin/../lib/gcc/arm-none-eabi/14.3.1/../../../../arm-none-eabi/lib/thumb/v7e-m+fp/hard/libc.a(libc_a-reent.o) (_impure_ptr)
/opt/st/stm32cubeclt_1.21.0/GNU-tools-for-STM32/bin/../lib/gcc/arm-none-eabi/14.3.1/../../../../arm-none-eabi/lib/thumb/v7e-m+fp/hard/libc.a(libc_a-lseekr.o)
                              /opt/st/stm32cubeclt_1.21.0/GNU-tools-for-STM32/bin/../lib/gcc/arm-none-eabi/14.3.1/../../../../arm-none-eabi/lib/thumb/v7e-m+fp/hard/libc.a(libc_a-stdio.o) (_lseek_r)
/opt/st/stm32cubeclt_1.21.0/GNU-tools-for-STM32/bin/../lib/gcc/arm-none-eabi/14.3.1/../../../../arm-none-eabi/lib/thumb/v7e-m+fp/hard/libc.a(libc_a-readr.o)
                              /opt/st/stm32cubeclt_1.21.0/GNU-tools-for-STM32/bin/../lib/gcc/arm-none-eabi/14.3.1/../../../../arm-none-eabi/lib/thumb/v7e-m+fp/hard/libc.a(libc_a-stdio.o) (_read_r)
/opt/st/stm32cubeclt_1.21.0/GNU-tools-for-STM32/bin/../lib/gcc/arm-none-eabi/14.3.1/../../../../arm-none-eabi/lib/thumb/v7e-m+fp/hard/libc.a(libc_a-writer.o)
                              /opt/st/stm32cubeclt_1.21.0/GNU-tools-for-STM32/bin/../lib/gcc/arm-none-eabi/14.3.1/../../../../arm-none-eabi/lib/thumb/v7e-m+fp/hard/libc.a(libc_a-stdio.o) (_write_r)
/opt/st/stm32cubeclt_1.21.0/GNU-tools-for-STM32/bin/../lib/gcc/arm-none-eabi/14.3.1/../../../../arm-none-eabi/lib/thumb/v7e-m+fp/hard/libc.a(libc_a-init.o)
                              /opt/st/stm32cubeclt_1.21.0/GNU-tools-for-STM32/bin/../lib/gcc/arm-none-eabi/14.3.1/../../../../arm-none-eabi/lib/thumb/v7e-m+fp/hard/crt0.o (__libc_init_array)
/opt/st/stm32cubeclt_1.21.0/GNU-tools-for-STM32/bin/../lib/gcc/arm-none-eabi/14.3.1/../../../../arm-none-eabi/lib/thumb/v7e-m+fp/hard/libc.a(libc_a-lock.o)
                              /opt/st/stm32cubeclt_1.21.0/GNU-tools-for-STM32/bin/../lib/gcc/arm-none-eabi/14.3.1/../../../../arm-none-eabi/lib/thumb/v7e-m+fp/hard/libc.a(libc_a-findfp.o) (__retarget_lock_init_recursive)
/opt/st/stm32cubeclt_1.21.0/GNU-tools-for-STM32/bin/../lib/gcc/arm-none-eabi/14.3.1/../../../../arm-none-eabi/lib/thumb/v7e-m+fp/hard/libc.a(libc_a-__call_atexit.o)
[...]
Memory Configuration

Name             Origin             Length             Attributes
RAM              0x20000000         0x00010000         xrw
FLASH            0x08000000         0x00040000         xr
*default*        0x00000000         0xffffffff

Linker script and memory map

LOAD /opt/st/stm32cubeclt_1.21.0/GNU-tools-for-STM32/bin/../lib/gcc/arm-none-eabi/14.3.1/thumb/v7e-m+fp/hard/crti.o
LOAD /opt/st/stm32cubeclt_1.21.0/GNU-tools-for-STM32/bin/../lib/gcc/arm-none-eabi/14.3.1/thumb/v7e-m+fp/hard/crtbegin.o
LOAD /opt/st/stm32cubeclt_1.21.0/GNU-tools-for-STM32/bin/../lib/gcc/arm-none-eabi/14.3.1/../../../../arm-none-eabi/lib/thumb/v7e-m+fp/hard/crt0.o
START GROUP
LOAD /opt/st/stm32cubeclt_1.21.0/GNU-tools-for-STM32/bin/../lib/gcc/arm-none-eabi/14.3.1/../../../../arm-none-eabi/lib/thumb/v7e-m+fp/hard/libc.a
LOAD /opt/st/stm32cubeclt_1.21.0/GNU-tools-for-STM32/bin/../lib/gcc/arm-none-eabi/14.3.1/../../../../arm-none-eabi/lib/thumb/v7e-m+fp/hard/libm.a
LOAD /opt/st/stm32cubeclt_1.21.0/GNU-tools-for-STM32/bin/../lib/gcc/arm-none-eabi/14.3.1/../../../../arm-none-eabi/lib/thumb/v7e-m+fp/hard/libstdc++.a
LOAD /opt/st/stm32cubeclt_1.21.0/GNU-tools-for-STM32/bin/../lib/gcc/arm-none-eabi/14.3.1/../../../../arm-none-eabi/lib/thumb/v7e-m+fp/hard/libsupc++.a
END GROUP
LOAD CMakeFiles/TIM_test.dir/Src/syscall.c.obj
LOAD CMakeFiles/TIM_test.dir/Src/sysmem.c.obj
LOAD CMakeFiles/TIM_test.dir/Src/main.c.obj
LOAD CMakeFiles/TIM_test.dir/Src/startup_stm32f401xx.S.obj
LOAD CMakeFiles/TIM_test.dir/Src/TIM_program.c.obj
LOAD CMakeFiles/TIM_test.dir/Src/RCC_program.c.obj
LOAD CMakeFiles/TIM_test.dir/Src/GPIO_program.c.obj
START GROUP
LOAD /opt/st/stm32cubeclt_1.21.0/GNU-tools-for-STM32/bin/../lib/gcc/arm-none-eabi/14.3.1/thumb/v7e-m+fp/hard/libgcc.a
LOAD /opt/st/stm32cubeclt_1.21.0/GNU-tools-for-STM32/bin/../lib/gcc/arm-none-eabi/14.3.1/../../../../arm-none-eabi/lib/thumb/v7e-m+fp/hard/libc.a
END GROUP
START GROUP
LOAD /opt/st/stm32cubeclt_1.21.0/GNU-tools-for-STM32/bin/../lib/gcc/arm-none-eabi/14.3.1/thumb/v7e-m+fp/hard/libgcc.a
LOAD /opt/st/stm32cubeclt_1.21.0/GNU-tools-for-STM32/bin/../lib/gcc/arm-none-eabi/14.3.1/../../../../arm-none-eabi/lib/thumb/v7e-m+fp/hard/libc.a
LOAD /opt/st/stm32cubeclt_1.21.0/GNU-tools-for-STM32/bin/../lib/gcc/arm-none-eabi/14.3.1/../../../../arm-none-eabi/lib/thumb/v7e-m+fp/hard/libnosys.a
END GROUP
LOAD /opt/st/stm32cubeclt_1.21.0/GNU-tools-for-STM32/bin/../lib/gcc/arm-none-eabi/14.3.1/thumb/v7e-m+fp/hard/crtend.o
LOAD /opt/st/stm32cubeclt_1.21.0/GNU-tools-for-STM32/bin/../lib/gcc/arm-none-eabi/14.3.1/thumb/v7e-m+fp/hard/crtn.o
                0x20010000                        _estack = (ORIGIN (RAM) + LENGTH (RAM))
                0x00000200                        _Min_Heap_Size = 0x200
                0x00000400                        _Min_Stack_Size = 0x400

.isr_vector     0x08000000      0x194
                0x08000000                        . = ALIGN (0x4)
 *(.isr_vector)
 .isr_vector    0x08000000      0x194 CMakeFiles/TIM_test.dir/Src/startup_stm32f401xx.S.obj
                0x08000000                g_pfnVectors
                0x08000194                        . = ALIGN (0x4)

.text           0x08000194     0x1544
                0x08000194                        . = ALIGN (0x4)
 *(.text)
 .text          0x08000194       0x40 /opt/st/stm32cubeclt_1.21.0/GNU-tools-for-STM32/bin/../lib/gcc/arm-none-eabi/14.3.1/thumb/v7e-m+fp/hard/crtbegin.o
 *(.text*)
 .text.__libc_init_array
                0x080001d4       0x50 /opt/st/stm32cubeclt_1.21.0/GNU-tools-for-STM32/bin/../lib/gcc/arm-none-eabi/14.3.1/../../../../arm-none-eabi/lib/thumb/v7e-m+fp/hard/libc.a(libc_a-init.o)
                0x080001d4                __libc_init_array
 .text.__retarget_lock_acquire_recursive
                0x08000224        0x4 /opt/st/stm32cubeclt_1.21.0/GNU-tools-for-STM32/bin/../lib/gcc/arm-none-eabi/14.3.1/../../../../arm-none-eabi/lib/thumb/v7e-m+fp/hard/libc.a(libc_a-lock.o)
                0x08000224                __retarget_lock_acquire_recursive
 .text.__retarget_lock_release_recursive
                0x08000228        0x4 /opt/st/stm32cubeclt_1.21.0/GNU-tools-for-STM32/bin/../lib/gcc/arm-none-eabi/14.3.1/../../../../arm-none-eabi/lib/thumb/v7e-m+fp/hard/libc.a(libc_a-lock.o)
                0x08000228                __retarget_lock_release_recursive
 .text.startup.register_fini
                0x0800022c       0x14 /opt/st/stm32cubeclt_1.21.0/GNU-tools-for-STM32/bin/../lib/gcc/arm-none-eabi/14.3.1/../../../../arm-none-eabi/lib/thumb/v7e-m+fp/hard/libc.a(libc_a-__call_atexit.o)
 .text.atexit   0x08000240        0xc /opt/st/stm32cubeclt_1.21.0/GNU-tools-for-STM32/bin/../lib/gcc/arm-none-eabi/14.3.1/../../../../arm-none-eabi/lib/thumb/v7e-m+fp/hard/libc.a(libc_a-atexit.o)
                0x08000240                atexit
 .text.__libc_fini_array
                0x0800024c       0x28 /opt/st/stm32cubeclt_1.21.0/GNU-tools-for-STM32/bin/../lib/gcc/arm-none-eabi/14.3.1/../../../../arm-none-eabi/lib/thumb/v7e-m+fp/hard/libc.a(libc_a-fini.o)
                0x0800024c                __libc_fini_array
 .text.__register_exitproc
                0x08000274       0x80 /opt/st/stm32cubeclt_1.21.0/GNU-tools-for-STM32/bin/../lib/gcc/arm-none-eabi/14.3.1/../../../../arm-none-eabi/lib/thumb/v7e-m+fp/hard/libc.a(libc_a-__atexit.o)
                0x08000274                __register_exitproc
 .text.main     0x080002f4      0x170 CMakeFiles/TIM_test.dir/Src/main.c.obj
                0x080002f4                main
 .text.Reset_Handler
                0x08000464       0x50 CMakeFiles/TIM_test.dir/Src/startup_stm32f401xx.S.obj
                0x08000464                Reset_Handler
 .text.Default_Handler
                0x080004b4        0x2 CMakeFiles/TIM_test.dir/Src/startup_stm32f401xx.S.obj
                0x080004b4                EXTI2_IRQHandler
                0x080004b4                DebugMon_Handler
                0x080004b4                SPI4_IRQHandler
                0x080004b4                TIM1_CC_IRQHandler
                0x080004b4                DMA2_Stream5_IRQHandler
                0x080004b4                HardFault_Handler
                0x080004b4                DMA1_Stream5_IRQHandler
                0x080004b4                SysTick_Handler
                0x080004b4                SDIO_IRQHandler
                0x080004b4                TAMP_STAMP_IRQHandler
                0x080004b4                PendSV_Handler
                0x080004b4                NMI_Handler
                0x080004b4                EXTI3_IRQHandler
                0x080004b4                I2C3_ER_IRQHandler
                0x080004b4                EXTI18_OTG_FS_WKUP_IRQHandler
                0x080004b4                EXTI0_IRQHandler
                0x080004b4                I2C2_EV_IRQHandler
                0x080004b4                DMA1_Stream2_IRQHandler
                0x080004b4                UsageFault_Handler
                0x080004b4                DMA2_Stream2_IRQHandler
                0x080004b4                SPI1_IRQHandler
                0x080004b4                DMA2_Stream3_IRQHandler
                0x080004b4                USART6_IRQHandler
                0x080004b4                DMA2_Stream0_IRQHandler
                0x080004b4                I2C1_EV_IRQHandler
                0x080004b4                DMA1_Stream6_IRQHandler
                0x080004b4                DMA1_Stream1_IRQHandler
                0x080004b4                RCC_IRQHandler
                0x080004b4                Default_Handler
                0x080004b4                EXTI15_10_IRQHandler
                0x080004b4                ADC_IRQHandler
                0x080004b4                DMA1_Stream7_IRQHandler
                0x080004b4                DMA2_Stream7_IRQHandler
                0x080004b4                I2C3_EV_IRQHandler
                0x080004b4                EXTI9_5_IRQHandler
                0x080004b4                SPI2_IRQHandler
                0x080004b4                MemManage_Handler
                0x080004b4                DMA1_Stream0_IRQHandler
                0x080004b4                SVC_Handler
                0x080004b4                EXTI4_IRQHandler
                0x080004b4                EXTI22_RTC_WKUP_IRQHandler
                0x080004b4                EXTI16_PVD_IRQHandler
                0x080004b4                EXTI1_IRQHandler
                0x080004b4                EXTI17_RTC_Alarm_IRQHandler
                0x080004b4                USART2_IRQHandler
                0x080004b4                I2C2_ER_IRQHandler
                0x080004b4                DMA2_Stream1_IRQHandler
                0x080004b4                FLASH_IRQHandler
                0x080004b4                DMA2_Stream4_IRQHandler
                0x080004b4                BusFault_Handler
                0x080004b4                USART1_IRQHandler
                0x080004b4                OTG_FS_IRQHandler
                0x080004b4                SPI3_IRQHandler
                0x080004b4                DMA1_Stream4_IRQHandler
                0x080004b4                I2C1_ER_IRQHandler
                0x080004b4                DMA2_Stream6_IRQHandler
                0x080004b4                DMA1_Stream3_IRQHandler
 *fill*         0x080004b6        0x2 
 .text.TIM_u32GetTimerClock
                0x080004b8       0x44 CMakeFiles/TIM_test.dir/Src/TIM_program.c.obj
 .text.TIM_u8GetIndex
                0x080004fc       0x60 CMakeFiles/TIM_test.dir/Src/TIM_program.c.obj
 .text.TIM_u8GetChannelIndex
                0x0800055c       0x78 CMakeFiles/TIM_test.dir/Src/TIM_program.c.obj
 .text.TIM_voidApplyAlignment
                0x080005d4       0x96 CMakeFiles/TIM_test.dir/Src/TIM_program.c.obj
 *fill*         0x0800066a        0x2 
 .text.TIM_voidInit
                0x0800066c       0xd8 CMakeFiles/TIM_test.dir/Src/TIM_program.c.obj
                0x0800066c                TIM_voidInit
 .text.TIM_voidStart
                0x08000744       0x58 CMakeFiles/TIM_test.dir/Src/TIM_program.c.obj
                0x08000744                TIM_voidStart
 .text.TIM_voidSetCaptureCompareValue
                0x0800079c       0xa0 CMakeFiles/TIM_test.dir/Src/TIM_program.c.obj
                0x0800079c                TIM_voidSetCaptureCompareValue
 .text.TIM_voidSetCaptureCompareMode
                0x0800083c       0xa0 CMakeFiles/TIM_test.dir/Src/TIM_program.c.obj
                0x0800083c                TIM_voidSetCaptureCompareMode
 .text.TIM_voidSetOutputCompareMode
                0x080008dc       0xb8 CMakeFiles/TIM_test.dir/Src/TIM_program.c.obj
                0x080008dc                TIM_voidSetOutputCompareMode
 .text.TIM_voidEnableChannel
                0x08000994       0x70 CMakeFiles/TIM_test.dir/Src/TIM_program.c.obj
                0x08000994                TIM_voidEnableChannel
 .text.TIM_voidSetPwmFrequency
                0x08000a04       0xc8 CMakeFiles/TIM_test.dir/Src/TIM_program.c.obj
                0x08000a04                TIM_voidSetPwmFrequency
 .text.TIM_voidSetDuty
                0x08000acc       0xb4 CMakeFiles/TIM_test.dir/Src/TIM_program.c.obj
                0x08000acc                TIM_voidSetDuty
 .text.TIM_voidHandleUpdateIRQ
                0x08000b80       0x54 CMakeFiles/TIM_test.dir/Src/TIM_program.c.obj
 .text.TIM2_IRQHandler
                0x08000bd4        0xe CMakeFiles/TIM_test.dir/Src/TIM_program.c.obj
                0x08000bd4                TIM2_IRQHandler
 .text.TIM3_IRQHandler
                0x08000be2        0xe CMakeFiles/TIM_test.dir/Src/TIM_program.c.obj
                0x08000be2                TIM3_IRQHandler
 .text.TIM4_IRQHandler
                0x08000bf0        0xe CMakeFiles/TIM_test.dir/Src/TIM_program.c.obj
                0x08000bf0                TIM4_IRQHandler
 .text.TIM5_IRQHandler
                0x08000bfe        0xe CMakeFiles/TIM_test.dir/Src/TIM_program.c.obj
                0x08000bfe                TIM5_IRQHandler
 .text.TIM1_BRK_TIM9_IRQHandler
                0x08000c0c        0xe CMakeFiles/TIM_test.dir/Src/TIM_program.c.obj
                0x08000c0c                TIM1_BRK_TIM9_IRQHandler
 .text.TIM1_UP_TIM10_IRQHandler
                0x08000c1a        0xe CMakeFiles/TIM_test.dir/Src/TIM_program.c.obj
                0x08000c1a                TIM1_UP_TIM10_IRQHandler
 .text.TIM1_TRG_COM_TIM11_IRQHandler
                0x08000c28        0xe CMakeFiles/TIM_test.dir/Src/TIM_program.c.obj
                0x08000c28                TIM1_TRG_COM_TIM11_IRQHandler
 *fill*         0x08000c36        0x2 
 .text.RCC_InitSysClock
                0x08000c38       0xec CMakeFiles/TIM_test.dir/Src/RCC_program.c.obj
                0x08000c38                RCC_InitSysClock
 .text.RCC_EnablePeripheralClock
                0x08000d24       0xbc CMakeFiles/TIM_test.dir/Src/RCC_program.c.obj
                0x08000d24                RCC_EnablePeripheralClock
 .text.RCC_GetFrequency
                0x08000de0       0xe0 CMakeFiles/TIM_test.dir/Src/RCC_program.c.obj
                0x08000de0                RCC_GetFrequency
 .text.GPIO_SetPinMode
                0x08000ec0      0x154 CMakeFiles/TIM_test.dir/Src/GPIO_program.c.obj
                0x08000ec0                GPIO_SetPinMode
 .text.GPIO_SetPinOutputType
                0x08001014      0x140 CMakeFiles/TIM_test.dir/Src/GPIO_program.c.obj
                0x08001014                GPIO_SetPinOutputType
 .text.GPIO_SetPinOutputSpeed
                0x08001154      0x154 CMakeFiles/TIM_test.dir/Src/GPIO_program.c.obj
                0x08001154                GPIO_SetPinOutputSpeed
 .text.GPIO_SetPinValue
                0x080012a8      0x194 CMakeFiles/TIM_test.dir/Src/GPIO_program.c.obj
                0x080012a8                GPIO_SetPinValue
 .text.GPIO_AF_Set
                0x0800143c      0x284 CMakeFiles/TIM_test.dir/Src/GPIO_program.c.obj
                0x0800143c                GPIO_AF_Set
 *(.glue_7)
 .glue_7        0x080016c0        0x0 linker stubs
 *(.glue_7t)
 .glue_7t       0x080016c0        0x0 linker stubs
 *(.eh_frame)
 .eh_frame      0x080016c0        0x0 /opt/st/stm32cubeclt_1.21.0/GNU-tools-for-STM32/bin/../lib/gcc/arm-none-eabi/14.3.1/thumb/v7e-m+fp/hard/crtbegin.o
 *(.init)
 .init          0x080016c0        0x4 /opt/st/stm32cubeclt_1.21.0/GNU-tools-for-STM32/bin/../lib/gcc/arm-none-eabi/14.3.1/thumb/v7e-m+fp/hard/crti.o
                0x080016c0                _init
 .init          0x080016c4        0x8 /opt/st/stm32cubeclt_1.21.0/GNU-tools-for-STM32/bin/../lib/gcc/arm-none-eabi/14.3.1/thumb/v7e-m+fp/hard/crtn.o
 *(.fini)
 .fini          0x080016cc        0x4 /opt/st/stm32cubeclt_1.21.0/GNU-tools-for-STM32/bin/../lib/gcc/arm-none-eabi/14.3.1/thumb/v7e-m+fp/hard/crti.o
                0x080016cc                _fini
 .fini          0x080016d0        0x8 /opt/st/stm32cubeclt_1.21.0/GNU-tools-for-STM32/bin/../lib/gcc/arm-none-eabi/14.3.1/thumb/v7e-m+fp/hard/crtn.o
                0x080016d8                        . = ALIGN (0x4)
                0x080016d8                        _etext = .

.vfp11_veneer   0x080016d8        0x0
 .vfp11_veneer  0x080016d8        0x0 linker stubs

.v4_bx          0x080016d8        0x0
 .v4_bx         0x080016d8        0x0 linker stubs

.iplt           0x080016d8        0x0
 .iplt          0x080016d8        0x0 /opt/st/stm32cubeclt_1.21.0/GNU-tools-for-STM32/bin/../lib/gcc/arm-none-eabi/14.3.1/thumb/v7e-m+fp/hard/crtbegin.o

.rodata         0x080016d8       0x84
                0x080016d8                        . = ALIGN (0x4)
 *(.rodata)
 *(.rodata*)
 .rodata.TIM_Cap
                0x080016d8       0x15 CMakeFiles/TIM_test.dir/Src/TIM_program.c.obj
 *fill*         0x080016ed        0x3 
 .rodata.TIM_Reg
                0x080016f0       0x1c CMakeFiles/TIM_test.dir/Src/TIM_program.c.obj
 .rodata.TIM_PscCfg
                0x0800170c       0x1c CMakeFiles/TIM_test.dir/Src/TIM_program.c.obj
 .rodata.TIM_ArrCfg
                0x08001728       0x1c CMakeFiles/TIM_test.dir/Src/TIM_program.c.obj
 .rodata.TIM_BufCfg
                0x08001744        0x7 CMakeFiles/TIM_test.dir/Src/TIM_program.c.obj
 *fill*         0x0800174b        0x1 
 .rodata.TIM_DirCfg
                0x0800174c        0x7 CMakeFiles/TIM_test.dir/Src/TIM_program.c.obj
 *fill*         0x08001753        0x1 
 .rodata.TIM_ModeCfg
                0x08001754        0x7 CMakeFiles/TIM_test.dir/Src/TIM_program.c.obj
                0x0800175c                        . = ALIGN (0x4)
 *fill*         0x0800175b        0x1 

.ARM.extab      0x0800175c        0x0
                0x0800175c                        . = ALIGN (0x4)
 *(.ARM.extab* .gnu.linkonce.armextab.*)
                0x0800175c                        . = ALIGN (0x4)

.ARM            0x0800175c        0x0
                0x0800175c                        . = ALIGN (0x4)
                0x0800175c                        __exidx_start = .
 *(.ARM.exidx*)
                0x0800175c                        __exidx_end = .
                0x0800175c                        . = ALIGN (0x4)

.preinit_array  0x0800175c        0x0
                0x0800175c                        . = ALIGN (0x4)
                0x0800175c                        PROVIDE (__preinit_array_start = .)
 *(.preinit_array*)
                0x0800175c                        PROVIDE (__preinit_array_end = .)
                0x0800175c                        . = ALIGN (0x4)

.init_array     0x0800175c        0x8
                0x0800175c                        . = ALIGN (0x4)
                0x0800175c                        PROVIDE (__init_array_start = .)
 *(SORT_BY_NAME(.init_array.*))
 .init_array.00000
                0x0800175c        0x4 /opt/st/stm32cubeclt_1.21.0/GNU-tools-for-STM32/bin/../lib/gcc/arm-none-eabi/14.3.1/../../../../arm-none-eabi/lib/thumb/v7e-m+fp/hard/libc.a(libc_a-__call_atexit.o)
 *(.init_array*)
 .init_array    0x08001760        0x4 /opt/st/stm32cubeclt_1.21.0/GNU-tools-for-STM32/bin/../lib/gcc/arm-none-eabi/14.3.1/thumb/v7e-m+fp/hard/crtbegin.o
                0x08001764                        PROVIDE (__init_array_end = .)
                0x08001764                        . = ALIGN (0x4)

.fini_array     0x08001764        0x4
                0x08001764                        . = ALIGN (0x4)
                0x08001764                        PROVIDE (__fini_array_start = .)
 *(SORT_BY_NAME(.fini_array.*))
 *(.fini_array*)
 .fini_array    0x08001764        0x4 /opt/st/stm32cubeclt_1.21.0/GNU-tools-for-STM32/bin/../lib/gcc/arm-none-eabi/14.3.1/thumb/v7e-m+fp/hard/crtbegin.o
                0x08001768                        PROVIDE (__fini_array_end = .)
                0x08001768                        . = ALIGN (0x4)
                0x08001768                        _sidata = LOADADDR (.data)

.rel.dyn        0x08001768        0x0
 .rel.iplt      0x08001768        0x0 /opt/st/stm32cubeclt_1.21.0/GNU-tools-for-STM32/bin/../lib/gcc/arm-none-eabi/14.3.1/thumb/v7e-m+fp/hard/crtbegin.o

.data           0x20000000        0x4 load address 0x08001768
                0x20000000                        _sdata = .
 *(.data)
 *(.data*)
 .data.__atexit_recursive_mutex
                0x20000000        0x4 /opt/st/stm32cubeclt_1.21.0/GNU-tools-for-STM32/bin/../lib/gcc/arm-none-eabi/14.3.1/../../../../arm-none-eabi/lib/thumb/v7e-m+fp/hard/libc.a(libc_a-__call_atexit.o)
                0x20000000                __atexit_recursive_mutex
 *(.RamFunc)
 *(.RamFunc*)
                0x20000004                        . = ALIGN (0x4)

.igot.plt       0x20000004        0x0 load address 0x0800176c
 .igot.plt      0x20000004        0x0 /opt/st/stm32cubeclt_1.21.0/GNU-tools-for-STM32/bin/../lib/gcc/arm-none-eabi/14.3.1/thumb/v7e-m+fp/hard/crtbegin.o

.tdata          0x20000004        0x0 load address 0x0800176c
 *(.tdata .tdata.* .gnu.linkonce.td.*)
                0x20000004                        . = ALIGN (0x4)
                0x20000004                        _edata = .
                [!provide]                        PROVIDE (__data_end = .)
                [!provide]                        PROVIDE (__tdata_end = .)
                [!provide]                        PROVIDE (__tdata_start = ADDR (.tdata))
                [!provide]                        PROVIDE (__tdata_size = (__tdata_end - __tdata_start))
                [!provide]                        PROVIDE (__data_start = ADDR (.data))
                [!provide]                        PROVIDE (__data_size = (__data_end - __data_start))
                [!provide]                        PROVIDE (__tdata_source = LOADADDR (.tdata))
                [!provide]                        PROVIDE (__tdata_source_end = (LOADADDR (.tdata) + SIZEOF (.tdata)))
                [!provide]                        PROVIDE (__tdata_source_size = (__tdata_source_end - __tdata_source))
                [!provide]                        PROVIDE (__data_source = LOADADDR (.data))
                [!provide]                        PROVIDE (__data_source_end = __tdata_source_end)
                [!provide]                        PROVIDE (__data_source_size = (__data_source_end - __data_source))

.tbss           0x20000004        0x0 load address 0x0800176c
                0x20000004                        _sbss = .
                0x20000004                        __bss_start__ = _sbss
                [!provide]                        PROVIDE (__bss_start = .)
 *(.tbss .tbss.*)
                0x20000004                        . = ALIGN (0x4)
                [!provide]                        PROVIDE (__tbss_end = .)
                [!provide]                        PROVIDE (__tbss_start = ADDR (.tbss))
                [!provide]                        PROVIDE (__tbss_size = (__tbss_end - __tbss_start))
                [!provide]                        PROVIDE (__tbss_offset = (ADDR (.tbss) - ADDR (.tdata)))
                [!provide]                        PROVIDE (__tls_base = __tdata_start)
                [!provide]                        PROVIDE (__tls_end = __tbss_end)
                [!provide]                        PROVIDE (__tls_size = (__tls_end - __tls_base))
                [!provide]                        PROVIDE (__tls_align = MAX (ALIGNOF (.tdata), ALIGNOF (.tbss)))
                [!provide]                        PROVIDE (__tls_size_align = (((__tls_size + __tls_align) - 0x1) & ~ ((__tls_align - 0x1))))
                [!provide]                        PROVIDE (__arm32_tls_tcb_offset = MAX (0x8, __tls_align))
                [!provide]                        PROVIDE (__arm64_tls_tcb_offset = MAX (0x10, __tls_align))

.bss            0x20000004      0x1d8 load address 0x0800176c
 *(.bss)
 .bss           0x20000004       0x1c /opt/st/stm32cubeclt_1.21.0/GNU-tools-for-STM32/bin/../lib/gcc/arm-none-eabi/14.3.1/thumb/v7e-m+fp/hard/crtbegin.o
 *(.bss*)
 .bss.__lock___atexit_recursive_mutex
                0x20000020        0x1 /opt/st/stm32cubeclt_1.21.0/GNU-tools-for-STM32/bin/../lib/gcc/arm-none-eabi/14.3.1/../../../../arm-none-eabi/lib/thumb/v7e-m+fp/hard/libc.a(libc_a-lock.o)
                0x20000020                __lock___atexit_recursive_mutex
 *fill*         0x20000021        0x3 
 .bss.__atexit  0x20000024        0x4 /opt/st/stm32cubeclt_1.21.0/GNU-tools-for-STM32/bin/../lib/gcc/arm-none-eabi/14.3.1/../../../../arm-none-eabi/lib/thumb/v7e-m+fp/hard/libc.a(libc_a-__call_atexit.o)
                0x20000024                __atexit
 .bss.__atexit0
                0x20000028      0x190 /opt/st/stm32cubeclt_1.21.0/GNU-tools-for-STM32/bin/../lib/gcc/arm-none-eabi/14.3.1/../../../../arm-none-eabi/lib/thumb/v7e-m+fp/hard/libc.a(libc_a-__atexit.o)
                0x20000028                __atexit0
 .bss.freq      0x200001b8        0x4 CMakeFiles/TIM_test.dir/Src/main.c.obj
                0x200001b8                freq
 .bss.TIM_u32ClkHz
                0x200001bc        0x4 CMakeFiles/TIM_test.dir/Src/TIM_program.c.obj
 .bss.TIM_Callback
                0x200001c0       0x1c CMakeFiles/TIM_test.dir/Src/TIM_program.c.obj
 *(COMMON)
                0x200001dc                        . = ALIGN (0x4)
                0x200001dc                        _ebss = .
                0x200001dc                        __bss_end__ = _ebss
                [!provide]                        PROVIDE (__bss_end = .)
                [!provide]                        PROVIDE (__bss_size = (__bss_end - __bss_start))
                [!provide]                        PROVIDE (__non_tls_bss_start = ADDR (.bss))

._user_heap_stack
                0x200001dc      0x604 load address 0x0800176c
                0x200001e0                        . = ALIGN (0x8)
 *fill*         0x200001dc        0x4 
                [!provide]                        PROVIDE (end = .)
                0x200001e0                        PROVIDE (_end = .)
                0x200003e0                        . = (. + _Min_Heap_Size)
 *fill*         0x200001e0      0x200 
                0x200007e0                        . = (. + _Min_Stack_Size)
 *fill*         0x200003e0      0x400 
                0x200007e0                        . = ALIGN (0x8)

/DISCARD/
 libc.a:*(*)
 libm.a:*(*)
 libgcc.a:*(*)

.ARM.attributes
                0x00000000       0x30
 *(.ARM.attributes)
 .ARM.attributes
                0x00000000       0x22 /opt/st/stm32cubeclt_1.21.0/GNU-tools-for-STM32/bin/../lib/gcc/arm-none-eabi/14.3.1/thumb/v7e-m+fp/hard/crti.o
 .ARM.attributes
                0x00000022       0x34 /opt/st/stm32cubeclt_1.21.0/GNU-tools-for-STM32/bin/../lib/gcc/arm-none-eabi/14.3.1/thumb/v7e-m+fp/hard/crtbegin.o
 .ARM.attributes
                0x00000056       0x34 /opt/st/stm32cubeclt_1.21.0/GNU-tools-for-STM32/bin/../lib/gcc/arm-none-eabi/14.3.1/../../../../arm-none-eabi/lib/thumb/v7e-m+fp/hard/libc.a(libc_a-init.o)
 .ARM.attributes
                0x0000008a       0x34 /opt/st/stm32cubeclt_1.21.0/GNU-tools-for-STM32/bin/../lib/gcc/arm-none-eabi/14.3.1/../../../../arm-none-eabi/lib/thumb/v7e-m+fp/hard/libc.a(libc_a-lock.o)
 .ARM.attributes
                0x000000be       0x34 /opt/st/stm32cubeclt_1.21.0/GNU-tools-for-STM32/bin/../lib/gcc/arm-none-eabi/14.3.1/../../../../arm-none-eabi/lib/thumb/v7e-m+fp/hard/libc.a(libc_a-__call_atexit.o)
 .ARM.attributes
                0x000000f2       0x34 /opt/st/stm32cubeclt_1.21.0/GNU-tools-for-STM32/bin/../lib/gcc/arm-none-eabi/14.3.1/../../../../arm-none-eabi/lib/thumb/v7e-m+fp/hard/libc.a(libc_a-atexit.o)
 .ARM.attributes
                0x00000126       0x34 /opt/st/stm32cubeclt_1.21.0/GNU-tools-for-STM32/bin/../lib/gcc/arm-none-eabi/14.3.1/../../../../arm-none-eabi/lib/thumb/v7e-m+fp/hard/libc.a(libc_a-fini.o)
 .ARM.attributes
                0x0000015a       0x34 /opt/st/stm32cubeclt_1.21.0/GNU-tools-for-STM32/bin/../lib/gcc/arm-none-eabi/14.3.1/../../../../arm-none-eabi/lib/thumb/v7e-m+fp/hard/libc.a(libc_a-__atexit.o)
 .ARM.attributes
                0x0000018e       0x34 CMakeFiles/TIM_test.dir/Src/main.c.obj
 .ARM.attributes
                0x000001c2       0x21 CMakeFiles/TIM_test.dir/Src/startup_stm32f401xx.S.obj
 .ARM.attributes
                0x000001e3       0x34 CMakeFiles/TIM_test.dir/Src/TIM_program.c.obj
 .ARM.attributes
                0x00000217       0x34 CMakeFiles/TIM_test.dir/Src/RCC_program.c.obj
 .ARM.attributes
                0x0000024b       0x34 CMakeFiles/TIM_test.dir/Src/GPIO_program.c.obj
 .ARM.attributes
                0x0000027f       0x22 /opt/st/stm32cubeclt_1.21.0/GNU-tools-for-STM32/bin/../lib/gcc/arm-none-eabi/14.3.1/thumb/v7e-m+fp/hard/crtn.o
OUTPUT(TIM_test.elf elf32-littlearm)
LOAD linker stubs

.debug_frame    0x00000000      0x844
 .debug_frame   0x00000000       0x2c /opt/st/stm32cubeclt_1.21.0/GNU-tools-for-STM32/bin/../lib/gcc/arm-none-eabi/14.3.1/../../../../arm-none-eabi/lib/thumb/v7e-m+fp/hard/libc.a(libc_a-init.o)
 .debug_frame   0x0000002c       0xb0 /opt/st/stm32cubeclt_1.21.0/GNU-tools-for-STM32/bin/../lib/gcc/arm-none-eabi/14.3.1/../../../../arm-none-eabi/lib/thumb/v7e-m+fp/hard/libc.a(libc_a-lock.o)
 .debug_frame   0x000000dc       0x5c /opt/st/stm32cubeclt_1.21.0/GNU-tools-for-STM32/bin/../lib/gcc/arm-none-eabi/14.3.1/../../../../arm-none-eabi/lib/thumb/v7e-m+fp/hard/libc.a(libc_a-__call_atexit.o)
 .debug_frame   0x00000138       0x20 /opt/st/stm32cubeclt_1.21.0/GNU-tools-for-STM32/bin/../lib/gcc/arm-none-eabi/14.3.1/../../../../arm-none-eabi/lib/thumb/v7e-m+fp/hard/libc.a(libc_a-atexit.o)
 .debug_frame   0x00000158       0x34 /opt/st/stm32cubeclt_1.21.0/GNU-tools-for-STM32/bin/../lib/gcc/arm-none-eabi/14.3.1/../../../../arm-none-eabi/lib/thumb/v7e-m+fp/hard/libc.a(libc_a-fini.o)
 .debug_frame   0x0000018c       0x34 /opt/st/stm32cubeclt_1.21.0/GNU-tools-for-STM32/bin/../lib/gcc/arm-none-eabi/14.3.1/../../../../arm-none-eabi/lib/thumb/v7e-m+fp/hard/libc.a(libc_a-__atexit.o)
 .debug_frame   0x000001c0       0x2c CMakeFiles/TIM_test.dir/Src/main.c.obj
 .debug_frame   0x000001ec      0x47c CMakeFiles/TIM_test.dir/Src/TIM_program.c.obj
 .debug_frame   0x00000668       0xd0 CMakeFiles/TIM_test.dir/Src/RCC_program.c.obj
 .debug_frame   0x00000738      0x10c CMakeFiles/TIM_test.dir/Src/GPIO_program.c.obj

.debug_info     0x00000000     0x12b2
 .debug_info    0x00000000      0x278 CMakeFiles/TIM_test.dir/Src/main.c.obj
 .debug_info    0x00000278       0x30 CMakeFiles/TIM_test.dir/Src/startup_stm32f401xx.S.obj
 .debug_info    0x000002a8      0xb6d CMakeFiles/TIM_test.dir/Src/TIM_program.c.obj
 .debug_info    0x00000e15      0x1cf CMakeFiles/TIM_test.dir/Src/RCC_program.c.obj
 .debug_info    0x00000fe4      0x2ce CMakeFiles/TIM_test.dir/Src/GPIO_program.c.obj

.debug_abbrev   0x00000000      0x520
 .debug_abbrev  0x00000000       0xea CMakeFiles/TIM_test.dir/Src/main.c.obj
 .debug_abbrev  0x000000ea       0x24 CMakeFiles/TIM_test.dir/Src/startup_stm32f401xx.S.obj
 .debug_abbrev  0x0000010e      0x264 CMakeFiles/TIM_test.dir/Src/TIM_program.c.obj
 .debug_abbrev  0x00000372       0xb8 CMakeFiles/TIM_test.dir/Src/RCC_program.c.obj
 .debug_abbrev  0x0000042a       0xf6 CMakeFiles/TIM_test.dir/Src/GPIO_program.c.obj

.debug_aranges  0x00000000      0x1f8
 .debug_aranges
                0x00000000       0x20 CMakeFiles/TIM_test.dir/Src/main.c.obj
 .debug_aranges
                0x00000020       0x28 CMakeFiles/TIM_test.dir/Src/startup_stm32f401xx.S.obj
 .debug_aranges
                0x00000048      0x120 CMakeFiles/TIM_test.dir/Src/TIM_program.c.obj
 .debug_aranges
                0x00000168       0x40 CMakeFiles/TIM_test.dir/Src/RCC_program.c.obj
 .debug_aranges
                0x000001a8       0x50 CMakeFiles/TIM_test.dir/Src/GPIO_program.c.obj

.debug_rnglists
                0x00000000      0x176
 .debug_rnglists
                0x00000000       0x14 CMakeFiles/TIM_test.dir/Src/main.c.obj
 .debug_rnglists
                0x00000014       0x19 CMakeFiles/TIM_test.dir/Src/startup_stm32f401xx.S.obj
 .debug_rnglists
                0x0000002d       0xdc CMakeFiles/TIM_test.dir/Src/TIM_program.c.obj
 .debug_rnglists
                0x00000109       0x2f CMakeFiles/TIM_test.dir/Src/RCC_program.c.obj
 .debug_rnglists
                0x00000138       0x3e CMakeFiles/TIM_test.dir/Src/GPIO_program.c.obj

.debug_macro    0x00000000      0x908
 .debug_macro   0x00000000       0x79 CMakeFiles/TIM_test.dir/Src/main.c.obj
 .debug_macro   0x00000079       0x22 CMakeFiles/TIM_test.dir/Src/main.c.obj
 .debug_macro   0x0000009b       0x1c CMakeFiles/TIM_test.dir/Src/main.c.obj
 .debug_macro   0x000000b7       0x4c CMakeFiles/TIM_test.dir/Src/main.c.obj
 .debug_macro   0x00000103      0x200 CMakeFiles/TIM_test.dir/Src/main.c.obj
 .debug_macro   0x00000303       0x34 CMakeFiles/TIM_test.dir/Src/main.c.obj
 .debug_macro   0x00000337       0x1c CMakeFiles/TIM_test.dir/Src/main.c.obj
 .debug_macro   0x00000353      0x15a CMakeFiles/TIM_test.dir/Src/main.c.obj
 .debug_macro   0x000004ad      0x15c CMakeFiles/TIM_test.dir/Src/main.c.obj
 .debug_macro   0x00000609       0x88 CMakeFiles/TIM_test.dir/Src/TIM_program.c.obj
 .debug_macro   0x00000691      0x124 CMakeFiles/TIM_test.dir/Src/TIM_program.c.obj
 .debug_macro   0x000007b5       0xb2 CMakeFiles/TIM_test.dir/Src/TIM_program.c.obj
 .debug_macro   0x00000867       0x50 CMakeFiles/TIM_test.dir/Src/RCC_program.c.obj
 .debug_macro   0x000008b7       0x51 CMakeFiles/TIM_test.dir/Src/GPIO_program.c.obj

.debug_line     0x00000000     0x1641
 .debug_line    0x00000000      0x1e9 CMakeFiles/TIM_test.dir/Src/main.c.obj
 .debug_line    0x000001e9       0x7b CMakeFiles/TIM_test.dir/Src/startup_stm32f401xx.S.obj
 .debug_line    0x00000264      0x8d9 CMakeFiles/TIM_test.dir/Src/TIM_program.c.obj
 .debug_line    0x00000b3d      0x30b CMakeFiles/TIM_test.dir/Src/RCC_program.c.obj
 .debug_line    0x00000e48      0x7f9 CMakeFiles/TIM_test.dir/Src/GPIO_program.c.obj

.debug_str      0x00000000     0x5ca2
 .debug_str     0x00000000     0x5ca2 CMakeFiles/TIM_test.dir/Src/main.c.obj
                               0x4c2b (size before relaxing)
 .debug_str     0x00005ca2      0x120 CMakeFiles/TIM_test.dir/Src/startup_stm32f401xx.S.obj
 .debug_str     0x00005ca2     0x49bb CMakeFiles/TIM_test.dir/Src/TIM_program.c.obj
 .debug_str     0x00005ca2     0x3afe CMakeFiles/TIM_test.dir/Src/RCC_program.c.obj
 .debug_str     0x00005ca2     0x417b CMakeFiles/TIM_test.dir/Src/GPIO_program.c.obj

.comment        0x00000000       0x43
 .comment       0x00000000       0x43 CMakeFiles/TIM_test.dir/Src/main.c.obj
                                 0x44 (size before relaxing)
 .comment       0x00000043       0x44 CMakeFiles/TIM_test.dir/Src/TIM_program.c.obj
 .comment       0x00000043       0x44 CMakeFiles/TIM_test.dir/Src/RCC_program.c.obj
 .comment       0x00000043       0x44 CMakeFiles/TIM_test.dir/Src/GPIO_program.c.obj

.debug_line_str
                0x00000000      0x104
 .debug_line_str
                0x00000000      0x104 CMakeFiles/TIM_test.dir/Src/startup_stm32f401xx.S.obj
