/media/khaled-ahmed-elwan/DATA/Microcontroller-Architecture-and-Interfacing-with-ARM-Cortex/Workspace/TIM_test/Src/TIM_program.c:47:12:TIM_u32GetTimerClock	16	static
/media/khaled-ahmed-elwan/DATA/Microcontroller-Architecture-and-Interfacing-with-ARM-Cortex/Workspace/TIM_test/Src/TIM_program.c:112:11:TIM_u8GetIndex	16	static
/media/khaled-ahmed-elwan/DATA/Microcontroller-Architecture-and-Interfacing-with-ARM-Cortex/Workspace/TIM_test/Src/TIM_program.c:129:11:TIM_u8GetChannelIndex	24	static
/media/khaled-ahmed-elwan/DATA/Microcontroller-Architecture-and-Interfacing-with-ARM-Cortex/Workspace/TIM_test/Src/TIM_program.c:150:13:TIM_voidApplyAlignment	16	static
/media/khaled-ahmed-elwan/DATA/Microcontroller-Architecture-and-Interfacing-with-ARM-Cortex/Workspace/TIM_test/Src/TIM_program.c:177:6:TIM_voidInit	24	static
/media/khaled-ahmed-elwan/DATA/Microcontroller-Architecture-and-Interfacing-with-ARM-Cortex/Workspace/TIM_test/Src/TIM_program.c:207:6:TIM_voidSetPrescaler	24	static
/media/khaled-ahmed-elwan/DATA/Microcontroller-Architecture-and-Interfacing-with-ARM-Cortex/Workspace/TIM_test/Src/TIM_program.c:216:6:TIM_voidSetPeriod	24	static
/media/khaled-ahmed-elwan/DATA/Microcontroller-Architecture-and-Interfacing-with-ARM-Cortex/Workspace/TIM_test/Src/TIM_program.c:225:6:TIM_voidStart	24	static
/media/khaled-ahmed-elwan/DATA/Microcontroller-Architecture-and-Interfacing-with-ARM-Cortex/Workspace/TIM_test/Src/TIM_program.c:238:6:TIM_voidStop	24	static
/media/khaled-ahmed-elwan/DATA/Microcontroller-Architecture-and-Interfacing-with-ARM-Cortex/Workspace/TIM_test/Src/TIM_program.c:248:6:TIM_voidSetCaptureCompareValue	24	static
/media/khaled-ahmed-elwan/DATA/Microcontroller-Architecture-and-Interfacing-with-ARM-Cortex/Workspace/TIM_test/Src/TIM_program.c:273:6:TIM_voidSetCaptureCompareMode	32	static
/media/khaled-ahmed-elwan/DATA/Microcontroller-Architecture-and-Interfacing-with-ARM-Cortex/Workspace/TIM_test/Src/TIM_program.c:293:6:TIM_voidSetOutputCompareMode	32	static
/media/khaled-ahmed-elwan/DATA/Microcontroller-Architecture-and-Interfacing-with-ARM-Cortex/Workspace/TIM_test/Src/TIM_program.c:312:6:TIM_voidEnableChannel	24	static
/media/khaled-ahmed-elwan/DATA/Microcontroller-Architecture-and-Interfacing-with-ARM-Cortex/Workspace/TIM_test/Src/TIM_program.c:325:6:TIM_voidDisableChannel	24	static
/media/khaled-ahmed-elwan/DATA/Microcontroller-Architecture-and-Interfacing-with-ARM-Cortex/Workspace/TIM_test/Src/TIM_program.c:339:6:TIM_voidSetPolarity	24	static
/media/khaled-ahmed-elwan/DATA/Microcontroller-Architecture-and-Interfacing-with-ARM-Cortex/Workspace/TIM_test/Src/TIM_program.c:358:6:TIM_voidSetPwmFrequency	40	static
/media/khaled-ahmed-elwan/DATA/Microcontroller-Architecture-and-Interfacing-with-ARM-Cortex/Workspace/TIM_test/Src/TIM_program.c:386:6:TIM_voidSetDuty	32	static
/media/khaled-ahmed-elwan/DATA/Microcontroller-Architecture-and-Interfacing-with-ARM-Cortex/Workspace/TIM_test/Src/TIM_program.c:414:6:TIM_voidEncoderInit	24	static
/media/khaled-ahmed-elwan/DATA/Microcontroller-Architecture-and-Interfacing-with-ARM-Cortex/Workspace/TIM_test/Src/TIM_program.c:447:6:TIM_voidEncoderReset	24	static
/media/khaled-ahmed-elwan/DATA/Microcontroller-Architecture-and-Interfacing-with-ARM-Cortex/Workspace/TIM_test/Src/TIM_program.c:459:5:TIM_u32EncoderGetCount	24	static
/media/khaled-ahmed-elwan/DATA/Microcontroller-Architecture-and-Interfacing-with-ARM-Cortex/Workspace/TIM_test/Src/TIM_program.c:483:13:TIM_voidNvicEnableIRQ	24	static
/media/khaled-ahmed-elwan/DATA/Microcontroller-Architecture-and-Interfacing-with-ARM-Cortex/Workspace/TIM_test/Src/TIM_program.c:492:13:TIM_voidHandleUpdateIRQ	24	static
/media/khaled-ahmed-elwan/DATA/Microcontroller-Architecture-and-Interfacing-with-ARM-Cortex/Workspace/TIM_test/Src/TIM_program.c:512:6:TIM_voidSetTimeBaseFrequency	16	static
/media/khaled-ahmed-elwan/DATA/Microcontroller-Architecture-and-Interfacing-with-ARM-Cortex/Workspace/TIM_test/Src/TIM_program.c:520:6:TIM_voidSetCallback	24	static
/media/khaled-ahmed-elwan/DATA/Microcontroller-Architecture-and-Interfacing-with-ARM-Cortex/Workspace/TIM_test/Src/TIM_program.c:533:6:TIM_voidEnableInterrupt	24	static
/media/khaled-ahmed-elwan/DATA/Microcontroller-Architecture-and-Interfacing-with-ARM-Cortex/Workspace/TIM_test/Src/TIM_program.c:548:6:TIM_voidDisableInterrupt	24	static
/media/khaled-ahmed-elwan/DATA/Microcontroller-Architecture-and-Interfacing-with-ARM-Cortex/Workspace/TIM_test/Src/TIM_program.c:560:6:TIM2_IRQHandler	8	static
/media/khaled-ahmed-elwan/DATA/Microcontroller-Architecture-and-Interfacing-with-ARM-Cortex/Workspace/TIM_test/Src/TIM_program.c:561:6:TIM3_IRQHandler	8	static
/media/khaled-ahmed-elwan/DATA/Microcontroller-Architecture-and-Interfacing-with-ARM-Cortex/Workspace/TIM_test/Src/TIM_program.c:562:6:TIM4_IRQHandler	8	static
/media/khaled-ahmed-elwan/DATA/Microcontroller-Architecture-and-Interfacing-with-ARM-Cortex/Workspace/TIM_test/Src/TIM_program.c:563:6:TIM5_IRQHandler	8	static
/media/khaled-ahmed-elwan/DATA/Microcontroller-Architecture-and-Interfacing-with-ARM-Cortex/Workspace/TIM_test/Src/TIM_program.c:564:6:TIM1_BRK_TIM9_IRQHandler	8	static
/media/khaled-ahmed-elwan/DATA/Microcontroller-Architecture-and-Interfacing-with-ARM-Cortex/Workspace/TIM_test/Src/TIM_program.c:565:6:TIM1_UP_TIM10_IRQHandler	8	static
/media/khaled-ahmed-elwan/DATA/Microcontroller-Architecture-and-Interfacing-with-ARM-Cortex/Workspace/TIM_test/Src/TIM_program.c:566:6:TIM1_TRG_COM_TIM11_IRQHandler	8	static
