/media/khaled-ahmed-elwan/DATA/Microcontroller-Architecture-and-Interfacing-with-ARM-Cortex/Workspace/TIM_test/Src/TIM_program.c:102:11:TIM_u8GetIndex	16	static
/media/khaled-ahmed-elwan/DATA/Microcontroller-Architecture-and-Interfacing-with-ARM-Cortex/Workspace/TIM_test/Src/TIM_program.c:119:11:TIM_u8GetChannelIndex	24	static
/media/khaled-ahmed-elwan/DATA/Microcontroller-Architecture-and-Interfacing-with-ARM-Cortex/Workspace/TIM_test/Src/TIM_program.c:140:13:TIM_voidApplyAlignment	16	static
/media/khaled-ahmed-elwan/DATA/Microcontroller-Architecture-and-Interfacing-with-ARM-Cortex/Workspace/TIM_test/Src/TIM_program.c:167:6:TIM_voidInit	24	static
/media/khaled-ahmed-elwan/DATA/Microcontroller-Architecture-and-Interfacing-with-ARM-Cortex/Workspace/TIM_test/Src/TIM_program.c:197:6:TIM_voidSetPrescaler	24	static
/media/khaled-ahmed-elwan/DATA/Microcontroller-Architecture-and-Interfacing-with-ARM-Cortex/Workspace/TIM_test/Src/TIM_program.c:206:6:TIM_voidSetPeriod	24	static
/media/khaled-ahmed-elwan/DATA/Microcontroller-Architecture-and-Interfacing-with-ARM-Cortex/Workspace/TIM_test/Src/TIM_program.c:215:6:TIM_voidStart	24	static
/media/khaled-ahmed-elwan/DATA/Microcontroller-Architecture-and-Interfacing-with-ARM-Cortex/Workspace/TIM_test/Src/TIM_program.c:228:6:TIM_voidStop	24	static
/media/khaled-ahmed-elwan/DATA/Microcontroller-Architecture-and-Interfacing-with-ARM-Cortex/Workspace/TIM_test/Src/TIM_program.c:238:6:TIM_voidSetCaptureCompareValue	24	static
/media/khaled-ahmed-elwan/DATA/Microcontroller-Architecture-and-Interfacing-with-ARM-Cortex/Workspace/TIM_test/Src/TIM_program.c:263:6:TIM_voidSetCaptureCompareMode	32	static
/media/khaled-ahmed-elwan/DATA/Microcontroller-Architecture-and-Interfacing-with-ARM-Cortex/Workspace/TIM_test/Src/TIM_program.c:283:6:TIM_voidSetOutputCompareMode	32	static
/media/khaled-ahmed-elwan/DATA/Microcontroller-Architecture-and-Interfacing-with-ARM-Cortex/Workspace/TIM_test/Src/TIM_program.c:302:6:TIM_voidEnableChannel	24	static
/media/khaled-ahmed-elwan/DATA/Microcontroller-Architecture-and-Interfacing-with-ARM-Cortex/Workspace/TIM_test/Src/TIM_program.c:315:6:TIM_voidDisableChannel	24	static
/media/khaled-ahmed-elwan/DATA/Microcontroller-Architecture-and-Interfacing-with-ARM-Cortex/Workspace/TIM_test/Src/TIM_program.c:329:6:TIM_voidSetPolarity	24	static
/media/khaled-ahmed-elwan/DATA/Microcontroller-Architecture-and-Interfacing-with-ARM-Cortex/Workspace/TIM_test/Src/TIM_program.c:348:6:TIM_voidSetPwmFrequency	40	static
/media/khaled-ahmed-elwan/DATA/Microcontroller-Architecture-and-Interfacing-with-ARM-Cortex/Workspace/TIM_test/Src/TIM_program.c:376:6:TIM_voidSetDuty	32	static
/media/khaled-ahmed-elwan/DATA/Microcontroller-Architecture-and-Interfacing-with-ARM-Cortex/Workspace/TIM_test/Src/TIM_program.c:404:6:TIM_voidEncoderInit	24	static
/media/khaled-ahmed-elwan/DATA/Microcontroller-Architecture-and-Interfacing-with-ARM-Cortex/Workspace/TIM_test/Src/TIM_program.c:437:6:TIM_voidEncoderReset	24	static
/media/khaled-ahmed-elwan/DATA/Microcontroller-Architecture-and-Interfacing-with-ARM-Cortex/Workspace/TIM_test/Src/TIM_program.c:449:5:TIM_u32EncoderGetCount	24	static
/media/khaled-ahmed-elwan/DATA/Microcontroller-Architecture-and-Interfacing-with-ARM-Cortex/Workspace/TIM_test/Src/TIM_program.c:473:13:TIM_voidNvicEnableIRQ	24	static
/media/khaled-ahmed-elwan/DATA/Microcontroller-Architecture-and-Interfacing-with-ARM-Cortex/Workspace/TIM_test/Src/TIM_program.c:482:13:TIM_voidHandleUpdateIRQ	24	static
/media/khaled-ahmed-elwan/DATA/Microcontroller-Architecture-and-Interfacing-with-ARM-Cortex/Workspace/TIM_test/Src/TIM_program.c:502:6:TIM_voidSetTimeBaseFrequency	16	static
/media/khaled-ahmed-elwan/DATA/Microcontroller-Architecture-and-Interfacing-with-ARM-Cortex/Workspace/TIM_test/Src/TIM_program.c:510:6:TIM_voidSetCallback	24	static
/media/khaled-ahmed-elwan/DATA/Microcontroller-Architecture-and-Interfacing-with-ARM-Cortex/Workspace/TIM_test/Src/TIM_program.c:523:6:TIM_voidEnableInterrupt	24	static
/media/khaled-ahmed-elwan/DATA/Microcontroller-Architecture-and-Interfacing-with-ARM-Cortex/Workspace/TIM_test/Src/TIM_program.c:538:6:TIM_voidDisableInterrupt	24	static
/media/khaled-ahmed-elwan/DATA/Microcontroller-Architecture-and-Interfacing-with-ARM-Cortex/Workspace/TIM_test/Src/TIM_program.c:550:6:TIM2_IRQHandler	8	static
/media/khaled-ahmed-elwan/DATA/Microcontroller-Architecture-and-Interfacing-with-ARM-Cortex/Workspace/TIM_test/Src/TIM_program.c:551:6:TIM3_IRQHandler	8	static
/media/khaled-ahmed-elwan/DATA/Microcontroller-Architecture-and-Interfacing-with-ARM-Cortex/Workspace/TIM_test/Src/TIM_program.c:552:6:TIM4_IRQHandler	8	static
/media/khaled-ahmed-elwan/DATA/Microcontroller-Architecture-and-Interfacing-with-ARM-Cortex/Workspace/TIM_test/Src/TIM_program.c:553:6:TIM5_IRQHandler	8	static
/media/khaled-ahmed-elwan/DATA/Microcontroller-Architecture-and-Interfacing-with-ARM-Cortex/Workspace/TIM_test/Src/TIM_program.c:554:6:TIM1_BRK_TIM9_IRQHandler	8	static
/media/khaled-ahmed-elwan/DATA/Microcontroller-Architecture-and-Interfacing-with-ARM-Cortex/Workspace/TIM_test/Src/TIM_program.c:555:6:TIM1_UP_TIM10_IRQHandler	8	static
/media/khaled-ahmed-elwan/DATA/Microcontroller-Architecture-and-Interfacing-with-ARM-Cortex/Workspace/TIM_test/Src/TIM_program.c:556:6:TIM1_TRG_COM_TIM11_IRQHandler	8	static
