ARM GAS  /tmp/ccL8B3jm.s 			page 1


   1              		.cpu cortex-m4
   2              		.arch armv7e-m
   3              		.fpu fpv4-sp-d16
   4              		.eabi_attribute 27, 1
   5              		.eabi_attribute 28, 1
   6              		.eabi_attribute 20, 1
   7              		.eabi_attribute 21, 1
   8              		.eabi_attribute 23, 3
   9              		.eabi_attribute 24, 1
  10              		.eabi_attribute 25, 1
  11              		.eabi_attribute 26, 1
  12              		.eabi_attribute 30, 1
  13              		.eabi_attribute 34, 1
  14              		.eabi_attribute 18, 4
  15              		.file	"GPIO_program.c"
  16              		.text
  17              	.Ltext0:
  18              		.cfi_sections	.debug_frame
  19              		.file 1 "Core/Src/GPIO_program.c"
  20              		.section	.text.GPIO_SetPinMode,"ax",%progbits
  21              		.align	1
  22              		.global	GPIO_SetPinMode
  23              		.syntax unified
  24              		.thumb
  25              		.thumb_func
  27              	GPIO_SetPinMode:
  28              	.LVL0:
  29              	.LFB0:
   1:Core/Src/GPIO_program.c **** /***************************************************
   2:Core/Src/GPIO_program.c ****  * Author: khaled elwan
   3:Core/Src/GPIO_program.c ****  * Date: 30/4/2026
   4:Core/Src/GPIO_program.c ****  * Version: 1.0
   5:Core/Src/GPIO_program.c ****  * Description: GPIO_program.c
   6:Core/Src/GPIO_program.c ****  ***************************************************/ 
   7:Core/Src/GPIO_program.c **** 
   8:Core/Src/GPIO_program.c **** /*****************< LIB ******************************/
   9:Core/Src/GPIO_program.c **** #include "STD_TYPES.h"
  10:Core/Src/GPIO_program.c **** #include "BIT_MATH.h"
  11:Core/Src/GPIO_program.c **** 
  12:Core/Src/GPIO_program.c **** /*****************< MCAL ****************************/
  13:Core/Src/GPIO_program.c **** #include "GPIO_interface.h"
  14:Core/Src/GPIO_program.c **** #include "GPIO_private.h"
  15:Core/Src/GPIO_program.c **** #include "GPIO_config.h"         
  16:Core/Src/GPIO_program.c **** 
  17:Core/Src/GPIO_program.c **** 
  18:Core/Src/GPIO_program.c **** Std_ReturnType GPIO_SetPinMode(u8 Copy_u8PortId, u8 Copy_u8PinId, u8 Copy_u8Mode)
  19:Core/Src/GPIO_program.c **** {
  30              		.loc 1 19 1 view -0
  31              		.cfi_startproc
  32              		@ args = 0, pretend = 0, frame = 0
  33              		@ frame_needed = 0, uses_anonymous_args = 0
  34              		@ link register save eliminated.
  35              		.loc 1 19 1 is_stmt 0 view .LVU1
  36 0000 10B4     		push	{r4}
  37              	.LCFI0:
  38              		.cfi_def_cfa_offset 4
  39              		.cfi_offset 4, -4
ARM GAS  /tmp/ccL8B3jm.s 			page 2


  20:Core/Src/GPIO_program.c ****     Std_ReturnType Local_FunctionState = E_NOT_OK;
  40              		.loc 1 20 5 is_stmt 1 view .LVU2
  41              	.LVL1:
  21:Core/Src/GPIO_program.c **** 
  22:Core/Src/GPIO_program.c ****     switch (Copy_u8PortId)
  42              		.loc 1 22 5 view .LVU3
  43 0002 0428     		cmp	r0, #4
  44 0004 64D8     		bhi	.L9
  45 0006 DFE800F0 		tbb	[pc, r0]
  46              	.L4:
  47 000a 03       		.byte	(.L8-.L4)/2
  48 000b 15       		.byte	(.L7-.L4)/2
  49 000c 29       		.byte	(.L6-.L4)/2
  50 000d 3E       		.byte	(.L5-.L4)/2
  51 000e 53       		.byte	(.L3-.L4)/2
  52 000f 00       		.p2align 1
  53              	.L8:
  23:Core/Src/GPIO_program.c ****     {
  24:Core/Src/GPIO_program.c ****     case PORTA:
  25:Core/Src/GPIO_program.c ****         GPIOA_MODER &= ~(0b11 << (Copy_u8PinId * 2)); // Clear the mode bits for the specified pin
  54              		.loc 1 25 9 view .LVU4
  55 0010 304B     		ldr	r3, .L11
  56 0012 1C68     		ldr	r4, [r3]
  57              		.loc 1 25 48 is_stmt 0 view .LVU5
  58 0014 4900     		lsls	r1, r1, #1
  59              	.LVL2:
  60              		.loc 1 25 31 view .LVU6
  61 0016 4FF0030C 		mov	ip, #3
  62 001a 0CFA01FC 		lsl	ip, ip, r1
  63              		.loc 1 25 21 view .LVU7
  64 001e 24EA0C04 		bic	r4, r4, ip
  65 0022 1C60     		str	r4, [r3]
  26:Core/Src/GPIO_program.c ****         GPIOA_MODER |= (Copy_u8Mode << (Copy_u8PinId * 2)); // Set the mode bits for the specified 
  66              		.loc 1 26 9 is_stmt 1 view .LVU8
  67 0024 1C68     		ldr	r4, [r3]
  68              		.loc 1 26 37 is_stmt 0 view .LVU9
  69 0026 02FA01F1 		lsl	r1, r2, r1
  70              		.loc 1 26 21 view .LVU10
  71 002a 2143     		orrs	r1, r1, r4
  72 002c 1960     		str	r1, [r3]
  27:Core/Src/GPIO_program.c ****          Local_FunctionState = E_OK;
  73              		.loc 1 27 10 is_stmt 1 view .LVU11
  74              	.LVL3:
  28:Core/Src/GPIO_program.c ****         break;
  75              		.loc 1 28 9 view .LVU12
  76              	.L2:
  29:Core/Src/GPIO_program.c ****     case PORTB:
  30:Core/Src/GPIO_program.c ****         GPIOB_MODER &= ~(0b11 << (Copy_u8PinId * 2)); // Clear the mode bits for the specified pin
  31:Core/Src/GPIO_program.c ****         GPIOB_MODER |= (Copy_u8Mode << (Copy_u8PinId * 2)); // Set the mode bits for the specified 
  32:Core/Src/GPIO_program.c ****         break;
  33:Core/Src/GPIO_program.c ****     case PORTC:
  34:Core/Src/GPIO_program.c ****         GPIOC_MODER &= ~(0b11 << (Copy_u8PinId * 2)); // Clear the mode bits for the specified pin
  35:Core/Src/GPIO_program.c ****         GPIOC_MODER |= (Copy_u8Mode << (Copy_u8PinId * 2)); // Set the mode bits for the specified 
  36:Core/Src/GPIO_program.c ****         break;
  37:Core/Src/GPIO_program.c ****     case PORTD:
  38:Core/Src/GPIO_program.c ****         GPIOD_MODER &= ~(0b11 << (Copy_u8PinId * 2)); // Clear the mode bits for the specified pin
  39:Core/Src/GPIO_program.c ****         GPIOD_MODER |= (Copy_u8Mode << (Copy_u8PinId * 2)); // Set the mode bits for the specified 
ARM GAS  /tmp/ccL8B3jm.s 			page 3


  40:Core/Src/GPIO_program.c ****         break;
  41:Core/Src/GPIO_program.c ****     case PORTE:
  42:Core/Src/GPIO_program.c ****         GPIOE_MODER &= ~(0b11 << (Copy_u8PinId * 2)); // Clear the mode bits for the specified pin
  43:Core/Src/GPIO_program.c ****         GPIOE_MODER |= (Copy_u8Mode << (Copy_u8PinId * 2)); // Set the mode bits for the specified 
  44:Core/Src/GPIO_program.c ****         break;  
  45:Core/Src/GPIO_program.c ****     default:
  46:Core/Src/GPIO_program.c ****         Local_FunctionState = E_NOT_OK; 
  47:Core/Src/GPIO_program.c ****         break;
  48:Core/Src/GPIO_program.c ****     }
  49:Core/Src/GPIO_program.c **** 
  50:Core/Src/GPIO_program.c ****     return Local_FunctionState;
  77              		.loc 1 50 5 view .LVU13
  51:Core/Src/GPIO_program.c **** }
  78              		.loc 1 51 1 is_stmt 0 view .LVU14
  79 002e 5DF8044B 		ldr	r4, [sp], #4
  80 0032 7047     		bx	lr
  81              	.LVL4:
  82              	.L7:
  30:Core/Src/GPIO_program.c ****         GPIOB_MODER |= (Copy_u8Mode << (Copy_u8PinId * 2)); // Set the mode bits for the specified 
  83              		.loc 1 30 9 is_stmt 1 view .LVU15
  84 0034 274B     		ldr	r3, .L11
  85 0036 D3F80044 		ldr	r4, [r3, #1024]
  30:Core/Src/GPIO_program.c ****         GPIOB_MODER |= (Copy_u8Mode << (Copy_u8PinId * 2)); // Set the mode bits for the specified 
  86              		.loc 1 30 48 is_stmt 0 view .LVU16
  87 003a 4900     		lsls	r1, r1, #1
  88              	.LVL5:
  30:Core/Src/GPIO_program.c ****         GPIOB_MODER |= (Copy_u8Mode << (Copy_u8PinId * 2)); // Set the mode bits for the specified 
  89              		.loc 1 30 31 view .LVU17
  90 003c 4FF0030C 		mov	ip, #3
  91 0040 0CFA01FC 		lsl	ip, ip, r1
  30:Core/Src/GPIO_program.c ****         GPIOB_MODER |= (Copy_u8Mode << (Copy_u8PinId * 2)); // Set the mode bits for the specified 
  92              		.loc 1 30 21 view .LVU18
  93 0044 24EA0C04 		bic	r4, r4, ip
  94 0048 C3F80044 		str	r4, [r3, #1024]
  31:Core/Src/GPIO_program.c ****         break;
  95              		.loc 1 31 9 is_stmt 1 view .LVU19
  96 004c D3F80044 		ldr	r4, [r3, #1024]
  31:Core/Src/GPIO_program.c ****         break;
  97              		.loc 1 31 37 is_stmt 0 view .LVU20
  98 0050 02FA01F1 		lsl	r1, r2, r1
  31:Core/Src/GPIO_program.c ****         break;
  99              		.loc 1 31 21 view .LVU21
 100 0054 2143     		orrs	r1, r1, r4
 101 0056 C3F80014 		str	r1, [r3, #1024]
  32:Core/Src/GPIO_program.c ****     case PORTC:
 102              		.loc 1 32 9 is_stmt 1 view .LVU22
 103 005a E8E7     		b	.L2
 104              	.LVL6:
 105              	.L6:
  34:Core/Src/GPIO_program.c ****         GPIOC_MODER |= (Copy_u8Mode << (Copy_u8PinId * 2)); // Set the mode bits for the specified 
 106              		.loc 1 34 9 view .LVU23
 107 005c 1D4B     		ldr	r3, .L11
 108 005e D3F80008 		ldr	r0, [r3, #2048]
 109              	.LVL7:
  34:Core/Src/GPIO_program.c ****         GPIOC_MODER |= (Copy_u8Mode << (Copy_u8PinId * 2)); // Set the mode bits for the specified 
 110              		.loc 1 34 48 is_stmt 0 view .LVU24
 111 0062 4900     		lsls	r1, r1, #1
ARM GAS  /tmp/ccL8B3jm.s 			page 4


 112              	.LVL8:
  34:Core/Src/GPIO_program.c ****         GPIOC_MODER |= (Copy_u8Mode << (Copy_u8PinId * 2)); // Set the mode bits for the specified 
 113              		.loc 1 34 31 view .LVU25
 114 0064 4FF0030C 		mov	ip, #3
 115 0068 0CFA01FC 		lsl	ip, ip, r1
  34:Core/Src/GPIO_program.c ****         GPIOC_MODER |= (Copy_u8Mode << (Copy_u8PinId * 2)); // Set the mode bits for the specified 
 116              		.loc 1 34 21 view .LVU26
 117 006c 20EA0C00 		bic	r0, r0, ip
 118 0070 C3F80008 		str	r0, [r3, #2048]
  35:Core/Src/GPIO_program.c ****         break;
 119              		.loc 1 35 9 is_stmt 1 view .LVU27
 120 0074 D3F80008 		ldr	r0, [r3, #2048]
  35:Core/Src/GPIO_program.c ****         break;
 121              		.loc 1 35 37 is_stmt 0 view .LVU28
 122 0078 02FA01F1 		lsl	r1, r2, r1
  35:Core/Src/GPIO_program.c ****         break;
 123              		.loc 1 35 21 view .LVU29
 124 007c 0143     		orrs	r1, r1, r0
 125 007e C3F80018 		str	r1, [r3, #2048]
  36:Core/Src/GPIO_program.c ****     case PORTD:
 126              		.loc 1 36 9 is_stmt 1 view .LVU30
  20:Core/Src/GPIO_program.c **** 
 127              		.loc 1 20 20 is_stmt 0 view .LVU31
 128 0082 0120     		movs	r0, #1
  36:Core/Src/GPIO_program.c ****     case PORTD:
 129              		.loc 1 36 9 view .LVU32
 130 0084 D3E7     		b	.L2
 131              	.LVL9:
 132              	.L5:
  38:Core/Src/GPIO_program.c ****         GPIOD_MODER |= (Copy_u8Mode << (Copy_u8PinId * 2)); // Set the mode bits for the specified 
 133              		.loc 1 38 9 is_stmt 1 view .LVU33
 134 0086 134B     		ldr	r3, .L11
 135 0088 D3F8000C 		ldr	r0, [r3, #3072]
 136              	.LVL10:
  38:Core/Src/GPIO_program.c ****         GPIOD_MODER |= (Copy_u8Mode << (Copy_u8PinId * 2)); // Set the mode bits for the specified 
 137              		.loc 1 38 48 is_stmt 0 view .LVU34
 138 008c 4900     		lsls	r1, r1, #1
 139              	.LVL11:
  38:Core/Src/GPIO_program.c ****         GPIOD_MODER |= (Copy_u8Mode << (Copy_u8PinId * 2)); // Set the mode bits for the specified 
 140              		.loc 1 38 31 view .LVU35
 141 008e 4FF0030C 		mov	ip, #3
 142 0092 0CFA01FC 		lsl	ip, ip, r1
  38:Core/Src/GPIO_program.c ****         GPIOD_MODER |= (Copy_u8Mode << (Copy_u8PinId * 2)); // Set the mode bits for the specified 
 143              		.loc 1 38 21 view .LVU36
 144 0096 20EA0C00 		bic	r0, r0, ip
 145 009a C3F8000C 		str	r0, [r3, #3072]
  39:Core/Src/GPIO_program.c ****         break;
 146              		.loc 1 39 9 is_stmt 1 view .LVU37
 147 009e D3F8000C 		ldr	r0, [r3, #3072]
  39:Core/Src/GPIO_program.c ****         break;
 148              		.loc 1 39 37 is_stmt 0 view .LVU38
 149 00a2 02FA01F1 		lsl	r1, r2, r1
  39:Core/Src/GPIO_program.c ****         break;
 150              		.loc 1 39 21 view .LVU39
 151 00a6 0143     		orrs	r1, r1, r0
 152 00a8 C3F8001C 		str	r1, [r3, #3072]
  40:Core/Src/GPIO_program.c ****     case PORTE:
ARM GAS  /tmp/ccL8B3jm.s 			page 5


 153              		.loc 1 40 9 is_stmt 1 view .LVU40
  20:Core/Src/GPIO_program.c **** 
 154              		.loc 1 20 20 is_stmt 0 view .LVU41
 155 00ac 0120     		movs	r0, #1
  40:Core/Src/GPIO_program.c ****     case PORTE:
 156              		.loc 1 40 9 view .LVU42
 157 00ae BEE7     		b	.L2
 158              	.LVL12:
 159              	.L3:
  42:Core/Src/GPIO_program.c ****         GPIOE_MODER |= (Copy_u8Mode << (Copy_u8PinId * 2)); // Set the mode bits for the specified 
 160              		.loc 1 42 9 is_stmt 1 view .LVU43
 161 00b0 094B     		ldr	r3, .L11+4
 162 00b2 1868     		ldr	r0, [r3]
 163              	.LVL13:
  42:Core/Src/GPIO_program.c ****         GPIOE_MODER |= (Copy_u8Mode << (Copy_u8PinId * 2)); // Set the mode bits for the specified 
 164              		.loc 1 42 48 is_stmt 0 view .LVU44
 165 00b4 4900     		lsls	r1, r1, #1
 166              	.LVL14:
  42:Core/Src/GPIO_program.c ****         GPIOE_MODER |= (Copy_u8Mode << (Copy_u8PinId * 2)); // Set the mode bits for the specified 
 167              		.loc 1 42 31 view .LVU45
 168 00b6 4FF0030C 		mov	ip, #3
 169 00ba 0CFA01FC 		lsl	ip, ip, r1
  42:Core/Src/GPIO_program.c ****         GPIOE_MODER |= (Copy_u8Mode << (Copy_u8PinId * 2)); // Set the mode bits for the specified 
 170              		.loc 1 42 21 view .LVU46
 171 00be 20EA0C00 		bic	r0, r0, ip
 172 00c2 1860     		str	r0, [r3]
  43:Core/Src/GPIO_program.c ****         break;  
 173              		.loc 1 43 9 is_stmt 1 view .LVU47
 174 00c4 1868     		ldr	r0, [r3]
  43:Core/Src/GPIO_program.c ****         break;  
 175              		.loc 1 43 37 is_stmt 0 view .LVU48
 176 00c6 8A40     		lsls	r2, r2, r1
 177              	.LVL15:
  43:Core/Src/GPIO_program.c ****         break;  
 178              		.loc 1 43 21 view .LVU49
 179 00c8 0243     		orrs	r2, r2, r0
 180 00ca 1A60     		str	r2, [r3]
  44:Core/Src/GPIO_program.c ****     default:
 181              		.loc 1 44 9 is_stmt 1 view .LVU50
  20:Core/Src/GPIO_program.c **** 
 182              		.loc 1 20 20 is_stmt 0 view .LVU51
 183 00cc 0120     		movs	r0, #1
  44:Core/Src/GPIO_program.c ****     default:
 184              		.loc 1 44 9 view .LVU52
 185 00ce AEE7     		b	.L2
 186              	.LVL16:
 187              	.L9:
  22:Core/Src/GPIO_program.c ****     {
 188              		.loc 1 22 5 view .LVU53
 189 00d0 0120     		movs	r0, #1
 190              	.LVL17:
  22:Core/Src/GPIO_program.c ****     {
 191              		.loc 1 22 5 view .LVU54
 192 00d2 ACE7     		b	.L2
 193              	.L12:
 194              		.align	2
 195              	.L11:
ARM GAS  /tmp/ccL8B3jm.s 			page 6


 196 00d4 00000240 		.word	1073872896
 197 00d8 00100240 		.word	1073876992
 198              		.cfi_endproc
 199              	.LFE0:
 201              		.section	.text.GPIO_SetPinOutputType,"ax",%progbits
 202              		.align	1
 203              		.global	GPIO_SetPinOutputType
 204              		.syntax unified
 205              		.thumb
 206              		.thumb_func
 208              	GPIO_SetPinOutputType:
 209              	.LVL18:
 210              	.LFB1:
  52:Core/Src/GPIO_program.c **** 
  53:Core/Src/GPIO_program.c **** Std_ReturnType GPIO_SetPinOutputType(u8 Copy_u8PortId, u8 Copy_u8PinId, u8 Copy_u8OutputType)
  54:Core/Src/GPIO_program.c **** {
 211              		.loc 1 54 1 is_stmt 1 view -0
 212              		.cfi_startproc
 213              		@ args = 0, pretend = 0, frame = 0
 214              		@ frame_needed = 0, uses_anonymous_args = 0
 215              		@ link register save eliminated.
 216              		.loc 1 54 1 is_stmt 0 view .LVU56
 217 0000 10B4     		push	{r4}
 218              	.LCFI1:
 219              		.cfi_def_cfa_offset 4
 220              		.cfi_offset 4, -4
  55:Core/Src/GPIO_program.c ****     Std_ReturnType Local_FunctionState = E_NOT_OK;  
 221              		.loc 1 55 5 is_stmt 1 view .LVU57
 222              	.LVL19:
  56:Core/Src/GPIO_program.c **** 
  57:Core/Src/GPIO_program.c ****     switch (Copy_u8PortId)
 223              		.loc 1 57 5 view .LVU58
 224 0002 0428     		cmp	r0, #4
 225 0004 55D8     		bhi	.L21
 226 0006 DFE800F0 		tbb	[pc, r0]
 227              	.L16:
 228 000a 03       		.byte	(.L20-.L16)/2
 229 000b 13       		.byte	(.L19-.L16)/2
 230 000c 25       		.byte	(.L18-.L16)/2
 231 000d 36       		.byte	(.L17-.L16)/2
 232 000e 47       		.byte	(.L15-.L16)/2
 233 000f 00       		.p2align 1
 234              	.L20:
  58:Core/Src/GPIO_program.c ****     {
  59:Core/Src/GPIO_program.c ****     case PORTA:
  60:Core/Src/GPIO_program.c ****         GPIOA_OTYPER &= ~(0b1 << Copy_u8PinId); // Clear the output type bit for the specified pin
 235              		.loc 1 60 9 view .LVU59
 236 0010 294B     		ldr	r3, .L23
 237 0012 5C68     		ldr	r4, [r3, #4]
 238              		.loc 1 60 31 is_stmt 0 view .LVU60
 239 0014 4FF0010C 		mov	ip, #1
 240 0018 0CFA01FC 		lsl	ip, ip, r1
 241              		.loc 1 60 22 view .LVU61
 242 001c 24EA0C04 		bic	r4, r4, ip
 243 0020 5C60     		str	r4, [r3, #4]
  61:Core/Src/GPIO_program.c ****         GPIOA_OTYPER |= (Copy_u8OutputType << Copy_u8PinId); // Set the output type bit for the spe
 244              		.loc 1 61 9 is_stmt 1 view .LVU62
ARM GAS  /tmp/ccL8B3jm.s 			page 7


 245 0022 5C68     		ldr	r4, [r3, #4]
 246              		.loc 1 61 44 is_stmt 0 view .LVU63
 247 0024 8A40     		lsls	r2, r2, r1
 248              	.LVL20:
 249              		.loc 1 61 22 view .LVU64
 250 0026 2243     		orrs	r2, r2, r4
 251 0028 5A60     		str	r2, [r3, #4]
  62:Core/Src/GPIO_program.c ****         Local_FunctionState = E_OK;
 252              		.loc 1 62 9 is_stmt 1 view .LVU65
 253              	.LVL21:
  63:Core/Src/GPIO_program.c ****         break;
 254              		.loc 1 63 9 view .LVU66
 255              	.L14:
  64:Core/Src/GPIO_program.c ****     case PORTB:
  65:Core/Src/GPIO_program.c ****         GPIOB_OTYPER &= ~(0b1 << Copy_u8PinId); //                                                 
  66:Core/Src/GPIO_program.c ****         GPIOB_OTYPER |= (Copy_u8OutputType << Copy_u8PinId); // Set the output type bit for the spe
  67:Core/Src/GPIO_program.c ****         break;
  68:Core/Src/GPIO_program.c ****     case PORTC:
  69:Core/Src/GPIO_program.c ****         GPIOC_OTYPER &= ~(0b1 << Copy_u8PinId); // Clear the output type bit for the specified pin
  70:Core/Src/GPIO_program.c ****         GPIOC_OTYPER |= (Copy_u8OutputType << Copy_u8PinId); // Set the output type bit for the spe
  71:Core/Src/GPIO_program.c ****         break;
  72:Core/Src/GPIO_program.c ****     case PORTD:
  73:Core/Src/GPIO_program.c ****         GPIOD_OTYPER &= ~(0b1 << Copy_u8PinId); // Clear the output type bit for the specified pin
  74:Core/Src/GPIO_program.c ****         GPIOD_OTYPER |= (Copy_u8OutputType << Copy_u8PinId); // Set the output type bit for the spe
  75:Core/Src/GPIO_program.c ****         break;
  76:Core/Src/GPIO_program.c ****     case PORTE:
  77:Core/Src/GPIO_program.c ****         GPIOE_OTYPER &= ~(0b1 << Copy_u8PinId); // Clear the output type bit for the specified pin
  78:Core/Src/GPIO_program.c ****         GPIOE_OTYPER |= (Copy_u8OutputType << Copy_u8PinId); // Set the output type bit for the spe
  79:Core/Src/GPIO_program.c ****         break;  
  80:Core/Src/GPIO_program.c ****     default:
  81:Core/Src/GPIO_program.c ****         Local_FunctionState = E_NOT_OK;
  82:Core/Src/GPIO_program.c ****         break;
  83:Core/Src/GPIO_program.c ****     }
  84:Core/Src/GPIO_program.c **** 
  85:Core/Src/GPIO_program.c ****     return Local_FunctionState;
 256              		.loc 1 85 5 view .LVU67
  86:Core/Src/GPIO_program.c **** }   
 257              		.loc 1 86 1 is_stmt 0 view .LVU68
 258 002a 5DF8044B 		ldr	r4, [sp], #4
 259 002e 7047     		bx	lr
 260              	.LVL22:
 261              	.L19:
  65:Core/Src/GPIO_program.c ****         GPIOB_OTYPER |= (Copy_u8OutputType << Copy_u8PinId); // Set the output type bit for the spe
 262              		.loc 1 65 9 is_stmt 1 view .LVU69
 263 0030 214B     		ldr	r3, .L23
 264 0032 D3F80444 		ldr	r4, [r3, #1028]
  65:Core/Src/GPIO_program.c ****         GPIOB_OTYPER |= (Copy_u8OutputType << Copy_u8PinId); // Set the output type bit for the spe
 265              		.loc 1 65 31 is_stmt 0 view .LVU70
 266 0036 4FF0010C 		mov	ip, #1
 267 003a 0CFA01FC 		lsl	ip, ip, r1
  65:Core/Src/GPIO_program.c ****         GPIOB_OTYPER |= (Copy_u8OutputType << Copy_u8PinId); // Set the output type bit for the spe
 268              		.loc 1 65 22 view .LVU71
 269 003e 24EA0C04 		bic	r4, r4, ip
 270 0042 C3F80444 		str	r4, [r3, #1028]
  66:Core/Src/GPIO_program.c ****         break;
 271              		.loc 1 66 9 is_stmt 1 view .LVU72
 272 0046 D3F80444 		ldr	r4, [r3, #1028]
ARM GAS  /tmp/ccL8B3jm.s 			page 8


  66:Core/Src/GPIO_program.c ****         break;
 273              		.loc 1 66 44 is_stmt 0 view .LVU73
 274 004a 8A40     		lsls	r2, r2, r1
 275              	.LVL23:
  66:Core/Src/GPIO_program.c ****         break;
 276              		.loc 1 66 22 view .LVU74
 277 004c 2243     		orrs	r2, r2, r4
 278 004e C3F80424 		str	r2, [r3, #1028]
  67:Core/Src/GPIO_program.c ****     case PORTC:
 279              		.loc 1 67 9 is_stmt 1 view .LVU75
 280 0052 EAE7     		b	.L14
 281              	.LVL24:
 282              	.L18:
  69:Core/Src/GPIO_program.c ****         GPIOC_OTYPER |= (Copy_u8OutputType << Copy_u8PinId); // Set the output type bit for the spe
 283              		.loc 1 69 9 view .LVU76
 284 0054 184B     		ldr	r3, .L23
 285 0056 D3F80448 		ldr	r4, [r3, #2052]
  69:Core/Src/GPIO_program.c ****         GPIOC_OTYPER |= (Copy_u8OutputType << Copy_u8PinId); // Set the output type bit for the spe
 286              		.loc 1 69 31 is_stmt 0 view .LVU77
 287 005a 0120     		movs	r0, #1
 288              	.LVL25:
  69:Core/Src/GPIO_program.c ****         GPIOC_OTYPER |= (Copy_u8OutputType << Copy_u8PinId); // Set the output type bit for the spe
 289              		.loc 1 69 31 view .LVU78
 290 005c 00FA01FC 		lsl	ip, r0, r1
  69:Core/Src/GPIO_program.c ****         GPIOC_OTYPER |= (Copy_u8OutputType << Copy_u8PinId); // Set the output type bit for the spe
 291              		.loc 1 69 22 view .LVU79
 292 0060 24EA0C04 		bic	r4, r4, ip
 293 0064 C3F80448 		str	r4, [r3, #2052]
  70:Core/Src/GPIO_program.c ****         break;
 294              		.loc 1 70 9 is_stmt 1 view .LVU80
 295 0068 D3F80448 		ldr	r4, [r3, #2052]
  70:Core/Src/GPIO_program.c ****         break;
 296              		.loc 1 70 44 is_stmt 0 view .LVU81
 297 006c 8A40     		lsls	r2, r2, r1
 298              	.LVL26:
  70:Core/Src/GPIO_program.c ****         break;
 299              		.loc 1 70 22 view .LVU82
 300 006e 2243     		orrs	r2, r2, r4
 301 0070 C3F80428 		str	r2, [r3, #2052]
  71:Core/Src/GPIO_program.c ****     case PORTD:
 302              		.loc 1 71 9 is_stmt 1 view .LVU83
 303 0074 D9E7     		b	.L14
 304              	.LVL27:
 305              	.L17:
  73:Core/Src/GPIO_program.c ****         GPIOD_OTYPER |= (Copy_u8OutputType << Copy_u8PinId); // Set the output type bit for the spe
 306              		.loc 1 73 9 view .LVU84
 307 0076 104B     		ldr	r3, .L23
 308 0078 D3F8044C 		ldr	r4, [r3, #3076]
  73:Core/Src/GPIO_program.c ****         GPIOD_OTYPER |= (Copy_u8OutputType << Copy_u8PinId); // Set the output type bit for the spe
 309              		.loc 1 73 31 is_stmt 0 view .LVU85
 310 007c 0120     		movs	r0, #1
 311              	.LVL28:
  73:Core/Src/GPIO_program.c ****         GPIOD_OTYPER |= (Copy_u8OutputType << Copy_u8PinId); // Set the output type bit for the spe
 312              		.loc 1 73 31 view .LVU86
 313 007e 00FA01FC 		lsl	ip, r0, r1
  73:Core/Src/GPIO_program.c ****         GPIOD_OTYPER |= (Copy_u8OutputType << Copy_u8PinId); // Set the output type bit for the spe
 314              		.loc 1 73 22 view .LVU87
ARM GAS  /tmp/ccL8B3jm.s 			page 9


 315 0082 24EA0C04 		bic	r4, r4, ip
 316 0086 C3F8044C 		str	r4, [r3, #3076]
  74:Core/Src/GPIO_program.c ****         break;
 317              		.loc 1 74 9 is_stmt 1 view .LVU88
 318 008a D3F8044C 		ldr	r4, [r3, #3076]
  74:Core/Src/GPIO_program.c ****         break;
 319              		.loc 1 74 44 is_stmt 0 view .LVU89
 320 008e 8A40     		lsls	r2, r2, r1
 321              	.LVL29:
  74:Core/Src/GPIO_program.c ****         break;
 322              		.loc 1 74 22 view .LVU90
 323 0090 2243     		orrs	r2, r2, r4
 324 0092 C3F8042C 		str	r2, [r3, #3076]
  75:Core/Src/GPIO_program.c ****     case PORTE:
 325              		.loc 1 75 9 is_stmt 1 view .LVU91
 326 0096 C8E7     		b	.L14
 327              	.LVL30:
 328              	.L15:
  77:Core/Src/GPIO_program.c ****         GPIOE_OTYPER |= (Copy_u8OutputType << Copy_u8PinId); // Set the output type bit for the spe
 329              		.loc 1 77 9 view .LVU92
 330 0098 084B     		ldr	r3, .L23+4
 331 009a 5C68     		ldr	r4, [r3, #4]
  77:Core/Src/GPIO_program.c ****         GPIOE_OTYPER |= (Copy_u8OutputType << Copy_u8PinId); // Set the output type bit for the spe
 332              		.loc 1 77 31 is_stmt 0 view .LVU93
 333 009c 0120     		movs	r0, #1
 334              	.LVL31:
  77:Core/Src/GPIO_program.c ****         GPIOE_OTYPER |= (Copy_u8OutputType << Copy_u8PinId); // Set the output type bit for the spe
 335              		.loc 1 77 31 view .LVU94
 336 009e 00FA01FC 		lsl	ip, r0, r1
  77:Core/Src/GPIO_program.c ****         GPIOE_OTYPER |= (Copy_u8OutputType << Copy_u8PinId); // Set the output type bit for the spe
 337              		.loc 1 77 22 view .LVU95
 338 00a2 24EA0C04 		bic	r4, r4, ip
 339 00a6 5C60     		str	r4, [r3, #4]
  78:Core/Src/GPIO_program.c ****         break;  
 340              		.loc 1 78 9 is_stmt 1 view .LVU96
 341 00a8 5C68     		ldr	r4, [r3, #4]
  78:Core/Src/GPIO_program.c ****         break;  
 342              		.loc 1 78 44 is_stmt 0 view .LVU97
 343 00aa 8A40     		lsls	r2, r2, r1
 344              	.LVL32:
  78:Core/Src/GPIO_program.c ****         break;  
 345              		.loc 1 78 22 view .LVU98
 346 00ac 2243     		orrs	r2, r2, r4
 347 00ae 5A60     		str	r2, [r3, #4]
  79:Core/Src/GPIO_program.c ****     default:
 348              		.loc 1 79 9 is_stmt 1 view .LVU99
 349 00b0 BBE7     		b	.L14
 350              	.LVL33:
 351              	.L21:
  57:Core/Src/GPIO_program.c ****     {
 352              		.loc 1 57 5 is_stmt 0 view .LVU100
 353 00b2 0120     		movs	r0, #1
 354              	.LVL34:
  57:Core/Src/GPIO_program.c ****     {
 355              		.loc 1 57 5 view .LVU101
 356 00b4 B9E7     		b	.L14
 357              	.L24:
ARM GAS  /tmp/ccL8B3jm.s 			page 10


 358 00b6 00BF     		.align	2
 359              	.L23:
 360 00b8 00000240 		.word	1073872896
 361 00bc 00100240 		.word	1073876992
 362              		.cfi_endproc
 363              	.LFE1:
 365              		.section	.text.GPIO_SetPinOutputSpeed,"ax",%progbits
 366              		.align	1
 367              		.global	GPIO_SetPinOutputSpeed
 368              		.syntax unified
 369              		.thumb
 370              		.thumb_func
 372              	GPIO_SetPinOutputSpeed:
 373              	.LVL35:
 374              	.LFB2:
  87:Core/Src/GPIO_program.c **** 
  88:Core/Src/GPIO_program.c **** Std_ReturnType GPIO_SetPinOutputSpeed(u8 Copy_u8PortId, u8 Copy_u8PinId, u8 Copy_u8OutputSpeed)
  89:Core/Src/GPIO_program.c **** {
 375              		.loc 1 89 1 is_stmt 1 view -0
 376              		.cfi_startproc
 377              		@ args = 0, pretend = 0, frame = 0
 378              		@ frame_needed = 0, uses_anonymous_args = 0
 379              		@ link register save eliminated.
 380              		.loc 1 89 1 is_stmt 0 view .LVU103
 381 0000 10B4     		push	{r4}
 382              	.LCFI2:
 383              		.cfi_def_cfa_offset 4
 384              		.cfi_offset 4, -4
  90:Core/Src/GPIO_program.c ****     Std_ReturnType Local_FunctionState = E_NOT_OK;  
 385              		.loc 1 90 5 is_stmt 1 view .LVU104
 386              	.LVL36:
  91:Core/Src/GPIO_program.c **** 
  92:Core/Src/GPIO_program.c ****     switch (Copy_u8PortId)
 387              		.loc 1 92 5 view .LVU105
 388 0002 0428     		cmp	r0, #4
 389 0004 64D8     		bhi	.L33
 390 0006 DFE800F0 		tbb	[pc, r0]
 391              	.L28:
 392 000a 03       		.byte	(.L32-.L28)/2
 393 000b 15       		.byte	(.L31-.L28)/2
 394 000c 29       		.byte	(.L30-.L28)/2
 395 000d 3E       		.byte	(.L29-.L28)/2
 396 000e 53       		.byte	(.L27-.L28)/2
 397 000f 00       		.p2align 1
 398              	.L32:
  93:Core/Src/GPIO_program.c ****     {
  94:Core/Src/GPIO_program.c ****     case PORTA:
  95:Core/Src/GPIO_program.c ****         GPIOA_OSPEEDR &= ~(0b11 << (Copy_u8PinId * 2)); // Clear the output speed bits for the spec
 399              		.loc 1 95 9 view .LVU106
 400 0010 304B     		ldr	r3, .L35
 401 0012 9C68     		ldr	r4, [r3, #8]
 402              		.loc 1 95 50 is_stmt 0 view .LVU107
 403 0014 4900     		lsls	r1, r1, #1
 404              	.LVL37:
 405              		.loc 1 95 33 view .LVU108
 406 0016 4FF0030C 		mov	ip, #3
 407 001a 0CFA01FC 		lsl	ip, ip, r1
ARM GAS  /tmp/ccL8B3jm.s 			page 11


 408              		.loc 1 95 23 view .LVU109
 409 001e 24EA0C04 		bic	r4, r4, ip
 410 0022 9C60     		str	r4, [r3, #8]
  96:Core/Src/GPIO_program.c ****         GPIOA_OSPEEDR |= (Copy_u8OutputSpeed << (Copy_u8PinId * 2)); // Set the output speed bits f
 411              		.loc 1 96 9 is_stmt 1 view .LVU110
 412 0024 9C68     		ldr	r4, [r3, #8]
 413              		.loc 1 96 46 is_stmt 0 view .LVU111
 414 0026 02FA01F1 		lsl	r1, r2, r1
 415              		.loc 1 96 23 view .LVU112
 416 002a 2143     		orrs	r1, r1, r4
 417 002c 9960     		str	r1, [r3, #8]
  97:Core/Src/GPIO_program.c ****         Local_FunctionState = E_OK;
 418              		.loc 1 97 9 is_stmt 1 view .LVU113
 419              	.LVL38:
  98:Core/Src/GPIO_program.c ****         break;
 420              		.loc 1 98 9 view .LVU114
 421              	.L26:
  99:Core/Src/GPIO_program.c ****     case PORTB:
 100:Core/Src/GPIO_program.c ****         GPIOB_OSPEEDR &= ~(0b11 << (Copy_u8PinId * 2)); // Clear the output speed bits for the spec
 101:Core/Src/GPIO_program.c ****         GPIOB_OSPEEDR |= (Copy_u8OutputSpeed << (Copy_u8PinId * 2)); // Set the output speed bits f
 102:Core/Src/GPIO_program.c ****         break;
 103:Core/Src/GPIO_program.c ****     case PORTC:
 104:Core/Src/GPIO_program.c ****         GPIOC_OSPEEDR &= ~(0b11 << (Copy_u8PinId * 2)); // Clear the output speed bits for the spec
 105:Core/Src/GPIO_program.c ****         GPIOC_OSPEEDR |= (Copy_u8OutputSpeed << (Copy_u8PinId * 2)); // Set the output speed bits f
 106:Core/Src/GPIO_program.c ****         break;
 107:Core/Src/GPIO_program.c ****     case PORTD:
 108:Core/Src/GPIO_program.c ****         GPIOD_OSPEEDR &= ~(0b11 << (Copy_u8PinId * 2)); // Clear the output speed bits for the spec
 109:Core/Src/GPIO_program.c ****         GPIOD_OSPEEDR |= (Copy_u8OutputSpeed << (Copy_u8PinId * 2)); // Set the output speed bits f
 110:Core/Src/GPIO_program.c ****         break;
 111:Core/Src/GPIO_program.c ****     case PORTE:
 112:Core/Src/GPIO_program.c ****         GPIOE_OSPEEDR &= ~(0b11 << (Copy_u8PinId * 2)); // Clear the output speed bits for the spec
 113:Core/Src/GPIO_program.c ****         GPIOE_OSPEEDR |= (Copy_u8OutputSpeed << (Copy_u8PinId * 2)); // Set the output speed bits f
 114:Core/Src/GPIO_program.c ****         break;  
 115:Core/Src/GPIO_program.c ****     default:
 116:Core/Src/GPIO_program.c ****         Local_FunctionState = E_NOT_OK;
 117:Core/Src/GPIO_program.c ****         break;
 118:Core/Src/GPIO_program.c ****     }
 119:Core/Src/GPIO_program.c **** 
 120:Core/Src/GPIO_program.c ****     return Local_FunctionState; 
 422              		.loc 1 120 5 view .LVU115
 121:Core/Src/GPIO_program.c **** }
 423              		.loc 1 121 1 is_stmt 0 view .LVU116
 424 002e 5DF8044B 		ldr	r4, [sp], #4
 425 0032 7047     		bx	lr
 426              	.LVL39:
 427              	.L31:
 100:Core/Src/GPIO_program.c ****         GPIOB_OSPEEDR |= (Copy_u8OutputSpeed << (Copy_u8PinId * 2)); // Set the output speed bits f
 428              		.loc 1 100 9 is_stmt 1 view .LVU117
 429 0034 274B     		ldr	r3, .L35
 430 0036 D3F80844 		ldr	r4, [r3, #1032]
 100:Core/Src/GPIO_program.c ****         GPIOB_OSPEEDR |= (Copy_u8OutputSpeed << (Copy_u8PinId * 2)); // Set the output speed bits f
 431              		.loc 1 100 50 is_stmt 0 view .LVU118
 432 003a 4900     		lsls	r1, r1, #1
 433              	.LVL40:
 100:Core/Src/GPIO_program.c ****         GPIOB_OSPEEDR |= (Copy_u8OutputSpeed << (Copy_u8PinId * 2)); // Set the output speed bits f
 434              		.loc 1 100 33 view .LVU119
 435 003c 4FF0030C 		mov	ip, #3
ARM GAS  /tmp/ccL8B3jm.s 			page 12


 436 0040 0CFA01FC 		lsl	ip, ip, r1
 100:Core/Src/GPIO_program.c ****         GPIOB_OSPEEDR |= (Copy_u8OutputSpeed << (Copy_u8PinId * 2)); // Set the output speed bits f
 437              		.loc 1 100 23 view .LVU120
 438 0044 24EA0C04 		bic	r4, r4, ip
 439 0048 C3F80844 		str	r4, [r3, #1032]
 101:Core/Src/GPIO_program.c ****         break;
 440              		.loc 1 101 9 is_stmt 1 view .LVU121
 441 004c D3F80844 		ldr	r4, [r3, #1032]
 101:Core/Src/GPIO_program.c ****         break;
 442              		.loc 1 101 46 is_stmt 0 view .LVU122
 443 0050 02FA01F1 		lsl	r1, r2, r1
 101:Core/Src/GPIO_program.c ****         break;
 444              		.loc 1 101 23 view .LVU123
 445 0054 2143     		orrs	r1, r1, r4
 446 0056 C3F80814 		str	r1, [r3, #1032]
 102:Core/Src/GPIO_program.c ****     case PORTC:
 447              		.loc 1 102 9 is_stmt 1 view .LVU124
 448 005a E8E7     		b	.L26
 449              	.LVL41:
 450              	.L30:
 104:Core/Src/GPIO_program.c ****         GPIOC_OSPEEDR |= (Copy_u8OutputSpeed << (Copy_u8PinId * 2)); // Set the output speed bits f
 451              		.loc 1 104 9 view .LVU125
 452 005c 1D4B     		ldr	r3, .L35
 453 005e D3F80808 		ldr	r0, [r3, #2056]
 454              	.LVL42:
 104:Core/Src/GPIO_program.c ****         GPIOC_OSPEEDR |= (Copy_u8OutputSpeed << (Copy_u8PinId * 2)); // Set the output speed bits f
 455              		.loc 1 104 50 is_stmt 0 view .LVU126
 456 0062 4900     		lsls	r1, r1, #1
 457              	.LVL43:
 104:Core/Src/GPIO_program.c ****         GPIOC_OSPEEDR |= (Copy_u8OutputSpeed << (Copy_u8PinId * 2)); // Set the output speed bits f
 458              		.loc 1 104 33 view .LVU127
 459 0064 4FF0030C 		mov	ip, #3
 460 0068 0CFA01FC 		lsl	ip, ip, r1
 104:Core/Src/GPIO_program.c ****         GPIOC_OSPEEDR |= (Copy_u8OutputSpeed << (Copy_u8PinId * 2)); // Set the output speed bits f
 461              		.loc 1 104 23 view .LVU128
 462 006c 20EA0C00 		bic	r0, r0, ip
 463 0070 C3F80808 		str	r0, [r3, #2056]
 105:Core/Src/GPIO_program.c ****         break;
 464              		.loc 1 105 9 is_stmt 1 view .LVU129
 465 0074 D3F80808 		ldr	r0, [r3, #2056]
 105:Core/Src/GPIO_program.c ****         break;
 466              		.loc 1 105 46 is_stmt 0 view .LVU130
 467 0078 02FA01F1 		lsl	r1, r2, r1
 105:Core/Src/GPIO_program.c ****         break;
 468              		.loc 1 105 23 view .LVU131
 469 007c 0143     		orrs	r1, r1, r0
 470 007e C3F80818 		str	r1, [r3, #2056]
 106:Core/Src/GPIO_program.c ****     case PORTD:
 471              		.loc 1 106 9 is_stmt 1 view .LVU132
  90:Core/Src/GPIO_program.c **** 
 472              		.loc 1 90 20 is_stmt 0 view .LVU133
 473 0082 0120     		movs	r0, #1
 106:Core/Src/GPIO_program.c ****     case PORTD:
 474              		.loc 1 106 9 view .LVU134
 475 0084 D3E7     		b	.L26
 476              	.LVL44:
 477              	.L29:
ARM GAS  /tmp/ccL8B3jm.s 			page 13


 108:Core/Src/GPIO_program.c ****         GPIOD_OSPEEDR |= (Copy_u8OutputSpeed << (Copy_u8PinId * 2)); // Set the output speed bits f
 478              		.loc 1 108 9 is_stmt 1 view .LVU135
 479 0086 134B     		ldr	r3, .L35
 480 0088 D3F8080C 		ldr	r0, [r3, #3080]
 481              	.LVL45:
 108:Core/Src/GPIO_program.c ****         GPIOD_OSPEEDR |= (Copy_u8OutputSpeed << (Copy_u8PinId * 2)); // Set the output speed bits f
 482              		.loc 1 108 50 is_stmt 0 view .LVU136
 483 008c 4900     		lsls	r1, r1, #1
 484              	.LVL46:
 108:Core/Src/GPIO_program.c ****         GPIOD_OSPEEDR |= (Copy_u8OutputSpeed << (Copy_u8PinId * 2)); // Set the output speed bits f
 485              		.loc 1 108 33 view .LVU137
 486 008e 4FF0030C 		mov	ip, #3
 487 0092 0CFA01FC 		lsl	ip, ip, r1
 108:Core/Src/GPIO_program.c ****         GPIOD_OSPEEDR |= (Copy_u8OutputSpeed << (Copy_u8PinId * 2)); // Set the output speed bits f
 488              		.loc 1 108 23 view .LVU138
 489 0096 20EA0C00 		bic	r0, r0, ip
 490 009a C3F8080C 		str	r0, [r3, #3080]
 109:Core/Src/GPIO_program.c ****         break;
 491              		.loc 1 109 9 is_stmt 1 view .LVU139
 492 009e D3F8080C 		ldr	r0, [r3, #3080]
 109:Core/Src/GPIO_program.c ****         break;
 493              		.loc 1 109 46 is_stmt 0 view .LVU140
 494 00a2 02FA01F1 		lsl	r1, r2, r1
 109:Core/Src/GPIO_program.c ****         break;
 495              		.loc 1 109 23 view .LVU141
 496 00a6 0143     		orrs	r1, r1, r0
 497 00a8 C3F8081C 		str	r1, [r3, #3080]
 110:Core/Src/GPIO_program.c ****     case PORTE:
 498              		.loc 1 110 9 is_stmt 1 view .LVU142
  90:Core/Src/GPIO_program.c **** 
 499              		.loc 1 90 20 is_stmt 0 view .LVU143
 500 00ac 0120     		movs	r0, #1
 110:Core/Src/GPIO_program.c ****     case PORTE:
 501              		.loc 1 110 9 view .LVU144
 502 00ae BEE7     		b	.L26
 503              	.LVL47:
 504              	.L27:
 112:Core/Src/GPIO_program.c ****         GPIOE_OSPEEDR |= (Copy_u8OutputSpeed << (Copy_u8PinId * 2)); // Set the output speed bits f
 505              		.loc 1 112 9 is_stmt 1 view .LVU145
 506 00b0 094B     		ldr	r3, .L35+4
 507 00b2 9868     		ldr	r0, [r3, #8]
 508              	.LVL48:
 112:Core/Src/GPIO_program.c ****         GPIOE_OSPEEDR |= (Copy_u8OutputSpeed << (Copy_u8PinId * 2)); // Set the output speed bits f
 509              		.loc 1 112 50 is_stmt 0 view .LVU146
 510 00b4 4900     		lsls	r1, r1, #1
 511              	.LVL49:
 112:Core/Src/GPIO_program.c ****         GPIOE_OSPEEDR |= (Copy_u8OutputSpeed << (Copy_u8PinId * 2)); // Set the output speed bits f
 512              		.loc 1 112 33 view .LVU147
 513 00b6 4FF0030C 		mov	ip, #3
 514 00ba 0CFA01FC 		lsl	ip, ip, r1
 112:Core/Src/GPIO_program.c ****         GPIOE_OSPEEDR |= (Copy_u8OutputSpeed << (Copy_u8PinId * 2)); // Set the output speed bits f
 515              		.loc 1 112 23 view .LVU148
 516 00be 20EA0C00 		bic	r0, r0, ip
 517 00c2 9860     		str	r0, [r3, #8]
 113:Core/Src/GPIO_program.c ****         break;  
 518              		.loc 1 113 9 is_stmt 1 view .LVU149
 519 00c4 9868     		ldr	r0, [r3, #8]
ARM GAS  /tmp/ccL8B3jm.s 			page 14


 113:Core/Src/GPIO_program.c ****         break;  
 520              		.loc 1 113 46 is_stmt 0 view .LVU150
 521 00c6 8A40     		lsls	r2, r2, r1
 522              	.LVL50:
 113:Core/Src/GPIO_program.c ****         break;  
 523              		.loc 1 113 23 view .LVU151
 524 00c8 0243     		orrs	r2, r2, r0
 525 00ca 9A60     		str	r2, [r3, #8]
 114:Core/Src/GPIO_program.c ****     default:
 526              		.loc 1 114 9 is_stmt 1 view .LVU152
  90:Core/Src/GPIO_program.c **** 
 527              		.loc 1 90 20 is_stmt 0 view .LVU153
 528 00cc 0120     		movs	r0, #1
 114:Core/Src/GPIO_program.c ****     default:
 529              		.loc 1 114 9 view .LVU154
 530 00ce AEE7     		b	.L26
 531              	.LVL51:
 532              	.L33:
  92:Core/Src/GPIO_program.c ****     {
 533              		.loc 1 92 5 view .LVU155
 534 00d0 0120     		movs	r0, #1
 535              	.LVL52:
  92:Core/Src/GPIO_program.c ****     {
 536              		.loc 1 92 5 view .LVU156
 537 00d2 ACE7     		b	.L26
 538              	.L36:
 539              		.align	2
 540              	.L35:
 541 00d4 00000240 		.word	1073872896
 542 00d8 00100240 		.word	1073876992
 543              		.cfi_endproc
 544              	.LFE2:
 546              		.section	.text.GPIO_SetPinPullUpPullDown,"ax",%progbits
 547              		.align	1
 548              		.global	GPIO_SetPinPullUpPullDown
 549              		.syntax unified
 550              		.thumb
 551              		.thumb_func
 553              	GPIO_SetPinPullUpPullDown:
 554              	.LVL53:
 555              	.LFB3:
 122:Core/Src/GPIO_program.c **** 
 123:Core/Src/GPIO_program.c **** Std_ReturnType GPIO_SetPinPullUpPullDown(u8 Copy_u8PortId, u8 Copy_u8PinId, u8 Copy_u8PullUpPullDow
 124:Core/Src/GPIO_program.c **** {
 556              		.loc 1 124 1 is_stmt 1 view -0
 557              		.cfi_startproc
 558              		@ args = 0, pretend = 0, frame = 0
 559              		@ frame_needed = 0, uses_anonymous_args = 0
 560              		@ link register save eliminated.
 561              		.loc 1 124 1 is_stmt 0 view .LVU158
 562 0000 10B4     		push	{r4}
 563              	.LCFI3:
 564              		.cfi_def_cfa_offset 4
 565              		.cfi_offset 4, -4
 125:Core/Src/GPIO_program.c ****     Std_ReturnType Local_FunctionState = E_NOT_OK;  
 566              		.loc 1 125 5 is_stmt 1 view .LVU159
 567              	.LVL54:
ARM GAS  /tmp/ccL8B3jm.s 			page 15


 126:Core/Src/GPIO_program.c **** 
 127:Core/Src/GPIO_program.c ****     switch (Copy_u8PortId)
 568              		.loc 1 127 5 view .LVU160
 569 0002 0428     		cmp	r0, #4
 570 0004 64D8     		bhi	.L45
 571 0006 DFE800F0 		tbb	[pc, r0]
 572              	.L40:
 573 000a 03       		.byte	(.L44-.L40)/2
 574 000b 15       		.byte	(.L43-.L40)/2
 575 000c 29       		.byte	(.L42-.L40)/2
 576 000d 3E       		.byte	(.L41-.L40)/2
 577 000e 53       		.byte	(.L39-.L40)/2
 578 000f 00       		.p2align 1
 579              	.L44:
 128:Core/Src/GPIO_program.c ****     {
 129:Core/Src/GPIO_program.c ****     case PORTA:
 130:Core/Src/GPIO_program.c ****         GPIOA_PUPDR &= ~(0b11 << (Copy_u8PinId * 2)); // Clear the pull-up/pull-down bits for the s
 580              		.loc 1 130 9 view .LVU161
 581 0010 304B     		ldr	r3, .L47
 582 0012 DC68     		ldr	r4, [r3, #12]
 583              		.loc 1 130 48 is_stmt 0 view .LVU162
 584 0014 4900     		lsls	r1, r1, #1
 585              	.LVL55:
 586              		.loc 1 130 31 view .LVU163
 587 0016 4FF0030C 		mov	ip, #3
 588 001a 0CFA01FC 		lsl	ip, ip, r1
 589              		.loc 1 130 21 view .LVU164
 590 001e 24EA0C04 		bic	r4, r4, ip
 591 0022 DC60     		str	r4, [r3, #12]
 131:Core/Src/GPIO_program.c ****         GPIOA_PUPDR |= (Copy_u8PullUpPullDown << (Copy_u8PinId * 2)); // Set the pull-up/pull-down 
 592              		.loc 1 131 9 is_stmt 1 view .LVU165
 593 0024 DC68     		ldr	r4, [r3, #12]
 594              		.loc 1 131 47 is_stmt 0 view .LVU166
 595 0026 02FA01F1 		lsl	r1, r2, r1
 596              		.loc 1 131 21 view .LVU167
 597 002a 2143     		orrs	r1, r1, r4
 598 002c D960     		str	r1, [r3, #12]
 132:Core/Src/GPIO_program.c ****         Local_FunctionState = E_OK;
 599              		.loc 1 132 9 is_stmt 1 view .LVU168
 600              	.LVL56:
 133:Core/Src/GPIO_program.c ****         break;
 601              		.loc 1 133 9 view .LVU169
 602              	.L38:
 134:Core/Src/GPIO_program.c ****     case PORTB:
 135:Core/Src/GPIO_program.c ****         GPIOB_PUPDR &= ~(0b11 << (Copy_u8PinId * 2)); // Clear the pull-up/pull-down bits for the s
 136:Core/Src/GPIO_program.c ****         GPIOB_PUPDR |= (Copy_u8PullUpPullDown << (Copy_u8PinId * 2)); // Set the pull-up/pull-down 
 137:Core/Src/GPIO_program.c ****         break;
 138:Core/Src/GPIO_program.c ****     case PORTC:
 139:Core/Src/GPIO_program.c ****         GPIOC_PUPDR &= ~(0b11 << (Copy_u8PinId * 2)); // Clear the pull-up/pull-down bits for the s
 140:Core/Src/GPIO_program.c ****         GPIOC_PUPDR |= (Copy_u8PullUpPullDown << (Copy_u8PinId * 2)); // Set the pull-up/pull-down 
 141:Core/Src/GPIO_program.c ****         break;
 142:Core/Src/GPIO_program.c ****     case PORTD:
 143:Core/Src/GPIO_program.c ****         GPIOD_PUPDR &= ~(0b11 << (Copy_u8PinId * 2)); // Clear the pull-up/pull-down bits for the s
 144:Core/Src/GPIO_program.c ****         GPIOD_PUPDR |= (Copy_u8PullUpPullDown << (Copy_u8PinId * 2)); // Set the pull-up/pull-down 
 145:Core/Src/GPIO_program.c ****         break;
 146:Core/Src/GPIO_program.c ****     case PORTE:
 147:Core/Src/GPIO_program.c ****         GPIOE_PUPDR &= ~(0b11 << (Copy_u8PinId * 2)); // Clear the pull-up/pull-down bits for the s
ARM GAS  /tmp/ccL8B3jm.s 			page 16


 148:Core/Src/GPIO_program.c ****         GPIOE_PUPDR |= (Copy_u8PullUpPullDown << (Copy_u8PinId * 2)); // Set the pull-up/pull-down 
 149:Core/Src/GPIO_program.c ****         break;  
 150:Core/Src/GPIO_program.c ****     default:
 151:Core/Src/GPIO_program.c ****         Local_FunctionState = E_NOT_OK;
 152:Core/Src/GPIO_program.c ****         break;
 153:Core/Src/GPIO_program.c ****     }
 154:Core/Src/GPIO_program.c **** 
 155:Core/Src/GPIO_program.c ****     return Local_FunctionState; 
 603              		.loc 1 155 5 view .LVU170
 156:Core/Src/GPIO_program.c **** }           
 604              		.loc 1 156 1 is_stmt 0 view .LVU171
 605 002e 5DF8044B 		ldr	r4, [sp], #4
 606 0032 7047     		bx	lr
 607              	.LVL57:
 608              	.L43:
 135:Core/Src/GPIO_program.c ****         GPIOB_PUPDR |= (Copy_u8PullUpPullDown << (Copy_u8PinId * 2)); // Set the pull-up/pull-down 
 609              		.loc 1 135 9 is_stmt 1 view .LVU172
 610 0034 274B     		ldr	r3, .L47
 611 0036 D3F80C44 		ldr	r4, [r3, #1036]
 135:Core/Src/GPIO_program.c ****         GPIOB_PUPDR |= (Copy_u8PullUpPullDown << (Copy_u8PinId * 2)); // Set the pull-up/pull-down 
 612              		.loc 1 135 48 is_stmt 0 view .LVU173
 613 003a 4900     		lsls	r1, r1, #1
 614              	.LVL58:
 135:Core/Src/GPIO_program.c ****         GPIOB_PUPDR |= (Copy_u8PullUpPullDown << (Copy_u8PinId * 2)); // Set the pull-up/pull-down 
 615              		.loc 1 135 31 view .LVU174
 616 003c 4FF0030C 		mov	ip, #3
 617 0040 0CFA01FC 		lsl	ip, ip, r1
 135:Core/Src/GPIO_program.c ****         GPIOB_PUPDR |= (Copy_u8PullUpPullDown << (Copy_u8PinId * 2)); // Set the pull-up/pull-down 
 618              		.loc 1 135 21 view .LVU175
 619 0044 24EA0C04 		bic	r4, r4, ip
 620 0048 C3F80C44 		str	r4, [r3, #1036]
 136:Core/Src/GPIO_program.c ****         break;
 621              		.loc 1 136 9 is_stmt 1 view .LVU176
 622 004c D3F80C44 		ldr	r4, [r3, #1036]
 136:Core/Src/GPIO_program.c ****         break;
 623              		.loc 1 136 47 is_stmt 0 view .LVU177
 624 0050 02FA01F1 		lsl	r1, r2, r1
 136:Core/Src/GPIO_program.c ****         break;
 625              		.loc 1 136 21 view .LVU178
 626 0054 2143     		orrs	r1, r1, r4
 627 0056 C3F80C14 		str	r1, [r3, #1036]
 137:Core/Src/GPIO_program.c ****     case PORTC:
 628              		.loc 1 137 9 is_stmt 1 view .LVU179
 629 005a E8E7     		b	.L38
 630              	.LVL59:
 631              	.L42:
 139:Core/Src/GPIO_program.c ****         GPIOC_PUPDR |= (Copy_u8PullUpPullDown << (Copy_u8PinId * 2)); // Set the pull-up/pull-down 
 632              		.loc 1 139 9 view .LVU180
 633 005c 1D4B     		ldr	r3, .L47
 634 005e D3F80C08 		ldr	r0, [r3, #2060]
 635              	.LVL60:
 139:Core/Src/GPIO_program.c ****         GPIOC_PUPDR |= (Copy_u8PullUpPullDown << (Copy_u8PinId * 2)); // Set the pull-up/pull-down 
 636              		.loc 1 139 48 is_stmt 0 view .LVU181
 637 0062 4900     		lsls	r1, r1, #1
 638              	.LVL61:
 139:Core/Src/GPIO_program.c ****         GPIOC_PUPDR |= (Copy_u8PullUpPullDown << (Copy_u8PinId * 2)); // Set the pull-up/pull-down 
 639              		.loc 1 139 31 view .LVU182
ARM GAS  /tmp/ccL8B3jm.s 			page 17


 640 0064 4FF0030C 		mov	ip, #3
 641 0068 0CFA01FC 		lsl	ip, ip, r1
 139:Core/Src/GPIO_program.c ****         GPIOC_PUPDR |= (Copy_u8PullUpPullDown << (Copy_u8PinId * 2)); // Set the pull-up/pull-down 
 642              		.loc 1 139 21 view .LVU183
 643 006c 20EA0C00 		bic	r0, r0, ip
 644 0070 C3F80C08 		str	r0, [r3, #2060]
 140:Core/Src/GPIO_program.c ****         break;
 645              		.loc 1 140 9 is_stmt 1 view .LVU184
 646 0074 D3F80C08 		ldr	r0, [r3, #2060]
 140:Core/Src/GPIO_program.c ****         break;
 647              		.loc 1 140 47 is_stmt 0 view .LVU185
 648 0078 02FA01F1 		lsl	r1, r2, r1
 140:Core/Src/GPIO_program.c ****         break;
 649              		.loc 1 140 21 view .LVU186
 650 007c 0143     		orrs	r1, r1, r0
 651 007e C3F80C18 		str	r1, [r3, #2060]
 141:Core/Src/GPIO_program.c ****     case PORTD:
 652              		.loc 1 141 9 is_stmt 1 view .LVU187
 125:Core/Src/GPIO_program.c **** 
 653              		.loc 1 125 20 is_stmt 0 view .LVU188
 654 0082 0120     		movs	r0, #1
 141:Core/Src/GPIO_program.c ****     case PORTD:
 655              		.loc 1 141 9 view .LVU189
 656 0084 D3E7     		b	.L38
 657              	.LVL62:
 658              	.L41:
 143:Core/Src/GPIO_program.c ****         GPIOD_PUPDR |= (Copy_u8PullUpPullDown << (Copy_u8PinId * 2)); // Set the pull-up/pull-down 
 659              		.loc 1 143 9 is_stmt 1 view .LVU190
 660 0086 134B     		ldr	r3, .L47
 661 0088 D3F80C0C 		ldr	r0, [r3, #3084]
 662              	.LVL63:
 143:Core/Src/GPIO_program.c ****         GPIOD_PUPDR |= (Copy_u8PullUpPullDown << (Copy_u8PinId * 2)); // Set the pull-up/pull-down 
 663              		.loc 1 143 48 is_stmt 0 view .LVU191
 664 008c 4900     		lsls	r1, r1, #1
 665              	.LVL64:
 143:Core/Src/GPIO_program.c ****         GPIOD_PUPDR |= (Copy_u8PullUpPullDown << (Copy_u8PinId * 2)); // Set the pull-up/pull-down 
 666              		.loc 1 143 31 view .LVU192
 667 008e 4FF0030C 		mov	ip, #3
 668 0092 0CFA01FC 		lsl	ip, ip, r1
 143:Core/Src/GPIO_program.c ****         GPIOD_PUPDR |= (Copy_u8PullUpPullDown << (Copy_u8PinId * 2)); // Set the pull-up/pull-down 
 669              		.loc 1 143 21 view .LVU193
 670 0096 20EA0C00 		bic	r0, r0, ip
 671 009a C3F80C0C 		str	r0, [r3, #3084]
 144:Core/Src/GPIO_program.c ****         break;
 672              		.loc 1 144 9 is_stmt 1 view .LVU194
 673 009e D3F80C0C 		ldr	r0, [r3, #3084]
 144:Core/Src/GPIO_program.c ****         break;
 674              		.loc 1 144 47 is_stmt 0 view .LVU195
 675 00a2 02FA01F1 		lsl	r1, r2, r1
 144:Core/Src/GPIO_program.c ****         break;
 676              		.loc 1 144 21 view .LVU196
 677 00a6 0143     		orrs	r1, r1, r0
 678 00a8 C3F80C1C 		str	r1, [r3, #3084]
 145:Core/Src/GPIO_program.c ****     case PORTE:
 679              		.loc 1 145 9 is_stmt 1 view .LVU197
 125:Core/Src/GPIO_program.c **** 
 680              		.loc 1 125 20 is_stmt 0 view .LVU198
ARM GAS  /tmp/ccL8B3jm.s 			page 18


 681 00ac 0120     		movs	r0, #1
 145:Core/Src/GPIO_program.c ****     case PORTE:
 682              		.loc 1 145 9 view .LVU199
 683 00ae BEE7     		b	.L38
 684              	.LVL65:
 685              	.L39:
 147:Core/Src/GPIO_program.c ****         GPIOE_PUPDR |= (Copy_u8PullUpPullDown << (Copy_u8PinId * 2)); // Set the pull-up/pull-down 
 686              		.loc 1 147 9 is_stmt 1 view .LVU200
 687 00b0 094B     		ldr	r3, .L47+4
 688 00b2 D868     		ldr	r0, [r3, #12]
 689              	.LVL66:
 147:Core/Src/GPIO_program.c ****         GPIOE_PUPDR |= (Copy_u8PullUpPullDown << (Copy_u8PinId * 2)); // Set the pull-up/pull-down 
 690              		.loc 1 147 48 is_stmt 0 view .LVU201
 691 00b4 4900     		lsls	r1, r1, #1
 692              	.LVL67:
 147:Core/Src/GPIO_program.c ****         GPIOE_PUPDR |= (Copy_u8PullUpPullDown << (Copy_u8PinId * 2)); // Set the pull-up/pull-down 
 693              		.loc 1 147 31 view .LVU202
 694 00b6 4FF0030C 		mov	ip, #3
 695 00ba 0CFA01FC 		lsl	ip, ip, r1
 147:Core/Src/GPIO_program.c ****         GPIOE_PUPDR |= (Copy_u8PullUpPullDown << (Copy_u8PinId * 2)); // Set the pull-up/pull-down 
 696              		.loc 1 147 21 view .LVU203
 697 00be 20EA0C00 		bic	r0, r0, ip
 698 00c2 D860     		str	r0, [r3, #12]
 148:Core/Src/GPIO_program.c ****         break;  
 699              		.loc 1 148 9 is_stmt 1 view .LVU204
 700 00c4 D868     		ldr	r0, [r3, #12]
 148:Core/Src/GPIO_program.c ****         break;  
 701              		.loc 1 148 47 is_stmt 0 view .LVU205
 702 00c6 8A40     		lsls	r2, r2, r1
 703              	.LVL68:
 148:Core/Src/GPIO_program.c ****         break;  
 704              		.loc 1 148 21 view .LVU206
 705 00c8 0243     		orrs	r2, r2, r0
 706 00ca DA60     		str	r2, [r3, #12]
 149:Core/Src/GPIO_program.c ****     default:
 707              		.loc 1 149 9 is_stmt 1 view .LVU207
 125:Core/Src/GPIO_program.c **** 
 708              		.loc 1 125 20 is_stmt 0 view .LVU208
 709 00cc 0120     		movs	r0, #1
 149:Core/Src/GPIO_program.c ****     default:
 710              		.loc 1 149 9 view .LVU209
 711 00ce AEE7     		b	.L38
 712              	.LVL69:
 713              	.L45:
 127:Core/Src/GPIO_program.c ****     {
 714              		.loc 1 127 5 view .LVU210
 715 00d0 0120     		movs	r0, #1
 716              	.LVL70:
 127:Core/Src/GPIO_program.c ****     {
 717              		.loc 1 127 5 view .LVU211
 718 00d2 ACE7     		b	.L38
 719              	.L48:
 720              		.align	2
 721              	.L47:
 722 00d4 00000240 		.word	1073872896
 723 00d8 00100240 		.word	1073876992
 724              		.cfi_endproc
ARM GAS  /tmp/ccL8B3jm.s 			page 19


 725              	.LFE3:
 727              		.section	.text.GPIO_SetPinPullUpDown,"ax",%progbits
 728              		.align	1
 729              		.global	GPIO_SetPinPullUpDown
 730              		.syntax unified
 731              		.thumb
 732              		.thumb_func
 734              	GPIO_SetPinPullUpDown:
 735              	.LVL71:
 736              	.LFB4:
 157:Core/Src/GPIO_program.c **** Std_ReturnType GPIO_SetPinPullUpDown(u8 Copy_u8PortId, u8 Copy_u8PinId, u8 Copy_u8PullUpDown)
 158:Core/Src/GPIO_program.c **** {
 737              		.loc 1 158 1 is_stmt 1 view -0
 738              		.cfi_startproc
 739              		@ args = 0, pretend = 0, frame = 0
 740              		@ frame_needed = 0, uses_anonymous_args = 0
 741              		@ link register save eliminated.
 742              		.loc 1 158 1 is_stmt 0 view .LVU213
 743 0000 10B4     		push	{r4}
 744              	.LCFI4:
 745              		.cfi_def_cfa_offset 4
 746              		.cfi_offset 4, -4
 159:Core/Src/GPIO_program.c ****     Std_ReturnType Local_FunctionState = E_NOT_OK;  
 747              		.loc 1 159 5 is_stmt 1 view .LVU214
 748              	.LVL72:
 160:Core/Src/GPIO_program.c **** 
 161:Core/Src/GPIO_program.c ****     switch (Copy_u8PortId)
 749              		.loc 1 161 5 view .LVU215
 750 0002 0428     		cmp	r0, #4
 751 0004 64D8     		bhi	.L57
 752 0006 DFE800F0 		tbb	[pc, r0]
 753              	.L52:
 754 000a 03       		.byte	(.L56-.L52)/2
 755 000b 15       		.byte	(.L55-.L52)/2
 756 000c 29       		.byte	(.L54-.L52)/2
 757 000d 3E       		.byte	(.L53-.L52)/2
 758 000e 53       		.byte	(.L51-.L52)/2
 759 000f 00       		.p2align 1
 760              	.L56:
 162:Core/Src/GPIO_program.c ****     {
 163:Core/Src/GPIO_program.c ****     case PORTA:
 164:Core/Src/GPIO_program.c ****         GPIOA_PUPDR &= ~(0b11 << (Copy_u8PinId * 2)); // Clear the pull-up/pull-down bits for the s
 761              		.loc 1 164 9 view .LVU216
 762 0010 304B     		ldr	r3, .L59
 763 0012 DC68     		ldr	r4, [r3, #12]
 764              		.loc 1 164 48 is_stmt 0 view .LVU217
 765 0014 4900     		lsls	r1, r1, #1
 766              	.LVL73:
 767              		.loc 1 164 31 view .LVU218
 768 0016 4FF0030C 		mov	ip, #3
 769 001a 0CFA01FC 		lsl	ip, ip, r1
 770              		.loc 1 164 21 view .LVU219
 771 001e 24EA0C04 		bic	r4, r4, ip
 772 0022 DC60     		str	r4, [r3, #12]
 165:Core/Src/GPIO_program.c ****         GPIOA_PUPDR |= (Copy_u8PullUpDown << (Copy_u8PinId * 2)); // Set the pull-up/pull-down bits
 773              		.loc 1 165 9 is_stmt 1 view .LVU220
 774 0024 DC68     		ldr	r4, [r3, #12]
ARM GAS  /tmp/ccL8B3jm.s 			page 20


 775              		.loc 1 165 43 is_stmt 0 view .LVU221
 776 0026 02FA01F1 		lsl	r1, r2, r1
 777              		.loc 1 165 21 view .LVU222
 778 002a 2143     		orrs	r1, r1, r4
 779 002c D960     		str	r1, [r3, #12]
 166:Core/Src/GPIO_program.c ****         Local_FunctionState = E_OK;
 780              		.loc 1 166 9 is_stmt 1 view .LVU223
 781              	.LVL74:
 167:Core/Src/GPIO_program.c ****         break;
 782              		.loc 1 167 9 view .LVU224
 783              	.L50:
 168:Core/Src/GPIO_program.c ****     case PORTB:
 169:Core/Src/GPIO_program.c ****         GPIOB_PUPDR &= ~(0b11 << (Copy_u8PinId * 2)); // Clear the pull-up/pull-down bits for the s
 170:Core/Src/GPIO_program.c ****         GPIOB_PUPDR |= (Copy_u8PullUpDown << (Copy_u8PinId * 2)); // Set the pull-up/pull-down bits
 171:Core/Src/GPIO_program.c ****         break;
 172:Core/Src/GPIO_program.c ****     case PORTC:
 173:Core/Src/GPIO_program.c ****         GPIOC_PUPDR &= ~(0b11 << (Copy_u8PinId * 2)); // Clear the pull-up/pull-down bits for the s
 174:Core/Src/GPIO_program.c ****         GPIOC_PUPDR |= (Copy_u8PullUpDown << (Copy_u8PinId * 2)); // Set the pull-up/pull-down bits
 175:Core/Src/GPIO_program.c ****         break;
 176:Core/Src/GPIO_program.c ****     case PORTD:
 177:Core/Src/GPIO_program.c ****         GPIOD_PUPDR &= ~(0b11 << (Copy_u8PinId * 2)); // Clear the pull-up/pull-down bits for the s
 178:Core/Src/GPIO_program.c ****         GPIOD_PUPDR |= (Copy_u8PullUpDown << (Copy_u8PinId * 2)); // Set the pull-up/pull-down bits
 179:Core/Src/GPIO_program.c ****         break;
 180:Core/Src/GPIO_program.c ****     case PORTE:
 181:Core/Src/GPIO_program.c ****         GPIOE_PUPDR &= ~(0b11 << (Copy_u8PinId * 2)); // Clear the pull-up/pull-down bits for the s
 182:Core/Src/GPIO_program.c ****         GPIOE_PUPDR |= (Copy_u8PullUpDown << (Copy_u8PinId * 2)); // Set the pull-up/pull-down bits
 183:Core/Src/GPIO_program.c ****         break;  
 184:Core/Src/GPIO_program.c ****     default:
 185:Core/Src/GPIO_program.c ****         Local_FunctionState = E_NOT_OK;
 186:Core/Src/GPIO_program.c ****         break;
 187:Core/Src/GPIO_program.c ****     }
 188:Core/Src/GPIO_program.c **** 
 189:Core/Src/GPIO_program.c ****     return Local_FunctionState;
 784              		.loc 1 189 5 view .LVU225
 190:Core/Src/GPIO_program.c **** }
 785              		.loc 1 190 1 is_stmt 0 view .LVU226
 786 002e 5DF8044B 		ldr	r4, [sp], #4
 787 0032 7047     		bx	lr
 788              	.LVL75:
 789              	.L55:
 169:Core/Src/GPIO_program.c ****         GPIOB_PUPDR |= (Copy_u8PullUpDown << (Copy_u8PinId * 2)); // Set the pull-up/pull-down bits
 790              		.loc 1 169 9 is_stmt 1 view .LVU227
 791 0034 274B     		ldr	r3, .L59
 792 0036 D3F80C44 		ldr	r4, [r3, #1036]
 169:Core/Src/GPIO_program.c ****         GPIOB_PUPDR |= (Copy_u8PullUpDown << (Copy_u8PinId * 2)); // Set the pull-up/pull-down bits
 793              		.loc 1 169 48 is_stmt 0 view .LVU228
 794 003a 4900     		lsls	r1, r1, #1
 795              	.LVL76:
 169:Core/Src/GPIO_program.c ****         GPIOB_PUPDR |= (Copy_u8PullUpDown << (Copy_u8PinId * 2)); // Set the pull-up/pull-down bits
 796              		.loc 1 169 31 view .LVU229
 797 003c 4FF0030C 		mov	ip, #3
 798 0040 0CFA01FC 		lsl	ip, ip, r1
 169:Core/Src/GPIO_program.c ****         GPIOB_PUPDR |= (Copy_u8PullUpDown << (Copy_u8PinId * 2)); // Set the pull-up/pull-down bits
 799              		.loc 1 169 21 view .LVU230
 800 0044 24EA0C04 		bic	r4, r4, ip
 801 0048 C3F80C44 		str	r4, [r3, #1036]
 170:Core/Src/GPIO_program.c ****         break;
ARM GAS  /tmp/ccL8B3jm.s 			page 21


 802              		.loc 1 170 9 is_stmt 1 view .LVU231
 803 004c D3F80C44 		ldr	r4, [r3, #1036]
 170:Core/Src/GPIO_program.c ****         break;
 804              		.loc 1 170 43 is_stmt 0 view .LVU232
 805 0050 02FA01F1 		lsl	r1, r2, r1
 170:Core/Src/GPIO_program.c ****         break;
 806              		.loc 1 170 21 view .LVU233
 807 0054 2143     		orrs	r1, r1, r4
 808 0056 C3F80C14 		str	r1, [r3, #1036]
 171:Core/Src/GPIO_program.c ****     case PORTC:
 809              		.loc 1 171 9 is_stmt 1 view .LVU234
 810 005a E8E7     		b	.L50
 811              	.LVL77:
 812              	.L54:
 173:Core/Src/GPIO_program.c ****         GPIOC_PUPDR |= (Copy_u8PullUpDown << (Copy_u8PinId * 2)); // Set the pull-up/pull-down bits
 813              		.loc 1 173 9 view .LVU235
 814 005c 1D4B     		ldr	r3, .L59
 815 005e D3F80C08 		ldr	r0, [r3, #2060]
 816              	.LVL78:
 173:Core/Src/GPIO_program.c ****         GPIOC_PUPDR |= (Copy_u8PullUpDown << (Copy_u8PinId * 2)); // Set the pull-up/pull-down bits
 817              		.loc 1 173 48 is_stmt 0 view .LVU236
 818 0062 4900     		lsls	r1, r1, #1
 819              	.LVL79:
 173:Core/Src/GPIO_program.c ****         GPIOC_PUPDR |= (Copy_u8PullUpDown << (Copy_u8PinId * 2)); // Set the pull-up/pull-down bits
 820              		.loc 1 173 31 view .LVU237
 821 0064 4FF0030C 		mov	ip, #3
 822 0068 0CFA01FC 		lsl	ip, ip, r1
 173:Core/Src/GPIO_program.c ****         GPIOC_PUPDR |= (Copy_u8PullUpDown << (Copy_u8PinId * 2)); // Set the pull-up/pull-down bits
 823              		.loc 1 173 21 view .LVU238
 824 006c 20EA0C00 		bic	r0, r0, ip
 825 0070 C3F80C08 		str	r0, [r3, #2060]
 174:Core/Src/GPIO_program.c ****         break;
 826              		.loc 1 174 9 is_stmt 1 view .LVU239
 827 0074 D3F80C08 		ldr	r0, [r3, #2060]
 174:Core/Src/GPIO_program.c ****         break;
 828              		.loc 1 174 43 is_stmt 0 view .LVU240
 829 0078 02FA01F1 		lsl	r1, r2, r1
 174:Core/Src/GPIO_program.c ****         break;
 830              		.loc 1 174 21 view .LVU241
 831 007c 0143     		orrs	r1, r1, r0
 832 007e C3F80C18 		str	r1, [r3, #2060]
 175:Core/Src/GPIO_program.c ****     case PORTD:
 833              		.loc 1 175 9 is_stmt 1 view .LVU242
 159:Core/Src/GPIO_program.c **** 
 834              		.loc 1 159 20 is_stmt 0 view .LVU243
 835 0082 0120     		movs	r0, #1
 175:Core/Src/GPIO_program.c ****     case PORTD:
 836              		.loc 1 175 9 view .LVU244
 837 0084 D3E7     		b	.L50
 838              	.LVL80:
 839              	.L53:
 177:Core/Src/GPIO_program.c ****         GPIOD_PUPDR |= (Copy_u8PullUpDown << (Copy_u8PinId * 2)); // Set the pull-up/pull-down bits
 840              		.loc 1 177 9 is_stmt 1 view .LVU245
 841 0086 134B     		ldr	r3, .L59
 842 0088 D3F80C0C 		ldr	r0, [r3, #3084]
 843              	.LVL81:
 177:Core/Src/GPIO_program.c ****         GPIOD_PUPDR |= (Copy_u8PullUpDown << (Copy_u8PinId * 2)); // Set the pull-up/pull-down bits
ARM GAS  /tmp/ccL8B3jm.s 			page 22


 844              		.loc 1 177 48 is_stmt 0 view .LVU246
 845 008c 4900     		lsls	r1, r1, #1
 846              	.LVL82:
 177:Core/Src/GPIO_program.c ****         GPIOD_PUPDR |= (Copy_u8PullUpDown << (Copy_u8PinId * 2)); // Set the pull-up/pull-down bits
 847              		.loc 1 177 31 view .LVU247
 848 008e 4FF0030C 		mov	ip, #3
 849 0092 0CFA01FC 		lsl	ip, ip, r1
 177:Core/Src/GPIO_program.c ****         GPIOD_PUPDR |= (Copy_u8PullUpDown << (Copy_u8PinId * 2)); // Set the pull-up/pull-down bits
 850              		.loc 1 177 21 view .LVU248
 851 0096 20EA0C00 		bic	r0, r0, ip
 852 009a C3F80C0C 		str	r0, [r3, #3084]
 178:Core/Src/GPIO_program.c ****         break;
 853              		.loc 1 178 9 is_stmt 1 view .LVU249
 854 009e D3F80C0C 		ldr	r0, [r3, #3084]
 178:Core/Src/GPIO_program.c ****         break;
 855              		.loc 1 178 43 is_stmt 0 view .LVU250
 856 00a2 02FA01F1 		lsl	r1, r2, r1
 178:Core/Src/GPIO_program.c ****         break;
 857              		.loc 1 178 21 view .LVU251
 858 00a6 0143     		orrs	r1, r1, r0
 859 00a8 C3F80C1C 		str	r1, [r3, #3084]
 179:Core/Src/GPIO_program.c ****     case PORTE:
 860              		.loc 1 179 9 is_stmt 1 view .LVU252
 159:Core/Src/GPIO_program.c **** 
 861              		.loc 1 159 20 is_stmt 0 view .LVU253
 862 00ac 0120     		movs	r0, #1
 179:Core/Src/GPIO_program.c ****     case PORTE:
 863              		.loc 1 179 9 view .LVU254
 864 00ae BEE7     		b	.L50
 865              	.LVL83:
 866              	.L51:
 181:Core/Src/GPIO_program.c ****         GPIOE_PUPDR |= (Copy_u8PullUpDown << (Copy_u8PinId * 2)); // Set the pull-up/pull-down bits
 867              		.loc 1 181 9 is_stmt 1 view .LVU255
 868 00b0 094B     		ldr	r3, .L59+4
 869 00b2 D868     		ldr	r0, [r3, #12]
 870              	.LVL84:
 181:Core/Src/GPIO_program.c ****         GPIOE_PUPDR |= (Copy_u8PullUpDown << (Copy_u8PinId * 2)); // Set the pull-up/pull-down bits
 871              		.loc 1 181 48 is_stmt 0 view .LVU256
 872 00b4 4900     		lsls	r1, r1, #1
 873              	.LVL85:
 181:Core/Src/GPIO_program.c ****         GPIOE_PUPDR |= (Copy_u8PullUpDown << (Copy_u8PinId * 2)); // Set the pull-up/pull-down bits
 874              		.loc 1 181 31 view .LVU257
 875 00b6 4FF0030C 		mov	ip, #3
 876 00ba 0CFA01FC 		lsl	ip, ip, r1
 181:Core/Src/GPIO_program.c ****         GPIOE_PUPDR |= (Copy_u8PullUpDown << (Copy_u8PinId * 2)); // Set the pull-up/pull-down bits
 877              		.loc 1 181 21 view .LVU258
 878 00be 20EA0C00 		bic	r0, r0, ip
 879 00c2 D860     		str	r0, [r3, #12]
 182:Core/Src/GPIO_program.c ****         break;  
 880              		.loc 1 182 9 is_stmt 1 view .LVU259
 881 00c4 D868     		ldr	r0, [r3, #12]
 182:Core/Src/GPIO_program.c ****         break;  
 882              		.loc 1 182 43 is_stmt 0 view .LVU260
 883 00c6 8A40     		lsls	r2, r2, r1
 884              	.LVL86:
 182:Core/Src/GPIO_program.c ****         break;  
 885              		.loc 1 182 21 view .LVU261
ARM GAS  /tmp/ccL8B3jm.s 			page 23


 886 00c8 0243     		orrs	r2, r2, r0
 887 00ca DA60     		str	r2, [r3, #12]
 183:Core/Src/GPIO_program.c ****     default:
 888              		.loc 1 183 9 is_stmt 1 view .LVU262
 159:Core/Src/GPIO_program.c **** 
 889              		.loc 1 159 20 is_stmt 0 view .LVU263
 890 00cc 0120     		movs	r0, #1
 183:Core/Src/GPIO_program.c ****     default:
 891              		.loc 1 183 9 view .LVU264
 892 00ce AEE7     		b	.L50
 893              	.LVL87:
 894              	.L57:
 161:Core/Src/GPIO_program.c ****     {
 895              		.loc 1 161 5 view .LVU265
 896 00d0 0120     		movs	r0, #1
 897              	.LVL88:
 161:Core/Src/GPIO_program.c ****     {
 898              		.loc 1 161 5 view .LVU266
 899 00d2 ACE7     		b	.L50
 900              	.L60:
 901              		.align	2
 902              	.L59:
 903 00d4 00000240 		.word	1073872896
 904 00d8 00100240 		.word	1073876992
 905              		.cfi_endproc
 906              	.LFE4:
 908              		.section	.text.GPIO_GetPinValue,"ax",%progbits
 909              		.align	1
 910              		.global	GPIO_GetPinValue
 911              		.syntax unified
 912              		.thumb
 913              		.thumb_func
 915              	GPIO_GetPinValue:
 916              	.LVL89:
 917              	.LFB5:
 191:Core/Src/GPIO_program.c **** 
 192:Core/Src/GPIO_program.c **** Std_ReturnType GPIO_GetPinValue(u8 Copy_u8PortId, u8 Copy_u8PinId, u8* Copy_pu8PinValue)
 193:Core/Src/GPIO_program.c **** {
 918              		.loc 1 193 1 is_stmt 1 view -0
 919              		.cfi_startproc
 920              		@ args = 0, pretend = 0, frame = 0
 921              		@ frame_needed = 0, uses_anonymous_args = 0
 922              		@ link register save eliminated.
 194:Core/Src/GPIO_program.c ****     Std_ReturnType Local_FunctionState = E_NOT_OK;  
 923              		.loc 1 194 5 view .LVU268
 195:Core/Src/GPIO_program.c ****   if (Copy_pu8PinValue != NULL)
 924              		.loc 1 195 3 view .LVU269
 925              		.loc 1 195 6 is_stmt 0 view .LVU270
 926 0000 1346     		mov	r3, r2
 927 0002 002A     		cmp	r2, #0
 928 0004 2FD0     		beq	.L69
 196:Core/Src/GPIO_program.c ****     {
 197:Core/Src/GPIO_program.c ****        
 198:Core/Src/GPIO_program.c ****     switch (Copy_u8PortId)
 929              		.loc 1 198 5 is_stmt 1 view .LVU271
 930 0006 0428     		cmp	r0, #4
 931 0008 2FD8     		bhi	.L70
ARM GAS  /tmp/ccL8B3jm.s 			page 24


 932 000a DFE800F0 		tbb	[pc, r0]
 933              	.LVL90:
 934              	.L64:
 935 000e 03       		.byte	(.L68-.L64)/2
 936 000f 0A       		.byte	(.L67-.L64)/2
 937 0010 12       		.byte	(.L66-.L64)/2
 938 0011 1B       		.byte	(.L65-.L64)/2
 939 0012 24       		.byte	(.L63-.L64)/2
 940 0013 00       		.p2align 1
 941              	.L68:
 199:Core/Src/GPIO_program.c ****     {
 200:Core/Src/GPIO_program.c ****     case PORTA:
 201:Core/Src/GPIO_program.c ****         *Copy_pu8PinValue = (GPIOA_IDR >> Copy_u8PinId) & 0b1; // Read the value of the specified p
 942              		.loc 1 201 9 view .LVU272
 943              		.loc 1 201 30 is_stmt 0 view .LVU273
 944 0014 164A     		ldr	r2, .L71
 945 0016 1269     		ldr	r2, [r2, #16]
 946              		.loc 1 201 40 view .LVU274
 947 0018 CA40     		lsrs	r2, r2, r1
 948              		.loc 1 201 57 view .LVU275
 949 001a 02F00102 		and	r2, r2, #1
 950              		.loc 1 201 27 view .LVU276
 951 001e 1A70     		strb	r2, [r3]
 202:Core/Src/GPIO_program.c ****         Local_FunctionState = E_OK;
 952              		.loc 1 202 9 is_stmt 1 view .LVU277
 953              	.LVL91:
 203:Core/Src/GPIO_program.c ****         break;
 954              		.loc 1 203 9 view .LVU278
 955 0020 7047     		bx	lr
 956              	.LVL92:
 957              	.L67:
 204:Core/Src/GPIO_program.c ****     case PORTB:
 205:Core/Src/GPIO_program.c ****         *Copy_pu8PinValue = (GPIOB_IDR >> Copy_u8PinId) & 0b1; // Read the value of the specified p
 958              		.loc 1 205 9 view .LVU279
 959              		.loc 1 205 30 is_stmt 0 view .LVU280
 960 0022 134A     		ldr	r2, .L71
 961 0024 D2F81024 		ldr	r2, [r2, #1040]
 962              		.loc 1 205 40 view .LVU281
 963 0028 CA40     		lsrs	r2, r2, r1
 964              		.loc 1 205 57 view .LVU282
 965 002a 02F00102 		and	r2, r2, #1
 966              		.loc 1 205 27 view .LVU283
 967 002e 1A70     		strb	r2, [r3]
 206:Core/Src/GPIO_program.c ****         break;
 968              		.loc 1 206 9 is_stmt 1 view .LVU284
 969 0030 7047     		bx	lr
 970              	.L66:
 207:Core/Src/GPIO_program.c ****     case PORTC:
 208:Core/Src/GPIO_program.c ****         *Copy_pu8PinValue = (GPIOC_IDR >> Copy_u8PinId) & 0b1; // Read the value of the specified p
 971              		.loc 1 208 9 view .LVU285
 972              		.loc 1 208 30 is_stmt 0 view .LVU286
 973 0032 0F4A     		ldr	r2, .L71
 974 0034 D2F81028 		ldr	r2, [r2, #2064]
 975              		.loc 1 208 40 view .LVU287
 976 0038 CA40     		lsrs	r2, r2, r1
 977              		.loc 1 208 57 view .LVU288
 978 003a 02F00102 		and	r2, r2, #1
ARM GAS  /tmp/ccL8B3jm.s 			page 25


 979              		.loc 1 208 27 view .LVU289
 980 003e 1A70     		strb	r2, [r3]
 209:Core/Src/GPIO_program.c ****         break;
 981              		.loc 1 209 9 is_stmt 1 view .LVU290
 194:Core/Src/GPIO_program.c ****   if (Copy_pu8PinValue != NULL)
 982              		.loc 1 194 20 is_stmt 0 view .LVU291
 983 0040 0120     		movs	r0, #1
 984              	.LVL93:
 985              		.loc 1 209 9 view .LVU292
 986 0042 7047     		bx	lr
 987              	.LVL94:
 988              	.L65:
 210:Core/Src/GPIO_program.c ****     case PORTD:
 211:Core/Src/GPIO_program.c ****         *Copy_pu8PinValue = (GPIOD_IDR >> Copy_u8PinId) & 0b1; // Read the value of the specified p
 989              		.loc 1 211 9 is_stmt 1 view .LVU293
 990              		.loc 1 211 30 is_stmt 0 view .LVU294
 991 0044 0A4A     		ldr	r2, .L71
 992 0046 D2F8102C 		ldr	r2, [r2, #3088]
 993              		.loc 1 211 40 view .LVU295
 994 004a CA40     		lsrs	r2, r2, r1
 995              		.loc 1 211 57 view .LVU296
 996 004c 02F00102 		and	r2, r2, #1
 997              		.loc 1 211 27 view .LVU297
 998 0050 1A70     		strb	r2, [r3]
 212:Core/Src/GPIO_program.c ****         break;
 999              		.loc 1 212 9 is_stmt 1 view .LVU298
 194:Core/Src/GPIO_program.c ****   if (Copy_pu8PinValue != NULL)
 1000              		.loc 1 194 20 is_stmt 0 view .LVU299
 1001 0052 0120     		movs	r0, #1
 1002              	.LVL95:
 1003              		.loc 1 212 9 view .LVU300
 1004 0054 7047     		bx	lr
 1005              	.LVL96:
 1006              	.L63:
 213:Core/Src/GPIO_program.c ****     case PORTE:
 214:Core/Src/GPIO_program.c ****         *Copy_pu8PinValue = (GPIOE_IDR >> Copy_u8PinId) & 0b1; // Read the value of the specified p
 1007              		.loc 1 214 9 is_stmt 1 view .LVU301
 1008              		.loc 1 214 30 is_stmt 0 view .LVU302
 1009 0056 074A     		ldr	r2, .L71+4
 1010 0058 1269     		ldr	r2, [r2, #16]
 1011              		.loc 1 214 40 view .LVU303
 1012 005a CA40     		lsrs	r2, r2, r1
 1013              		.loc 1 214 57 view .LVU304
 1014 005c 02F00102 		and	r2, r2, #1
 1015              		.loc 1 214 27 view .LVU305
 1016 0060 1A70     		strb	r2, [r3]
 215:Core/Src/GPIO_program.c ****         break;  
 1017              		.loc 1 215 9 is_stmt 1 view .LVU306
 194:Core/Src/GPIO_program.c ****   if (Copy_pu8PinValue != NULL)
 1018              		.loc 1 194 20 is_stmt 0 view .LVU307
 1019 0062 0120     		movs	r0, #1
 1020              	.LVL97:
 1021              		.loc 1 215 9 view .LVU308
 1022 0064 7047     		bx	lr
 1023              	.LVL98:
 1024              	.L69:
 194:Core/Src/GPIO_program.c ****   if (Copy_pu8PinValue != NULL)
ARM GAS  /tmp/ccL8B3jm.s 			page 26


 1025              		.loc 1 194 20 view .LVU309
 1026 0066 0120     		movs	r0, #1
 1027              	.LVL99:
 194:Core/Src/GPIO_program.c ****   if (Copy_pu8PinValue != NULL)
 1028              		.loc 1 194 20 view .LVU310
 1029 0068 7047     		bx	lr
 1030              	.LVL100:
 1031              	.L70:
 198:Core/Src/GPIO_program.c ****     {
 1032              		.loc 1 198 5 view .LVU311
 1033 006a 0120     		movs	r0, #1
 1034              	.LVL101:
 216:Core/Src/GPIO_program.c ****     default:
 217:Core/Src/GPIO_program.c ****         Local_FunctionState = E_NOT_OK;
 218:Core/Src/GPIO_program.c ****         break;
 219:Core/Src/GPIO_program.c ****     } 
 220:Core/Src/GPIO_program.c ****   } 
 221:Core/Src/GPIO_program.c ****     return Local_FunctionState; 
 1035              		.loc 1 221 5 is_stmt 1 view .LVU312
 222:Core/Src/GPIO_program.c **** }
 1036              		.loc 1 222 1 is_stmt 0 view .LVU313
 1037 006c 7047     		bx	lr
 1038              	.L72:
 1039 006e 00BF     		.align	2
 1040              	.L71:
 1041 0070 00000240 		.word	1073872896
 1042 0074 00100240 		.word	1073876992
 1043              		.cfi_endproc
 1044              	.LFE5:
 1046              		.section	.text.GPIO_SetPinValue,"ax",%progbits
 1047              		.align	1
 1048              		.global	GPIO_SetPinValue
 1049              		.syntax unified
 1050              		.thumb
 1051              		.thumb_func
 1053              	GPIO_SetPinValue:
 1054              	.LVL102:
 1055              	.LFB6:
 223:Core/Src/GPIO_program.c **** 
 224:Core/Src/GPIO_program.c **** Std_ReturnType GPIO_SetPinValue(u8 Copy_u8PortId, u8 Copy_u8PinId, u8 Copy_pu8PinValue)
 225:Core/Src/GPIO_program.c **** {
 1056              		.loc 1 225 1 is_stmt 1 view -0
 1057              		.cfi_startproc
 1058              		@ args = 0, pretend = 0, frame = 0
 1059              		@ frame_needed = 0, uses_anonymous_args = 0
 1060              		@ link register save eliminated.
 1061              		.loc 1 225 1 is_stmt 0 view .LVU315
 1062 0000 10B4     		push	{r4}
 1063              	.LCFI5:
 1064              		.cfi_def_cfa_offset 4
 1065              		.cfi_offset 4, -4
 226:Core/Src/GPIO_program.c ****     Std_ReturnType Local_FunctionState = E_NOT_OK;  
 1066              		.loc 1 226 5 is_stmt 1 view .LVU316
 1067              	.LVL103:
 227:Core/Src/GPIO_program.c **** 
 228:Core/Src/GPIO_program.c ****     switch (Copy_u8PortId)
 1068              		.loc 1 228 5 view .LVU317
ARM GAS  /tmp/ccL8B3jm.s 			page 27


 1069 0002 0428     		cmp	r0, #4
 1070 0004 00F28280 		bhi	.L86
 1071 0008 DFE800F0 		tbb	[pc, r0]
 1072              	.L76:
 1073 000c 03       		.byte	(.L80-.L76)/2
 1074 000d 18       		.byte	(.L79-.L76)/2
 1075 000e 30       		.byte	(.L78-.L76)/2
 1076 000f 4B       		.byte	(.L77-.L76)/2
 1077 0010 66       		.byte	(.L75-.L76)/2
 1078 0011 00       		.p2align 1
 1079              	.L80:
 229:Core/Src/GPIO_program.c ****     {
 230:Core/Src/GPIO_program.c ****     case PORTA:
 231:Core/Src/GPIO_program.c ****         if (Copy_pu8PinValue == 0)
 1080              		.loc 1 231 9 view .LVU318
 1081              		.loc 1 231 12 is_stmt 0 view .LVU319
 1082 0012 5AB9     		cbnz	r2, .L81
 232:Core/Src/GPIO_program.c ****         {
 233:Core/Src/GPIO_program.c ****             GPIOA_ODR &= ~(0b1 << Copy_u8PinId); // Clear the output data bit for the specified pin
 1083              		.loc 1 233 13 is_stmt 1 view .LVU320
 1084 0014 3E4C     		ldr	r4, .L96
 1085 0016 6369     		ldr	r3, [r4, #20]
 1086              		.loc 1 233 32 is_stmt 0 view .LVU321
 1087 0018 0120     		movs	r0, #1
 1088              	.LVL104:
 1089              		.loc 1 233 32 view .LVU322
 1090 001a 00FA01F1 		lsl	r1, r0, r1
 1091              	.LVL105:
 1092              		.loc 1 233 23 view .LVU323
 1093 001e 23EA0103 		bic	r3, r3, r1
 1094 0022 6361     		str	r3, [r4, #20]
 234:Core/Src/GPIO_program.c ****         }
 235:Core/Src/GPIO_program.c ****         else if ( Copy_pu8PinValue == 1)
 236:Core/Src/GPIO_program.c ****         {
 237:Core/Src/GPIO_program.c ****             GPIOA_ODR |= (0b1 << Copy_u8PinId); // Set the output data bit for the specified pin to
 238:Core/Src/GPIO_program.c ****         }
 239:Core/Src/GPIO_program.c ****         Local_FunctionState = E_OK;
 1095              		.loc 1 239 29 view .LVU324
 1096 0024 1046     		mov	r0, r2
 1097              	.LVL106:
 1098              	.L74:
 240:Core/Src/GPIO_program.c ****         break;
 241:Core/Src/GPIO_program.c ****     case PORTB:
 242:Core/Src/GPIO_program.c ****         if ( Copy_pu8PinValue == 0)
 243:Core/Src/GPIO_program.c ****         {
 244:Core/Src/GPIO_program.c ****             GPIOB_ODR &= ~(0b1 << Copy_u8PinId); // Clear the output data bit for the specified pin
 245:Core/Src/GPIO_program.c ****         }
 246:Core/Src/GPIO_program.c ****         else if ( Copy_pu8PinValue == 1)
 247:Core/Src/GPIO_program.c ****         {
 248:Core/Src/GPIO_program.c ****             GPIOB_ODR |= (0b1 << Copy_u8PinId); // Set the output data bit for the specified pin to
 249:Core/Src/GPIO_program.c ****         }
 250:Core/Src/GPIO_program.c ****         break;
 251:Core/Src/GPIO_program.c ****     case PORTC:
 252:Core/Src/GPIO_program.c ****         if ( Copy_pu8PinValue == 0)
 253:Core/Src/GPIO_program.c ****         {
 254:Core/Src/GPIO_program.c ****             GPIOC_ODR &= ~(0b1 << Copy_u8PinId); // Clear the output data bit for the specified pin
 255:Core/Src/GPIO_program.c ****         }
ARM GAS  /tmp/ccL8B3jm.s 			page 28


 256:Core/Src/GPIO_program.c ****         else if ( Copy_pu8PinValue == 1)
 257:Core/Src/GPIO_program.c ****         {
 258:Core/Src/GPIO_program.c ****             GPIOC_ODR |= (0b1 << Copy_u8PinId); // Set the output data bit for the specified pin to
 259:Core/Src/GPIO_program.c ****         }
 260:Core/Src/GPIO_program.c ****         break;
 261:Core/Src/GPIO_program.c ****     case PORTD:
 262:Core/Src/GPIO_program.c ****         if ( Copy_pu8PinValue == 0)
 263:Core/Src/GPIO_program.c ****         {
 264:Core/Src/GPIO_program.c ****             GPIOD_ODR &= ~(0b1 << Copy_u8PinId); // Clear the output data bit for the specified pin
 265:Core/Src/GPIO_program.c ****         }
 266:Core/Src/GPIO_program.c ****         else if ( Copy_pu8PinValue == 1)
 267:Core/Src/GPIO_program.c ****         {
 268:Core/Src/GPIO_program.c ****             GPIOD_ODR |= (0b1 << Copy_u8PinId); // Set the output data bit for the specified pin to
 269:Core/Src/GPIO_program.c ****         }
 270:Core/Src/GPIO_program.c ****         break;
 271:Core/Src/GPIO_program.c ****     case PORTE:
 272:Core/Src/GPIO_program.c ****         if ( Copy_pu8PinValue == 0)
 273:Core/Src/GPIO_program.c ****         {
 274:Core/Src/GPIO_program.c ****             GPIOE_ODR &= ~(0b1 << Copy_u8PinId); // Clear the output data bit for the specified pin
 275:Core/Src/GPIO_program.c ****         }
 276:Core/Src/GPIO_program.c ****         else if ( Copy_pu8PinValue == 1)
 277:Core/Src/GPIO_program.c ****         {
 278:Core/Src/GPIO_program.c ****             GPIOE_ODR |= (0b1 << Copy_u8PinId); // Set the output data bit for the specified pin to
 279:Core/Src/GPIO_program.c ****         }
 280:Core/Src/GPIO_program.c ****         break;  
 281:Core/Src/GPIO_program.c ****     default:
 282:Core/Src/GPIO_program.c ****         Local_FunctionState = E_NOT_OK;
 283:Core/Src/GPIO_program.c ****         break;
 284:Core/Src/GPIO_program.c ****     }   
 285:Core/Src/GPIO_program.c **** 
 286:Core/Src/GPIO_program.c ****     return Local_FunctionState; 
 1099              		.loc 1 286 5 is_stmt 1 view .LVU325
 287:Core/Src/GPIO_program.c **** }   
 1100              		.loc 1 287 1 is_stmt 0 view .LVU326
 1101 0026 5DF8044B 		ldr	r4, [sp], #4
 1102 002a 7047     		bx	lr
 1103              	.LVL107:
 1104              	.L81:
 235:Core/Src/GPIO_program.c ****         {
 1105              		.loc 1 235 14 is_stmt 1 view .LVU327
 235:Core/Src/GPIO_program.c ****         {
 1106              		.loc 1 235 17 is_stmt 0 view .LVU328
 1107 002c 012A     		cmp	r2, #1
 1108 002e FAD1     		bne	.L74
 237:Core/Src/GPIO_program.c ****         }
 1109              		.loc 1 237 13 is_stmt 1 view .LVU329
 1110 0030 374C     		ldr	r4, .L96
 1111 0032 6369     		ldr	r3, [r4, #20]
 237:Core/Src/GPIO_program.c ****         }
 1112              		.loc 1 237 31 is_stmt 0 view .LVU330
 1113 0034 8A40     		lsls	r2, r2, r1
 1114              	.LVL108:
 237:Core/Src/GPIO_program.c ****         }
 1115              		.loc 1 237 23 view .LVU331
 1116 0036 1343     		orrs	r3, r3, r2
 1117 0038 6361     		str	r3, [r4, #20]
 1118 003a F4E7     		b	.L74
ARM GAS  /tmp/ccL8B3jm.s 			page 29


 1119              	.LVL109:
 1120              	.L79:
 242:Core/Src/GPIO_program.c ****         {
 1121              		.loc 1 242 9 is_stmt 1 view .LVU332
 242:Core/Src/GPIO_program.c ****         {
 1122              		.loc 1 242 12 is_stmt 0 view .LVU333
 1123 003c 4AB9     		cbnz	r2, .L82
 244:Core/Src/GPIO_program.c ****         }
 1124              		.loc 1 244 13 is_stmt 1 view .LVU334
 1125 003e 344C     		ldr	r4, .L96
 1126 0040 D4F81434 		ldr	r3, [r4, #1044]
 244:Core/Src/GPIO_program.c ****         }
 1127              		.loc 1 244 32 is_stmt 0 view .LVU335
 1128 0044 0122     		movs	r2, #1
 1129              	.LVL110:
 244:Core/Src/GPIO_program.c ****         }
 1130              		.loc 1 244 32 view .LVU336
 1131 0046 8A40     		lsls	r2, r2, r1
 244:Core/Src/GPIO_program.c ****         }
 1132              		.loc 1 244 23 view .LVU337
 1133 0048 23EA0203 		bic	r3, r3, r2
 1134 004c C4F81434 		str	r3, [r4, #1044]
 1135 0050 E9E7     		b	.L74
 1136              	.LVL111:
 1137              	.L82:
 246:Core/Src/GPIO_program.c ****         {
 1138              		.loc 1 246 14 is_stmt 1 view .LVU338
 246:Core/Src/GPIO_program.c ****         {
 1139              		.loc 1 246 17 is_stmt 0 view .LVU339
 1140 0052 012A     		cmp	r2, #1
 1141 0054 E7D1     		bne	.L74
 248:Core/Src/GPIO_program.c ****         }
 1142              		.loc 1 248 13 is_stmt 1 view .LVU340
 1143 0056 2E4C     		ldr	r4, .L96
 1144 0058 D4F81434 		ldr	r3, [r4, #1044]
 248:Core/Src/GPIO_program.c ****         }
 1145              		.loc 1 248 31 is_stmt 0 view .LVU341
 1146 005c 0120     		movs	r0, #1
 1147              	.LVL112:
 248:Core/Src/GPIO_program.c ****         }
 1148              		.loc 1 248 31 view .LVU342
 1149 005e 00FA01F1 		lsl	r1, r0, r1
 1150              	.LVL113:
 248:Core/Src/GPIO_program.c ****         }
 1151              		.loc 1 248 23 view .LVU343
 1152 0062 0B43     		orrs	r3, r3, r1
 1153 0064 C4F81434 		str	r3, [r4, #1044]
 226:Core/Src/GPIO_program.c **** 
 1154              		.loc 1 226 20 view .LVU344
 1155 0068 1046     		mov	r0, r2
 1156 006a DCE7     		b	.L74
 1157              	.LVL114:
 1158              	.L78:
 252:Core/Src/GPIO_program.c ****         {
 1159              		.loc 1 252 9 is_stmt 1 view .LVU345
 252:Core/Src/GPIO_program.c ****         {
 1160              		.loc 1 252 12 is_stmt 0 view .LVU346
ARM GAS  /tmp/ccL8B3jm.s 			page 30


 1161 006c 52B9     		cbnz	r2, .L83
 254:Core/Src/GPIO_program.c ****         }
 1162              		.loc 1 254 13 is_stmt 1 view .LVU347
 1163 006e 284A     		ldr	r2, .L96
 1164              	.LVL115:
 254:Core/Src/GPIO_program.c ****         }
 1165              		.loc 1 254 13 is_stmt 0 view .LVU348
 1166 0070 D2F81438 		ldr	r3, [r2, #2068]
 254:Core/Src/GPIO_program.c ****         }
 1167              		.loc 1 254 32 view .LVU349
 1168 0074 0120     		movs	r0, #1
 1169              	.LVL116:
 254:Core/Src/GPIO_program.c ****         }
 1170              		.loc 1 254 32 view .LVU350
 1171 0076 00FA01F1 		lsl	r1, r0, r1
 1172              	.LVL117:
 254:Core/Src/GPIO_program.c ****         }
 1173              		.loc 1 254 23 view .LVU351
 1174 007a 23EA0103 		bic	r3, r3, r1
 1175 007e C2F81438 		str	r3, [r2, #2068]
 1176 0082 D0E7     		b	.L74
 1177              	.LVL118:
 1178              	.L83:
 256:Core/Src/GPIO_program.c ****         {
 1179              		.loc 1 256 14 is_stmt 1 view .LVU352
 256:Core/Src/GPIO_program.c ****         {
 1180              		.loc 1 256 17 is_stmt 0 view .LVU353
 1181 0084 012A     		cmp	r2, #1
 1182 0086 01D0     		beq	.L93
 226:Core/Src/GPIO_program.c **** 
 1183              		.loc 1 226 20 view .LVU354
 1184 0088 0120     		movs	r0, #1
 1185              	.LVL119:
 226:Core/Src/GPIO_program.c **** 
 1186              		.loc 1 226 20 view .LVU355
 1187 008a CCE7     		b	.L74
 1188              	.LVL120:
 1189              	.L93:
 258:Core/Src/GPIO_program.c ****         }
 1190              		.loc 1 258 13 is_stmt 1 view .LVU356
 1191 008c 204C     		ldr	r4, .L96
 1192 008e D4F81438 		ldr	r3, [r4, #2068]
 258:Core/Src/GPIO_program.c ****         }
 1193              		.loc 1 258 31 is_stmt 0 view .LVU357
 1194 0092 0120     		movs	r0, #1
 1195              	.LVL121:
 258:Core/Src/GPIO_program.c ****         }
 1196              		.loc 1 258 31 view .LVU358
 1197 0094 00FA01F1 		lsl	r1, r0, r1
 1198              	.LVL122:
 258:Core/Src/GPIO_program.c ****         }
 1199              		.loc 1 258 23 view .LVU359
 1200 0098 0B43     		orrs	r3, r3, r1
 1201 009a C4F81438 		str	r3, [r4, #2068]
 226:Core/Src/GPIO_program.c **** 
 1202              		.loc 1 226 20 view .LVU360
 1203 009e 1046     		mov	r0, r2
ARM GAS  /tmp/ccL8B3jm.s 			page 31


 1204 00a0 C1E7     		b	.L74
 1205              	.LVL123:
 1206              	.L77:
 262:Core/Src/GPIO_program.c ****         {
 1207              		.loc 1 262 9 is_stmt 1 view .LVU361
 262:Core/Src/GPIO_program.c ****         {
 1208              		.loc 1 262 12 is_stmt 0 view .LVU362
 1209 00a2 52B9     		cbnz	r2, .L84
 264:Core/Src/GPIO_program.c ****         }
 1210              		.loc 1 264 13 is_stmt 1 view .LVU363
 1211 00a4 1A4A     		ldr	r2, .L96
 1212              	.LVL124:
 264:Core/Src/GPIO_program.c ****         }
 1213              		.loc 1 264 13 is_stmt 0 view .LVU364
 1214 00a6 D2F8143C 		ldr	r3, [r2, #3092]
 264:Core/Src/GPIO_program.c ****         }
 1215              		.loc 1 264 32 view .LVU365
 1216 00aa 0120     		movs	r0, #1
 1217              	.LVL125:
 264:Core/Src/GPIO_program.c ****         }
 1218              		.loc 1 264 32 view .LVU366
 1219 00ac 00FA01F1 		lsl	r1, r0, r1
 1220              	.LVL126:
 264:Core/Src/GPIO_program.c ****         }
 1221              		.loc 1 264 23 view .LVU367
 1222 00b0 23EA0103 		bic	r3, r3, r1
 1223 00b4 C2F8143C 		str	r3, [r2, #3092]
 1224 00b8 B5E7     		b	.L74
 1225              	.LVL127:
 1226              	.L84:
 266:Core/Src/GPIO_program.c ****         {
 1227              		.loc 1 266 14 is_stmt 1 view .LVU368
 266:Core/Src/GPIO_program.c ****         {
 1228              		.loc 1 266 17 is_stmt 0 view .LVU369
 1229 00ba 012A     		cmp	r2, #1
 1230 00bc 01D0     		beq	.L94
 226:Core/Src/GPIO_program.c **** 
 1231              		.loc 1 226 20 view .LVU370
 1232 00be 0120     		movs	r0, #1
 1233              	.LVL128:
 226:Core/Src/GPIO_program.c **** 
 1234              		.loc 1 226 20 view .LVU371
 1235 00c0 B1E7     		b	.L74
 1236              	.LVL129:
 1237              	.L94:
 268:Core/Src/GPIO_program.c ****         }
 1238              		.loc 1 268 13 is_stmt 1 view .LVU372
 1239 00c2 134C     		ldr	r4, .L96
 1240 00c4 D4F8143C 		ldr	r3, [r4, #3092]
 268:Core/Src/GPIO_program.c ****         }
 1241              		.loc 1 268 31 is_stmt 0 view .LVU373
 1242 00c8 0120     		movs	r0, #1
 1243              	.LVL130:
 268:Core/Src/GPIO_program.c ****         }
 1244              		.loc 1 268 31 view .LVU374
 1245 00ca 00FA01F1 		lsl	r1, r0, r1
 1246              	.LVL131:
ARM GAS  /tmp/ccL8B3jm.s 			page 32


 268:Core/Src/GPIO_program.c ****         }
 1247              		.loc 1 268 23 view .LVU375
 1248 00ce 0B43     		orrs	r3, r3, r1
 1249 00d0 C4F8143C 		str	r3, [r4, #3092]
 226:Core/Src/GPIO_program.c **** 
 1250              		.loc 1 226 20 view .LVU376
 1251 00d4 1046     		mov	r0, r2
 1252 00d6 A6E7     		b	.L74
 1253              	.LVL132:
 1254              	.L75:
 272:Core/Src/GPIO_program.c ****         {
 1255              		.loc 1 272 9 is_stmt 1 view .LVU377
 272:Core/Src/GPIO_program.c ****         {
 1256              		.loc 1 272 12 is_stmt 0 view .LVU378
 1257 00d8 5AB9     		cbnz	r2, .L85
 274:Core/Src/GPIO_program.c ****         }
 1258              		.loc 1 274 13 is_stmt 1 view .LVU379
 1259 00da 02F18042 		add	r2, r2, #1073741824
 1260              	.LVL133:
 274:Core/Src/GPIO_program.c ****         }
 1261              		.loc 1 274 13 is_stmt 0 view .LVU380
 1262 00de 02F50432 		add	r2, r2, #135168
 1263 00e2 5369     		ldr	r3, [r2, #20]
 274:Core/Src/GPIO_program.c ****         }
 1264              		.loc 1 274 32 view .LVU381
 1265 00e4 0120     		movs	r0, #1
 1266              	.LVL134:
 274:Core/Src/GPIO_program.c ****         }
 1267              		.loc 1 274 32 view .LVU382
 1268 00e6 00FA01F1 		lsl	r1, r0, r1
 1269              	.LVL135:
 274:Core/Src/GPIO_program.c ****         }
 1270              		.loc 1 274 23 view .LVU383
 1271 00ea 23EA0103 		bic	r3, r3, r1
 1272 00ee 5361     		str	r3, [r2, #20]
 1273 00f0 99E7     		b	.L74
 1274              	.LVL136:
 1275              	.L85:
 276:Core/Src/GPIO_program.c ****         {
 1276              		.loc 1 276 14 is_stmt 1 view .LVU384
 276:Core/Src/GPIO_program.c ****         {
 1277              		.loc 1 276 17 is_stmt 0 view .LVU385
 1278 00f2 012A     		cmp	r2, #1
 1279 00f4 01D0     		beq	.L95
 226:Core/Src/GPIO_program.c **** 
 1280              		.loc 1 226 20 view .LVU386
 1281 00f6 0120     		movs	r0, #1
 1282              	.LVL137:
 226:Core/Src/GPIO_program.c **** 
 1283              		.loc 1 226 20 view .LVU387
 1284 00f8 95E7     		b	.L74
 1285              	.LVL138:
 1286              	.L95:
 278:Core/Src/GPIO_program.c ****         }
 1287              		.loc 1 278 13 is_stmt 1 view .LVU388
 1288 00fa 064C     		ldr	r4, .L96+4
 1289 00fc 6369     		ldr	r3, [r4, #20]
ARM GAS  /tmp/ccL8B3jm.s 			page 33


 278:Core/Src/GPIO_program.c ****         }
 1290              		.loc 1 278 31 is_stmt 0 view .LVU389
 1291 00fe 0120     		movs	r0, #1
 1292              	.LVL139:
 278:Core/Src/GPIO_program.c ****         }
 1293              		.loc 1 278 31 view .LVU390
 1294 0100 00FA01F1 		lsl	r1, r0, r1
 1295              	.LVL140:
 278:Core/Src/GPIO_program.c ****         }
 1296              		.loc 1 278 23 view .LVU391
 1297 0104 0B43     		orrs	r3, r3, r1
 1298 0106 6361     		str	r3, [r4, #20]
 226:Core/Src/GPIO_program.c **** 
 1299              		.loc 1 226 20 view .LVU392
 1300 0108 1046     		mov	r0, r2
 1301 010a 8CE7     		b	.L74
 1302              	.LVL141:
 1303              	.L86:
 228:Core/Src/GPIO_program.c ****     {
 1304              		.loc 1 228 5 view .LVU393
 1305 010c 0120     		movs	r0, #1
 1306              	.LVL142:
 228:Core/Src/GPIO_program.c ****     {
 1307              		.loc 1 228 5 view .LVU394
 1308 010e 8AE7     		b	.L74
 1309              	.L97:
 1310              		.align	2
 1311              	.L96:
 1312 0110 00000240 		.word	1073872896
 1313 0114 00100240 		.word	1073876992
 1314              		.cfi_endproc
 1315              	.LFE6:
 1317              		.text
 1318              	.Letext0:
 1319              		.file 2 "Core/Inc/STD_TYPES.h"
ARM GAS  /tmp/ccL8B3jm.s 			page 34


DEFINED SYMBOLS
                            *ABS*:00000000 GPIO_program.c
     /tmp/ccL8B3jm.s:21     .text.GPIO_SetPinMode:00000000 $t
     /tmp/ccL8B3jm.s:27     .text.GPIO_SetPinMode:00000000 GPIO_SetPinMode
     /tmp/ccL8B3jm.s:47     .text.GPIO_SetPinMode:0000000a $d
     /tmp/ccL8B3jm.s:196    .text.GPIO_SetPinMode:000000d4 $d
     /tmp/ccL8B3jm.s:202    .text.GPIO_SetPinOutputType:00000000 $t
     /tmp/ccL8B3jm.s:208    .text.GPIO_SetPinOutputType:00000000 GPIO_SetPinOutputType
     /tmp/ccL8B3jm.s:228    .text.GPIO_SetPinOutputType:0000000a $d
     /tmp/ccL8B3jm.s:360    .text.GPIO_SetPinOutputType:000000b8 $d
     /tmp/ccL8B3jm.s:366    .text.GPIO_SetPinOutputSpeed:00000000 $t
     /tmp/ccL8B3jm.s:372    .text.GPIO_SetPinOutputSpeed:00000000 GPIO_SetPinOutputSpeed
     /tmp/ccL8B3jm.s:392    .text.GPIO_SetPinOutputSpeed:0000000a $d
     /tmp/ccL8B3jm.s:541    .text.GPIO_SetPinOutputSpeed:000000d4 $d
     /tmp/ccL8B3jm.s:547    .text.GPIO_SetPinPullUpPullDown:00000000 $t
     /tmp/ccL8B3jm.s:553    .text.GPIO_SetPinPullUpPullDown:00000000 GPIO_SetPinPullUpPullDown
     /tmp/ccL8B3jm.s:573    .text.GPIO_SetPinPullUpPullDown:0000000a $d
     /tmp/ccL8B3jm.s:722    .text.GPIO_SetPinPullUpPullDown:000000d4 $d
     /tmp/ccL8B3jm.s:728    .text.GPIO_SetPinPullUpDown:00000000 $t
     /tmp/ccL8B3jm.s:734    .text.GPIO_SetPinPullUpDown:00000000 GPIO_SetPinPullUpDown
     /tmp/ccL8B3jm.s:754    .text.GPIO_SetPinPullUpDown:0000000a $d
     /tmp/ccL8B3jm.s:903    .text.GPIO_SetPinPullUpDown:000000d4 $d
     /tmp/ccL8B3jm.s:909    .text.GPIO_GetPinValue:00000000 $t
     /tmp/ccL8B3jm.s:915    .text.GPIO_GetPinValue:00000000 GPIO_GetPinValue
     /tmp/ccL8B3jm.s:935    .text.GPIO_GetPinValue:0000000e $d
     /tmp/ccL8B3jm.s:1041   .text.GPIO_GetPinValue:00000070 $d
     /tmp/ccL8B3jm.s:1047   .text.GPIO_SetPinValue:00000000 $t
     /tmp/ccL8B3jm.s:1053   .text.GPIO_SetPinValue:00000000 GPIO_SetPinValue
     /tmp/ccL8B3jm.s:1073   .text.GPIO_SetPinValue:0000000c $d
     /tmp/ccL8B3jm.s:1312   .text.GPIO_SetPinValue:00000110 $d
     /tmp/ccL8B3jm.s:52     .text.GPIO_SetPinMode:0000000f $d
     /tmp/ccL8B3jm.s:52     .text.GPIO_SetPinMode:00000010 $t
     /tmp/ccL8B3jm.s:233    .text.GPIO_SetPinOutputType:0000000f $d
     /tmp/ccL8B3jm.s:233    .text.GPIO_SetPinOutputType:00000010 $t
     /tmp/ccL8B3jm.s:397    .text.GPIO_SetPinOutputSpeed:0000000f $d
     /tmp/ccL8B3jm.s:397    .text.GPIO_SetPinOutputSpeed:00000010 $t
     /tmp/ccL8B3jm.s:578    .text.GPIO_SetPinPullUpPullDown:0000000f $d
     /tmp/ccL8B3jm.s:578    .text.GPIO_SetPinPullUpPullDown:00000010 $t
     /tmp/ccL8B3jm.s:759    .text.GPIO_SetPinPullUpDown:0000000f $d
     /tmp/ccL8B3jm.s:759    .text.GPIO_SetPinPullUpDown:00000010 $t
     /tmp/ccL8B3jm.s:940    .text.GPIO_GetPinValue:00000013 $d
     /tmp/ccL8B3jm.s:940    .text.GPIO_GetPinValue:00000014 $t
     /tmp/ccL8B3jm.s:1078   .text.GPIO_SetPinValue:00000011 $d
     /tmp/ccL8B3jm.s:1078   .text.GPIO_SetPinValue:00000012 $t

NO UNDEFINED SYMBOLS
