ARM GAS  /tmp/ccgAXlR7.s 			page 1


   1              		.cpu cortex-m4
   2              		.arch armv7e-m
   3              		.fpu fpv4-sp-d16
   4              		.eabi_attribute 27, 1
   5              		.eabi_attribute 28, 1
   6              		.eabi_attribute 20, 1
   7              		.eabi_attribute 21, 1
   8              		.eabi_attribute 23, 3
   9              		.eabi_attribute 24, 1
  10              		.eabi_attribute 25, 1
  11              		.eabi_attribute 26, 1
  12              		.eabi_attribute 30, 1
  13              		.eabi_attribute 34, 1
  14              		.eabi_attribute 18, 4
  15              		.file	"main.c"
  16              		.text
  17              	.Ltext0:
  18              		.cfi_sections	.debug_frame
  19              		.file 1 "Core/Src/main.c"
  20              		.section	.text.main,"ax",%progbits
  21              		.align	1
  22              		.global	main
  23              		.syntax unified
  24              		.thumb
  25              		.thumb_func
  27              	main:
  28              	.LFB0:
   1:Core/Src/main.c **** /*****************< LIB >**************************************/
   2:Core/Src/main.c **** #include "STD_TYPES.h"
   3:Core/Src/main.c **** #include "BIT_MATH.h"
   4:Core/Src/main.c **** /*****************< MCAL >**************************************/
   5:Core/Src/main.c **** /****< RCC>****/
   6:Core/Src/main.c **** #include "RCC_interface.h"
   7:Core/Src/main.c **** /****< GPIO>****/
   8:Core/Src/main.c **** #include "GPIO_interface.h"
   9:Core/Src/main.c **** 
  10:Core/Src/main.c **** /*****************< APP >**************************************/
  11:Core/Src/main.c **** u8 buttton ;
  12:Core/Src/main.c **** int main(void)
  13:Core/Src/main.c **** {
  29              		.loc 1 13 1 view -0
  30              		.cfi_startproc
  31              		@ Volatile: function does not return.
  32              		@ args = 0, pretend = 0, frame = 0
  33              		@ frame_needed = 0, uses_anonymous_args = 0
  34 0000 08B5     		push	{r3, lr}
  35              	.LCFI0:
  36              		.cfi_def_cfa_offset 8
  37              		.cfi_offset 3, -8
  38              		.cfi_offset 14, -4
  14:Core/Src/main.c ****     /* Initialize the system clock */
  15:Core/Src/main.c ****     RCC_InitSysClock();
  39              		.loc 1 15 5 view .LVU1
  40 0002 FFF7FEFF 		bl	RCC_InitSysClock
  41              	.LVL0:
  16:Core/Src/main.c ****     
  17:Core/Src/main.c ****     /* Enable the clock for GPIOC peripheral */
ARM GAS  /tmp/ccgAXlR7.s 			page 2


  18:Core/Src/main.c ****     RCC_EnablePeripheralClock( RCC_AHB1_BUS , RCC_AHB1ENR_GPIOC_EN_BIT);
  42              		.loc 1 18 5 view .LVU2
  43 0006 0221     		movs	r1, #2
  44 0008 0020     		movs	r0, #0
  45 000a FFF7FEFF 		bl	RCC_EnablePeripheralClock
  46              	.LVL1:
  19:Core/Src/main.c ****     /* Configure PC13 pin as output */
  20:Core/Src/main.c ****     GPIO_SetPinMode( PORTC, GPIO_PIN_13, GPIO_MODE_OUTPUT);
  47              		.loc 1 20 5 view .LVU3
  48 000e 0122     		movs	r2, #1
  49 0010 0D21     		movs	r1, #13
  50 0012 0220     		movs	r0, #2
  51 0014 FFF7FEFF 		bl	GPIO_SetPinMode
  52              	.LVL2:
  21:Core/Src/main.c ****     /* Configure PC13 pin as push pull output */
  22:Core/Src/main.c ****     GPIO_SetPinOutputType( PORTC, GPIO_PIN_13,GPIO_OUTPUT_TYPE_PUSH_PULL );
  53              		.loc 1 22 5 view .LVU4
  54 0018 0022     		movs	r2, #0
  55 001a 0D21     		movs	r1, #13
  56 001c 0220     		movs	r0, #2
  57 001e FFF7FEFF 		bl	GPIO_SetPinOutputType
  58              	.LVL3:
  23:Core/Src/main.c ****     /* Configure PC13 pin as high speed output */
  24:Core/Src/main.c ****     GPIO_SetPinOutputSpeed( PORTC, GPIO_PIN_13, GPIO_OUTPUT_SPEED_LOW );
  59              		.loc 1 24 5 view .LVU5
  60 0022 0022     		movs	r2, #0
  61 0024 0D21     		movs	r1, #13
  62 0026 0220     		movs	r0, #2
  63 0028 FFF7FEFF 		bl	GPIO_SetPinOutputSpeed
  64              	.LVL4:
  25:Core/Src/main.c ****     /* Configure PC13 pin with pull-up resistor */
  26:Core/Src/main.c ****     GPIO_SetPinPullUpDown( PORTC, GPIO_PIN_13, GPIO_PULL_UP_DOWN_PULL_UP );
  65              		.loc 1 26 5 view .LVU6
  66 002c 0122     		movs	r2, #1
  67 002e 0D21     		movs	r1, #13
  68 0030 0220     		movs	r0, #2
  69 0032 FFF7FEFF 		bl	GPIO_SetPinPullUpDown
  70              	.LVL5:
  27:Core/Src/main.c **** 
  28:Core/Src/main.c **** 
  29:Core/Src/main.c **** 
  30:Core/Src/main.c ****     /* Enable the clock for GPIOA peripheral */
  31:Core/Src/main.c ****     RCC_EnablePeripheralClock( RCC_AHB1_BUS , RCC_AHB1ENR_GPIOA_EN_BIT);
  71              		.loc 1 31 5 view .LVU7
  72 0036 0021     		movs	r1, #0
  73 0038 0846     		mov	r0, r1
  74 003a FFF7FEFF 		bl	RCC_EnablePeripheralClock
  75              	.LVL6:
  32:Core/Src/main.c ****     /* Configure PA0 pin as input */
  33:Core/Src/main.c ****     GPIO_SetPinMode( PORTA, GPIO_PIN_0, GPIO_MODE_INPUT);
  76              		.loc 1 33 5 view .LVU8
  77 003e 0022     		movs	r2, #0
  78 0040 1146     		mov	r1, r2
  79 0042 1046     		mov	r0, r2
  80 0044 FFF7FEFF 		bl	GPIO_SetPinMode
  81              	.LVL7:
  34:Core/Src/main.c ****     
ARM GAS  /tmp/ccgAXlR7.s 			page 3


  35:Core/Src/main.c ****     /* Configure PA0 pin as high speed output */
  36:Core/Src/main.c ****     GPIO_SetPinOutputSpeed( PORTA, GPIO_PIN_0, GPIO_OUTPUT_SPEED_LOW );
  82              		.loc 1 36 5 view .LVU9
  83 0048 0022     		movs	r2, #0
  84 004a 1146     		mov	r1, r2
  85 004c 1046     		mov	r0, r2
  86 004e FFF7FEFF 		bl	GPIO_SetPinOutputSpeed
  87              	.LVL8:
  37:Core/Src/main.c ****     /* Configure PA0 pin with pull-up resistor */
  38:Core/Src/main.c ****     GPIO_SetPinPullUpDown( PORTA, GPIO_PIN_0, GPIO_PULL_UP_DOWN_PULL_UP );
  88              		.loc 1 38 5 view .LVU10
  89 0052 0122     		movs	r2, #1
  90 0054 0021     		movs	r1, #0
  91 0056 0846     		mov	r0, r1
  92 0058 FFF7FEFF 		bl	GPIO_SetPinPullUpDown
  93              	.LVL9:
  94 005c 04E0     		b	.L2
  95              	.L3:
  39:Core/Src/main.c **** 
  40:Core/Src/main.c ****     while (1) 
  41:Core/Src/main.c ****     {
  42:Core/Src/main.c ****       GPIO_GetPinValue(PORTA, GPIO_PIN_0, &buttton);
  43:Core/Src/main.c ****         if (buttton == GPIO_PIN_VALUE_HIGH)
  44:Core/Src/main.c ****         {
  45:Core/Src/main.c ****             GPIO_SetPinValue(PORTC, GPIO_PIN_13, GPIO_PIN_VALUE_LOW);
  46:Core/Src/main.c ****         }
  47:Core/Src/main.c ****         else
  48:Core/Src/main.c ****         {
  49:Core/Src/main.c ****             GPIO_SetPinValue(PORTC, GPIO_PIN_13, GPIO_PIN_VALUE_HIGH);
  96              		.loc 1 49 13 view .LVU11
  97 005e 0122     		movs	r2, #1
  98 0060 0D21     		movs	r1, #13
  99 0062 0220     		movs	r0, #2
 100 0064 FFF7FEFF 		bl	GPIO_SetPinValue
 101              	.LVL10:
 102              	.L2:
  40:Core/Src/main.c ****     {
 103              		.loc 1 40 5 view .LVU12
  42:Core/Src/main.c ****         if (buttton == GPIO_PIN_VALUE_HIGH)
 104              		.loc 1 42 7 view .LVU13
 105 0068 074C     		ldr	r4, .L6
 106 006a 2246     		mov	r2, r4
 107 006c 0021     		movs	r1, #0
 108 006e 0846     		mov	r0, r1
 109 0070 FFF7FEFF 		bl	GPIO_GetPinValue
 110              	.LVL11:
  43:Core/Src/main.c ****         {
 111              		.loc 1 43 9 view .LVU14
  43:Core/Src/main.c ****         {
 112              		.loc 1 43 21 is_stmt 0 view .LVU15
 113 0074 2378     		ldrb	r3, [r4]	@ zero_extendqisi2
  43:Core/Src/main.c ****         {
 114              		.loc 1 43 12 view .LVU16
 115 0076 012B     		cmp	r3, #1
 116 0078 F1D1     		bne	.L3
  45:Core/Src/main.c ****         }
 117              		.loc 1 45 13 is_stmt 1 view .LVU17
ARM GAS  /tmp/ccgAXlR7.s 			page 4


 118 007a 0022     		movs	r2, #0
 119 007c 0D21     		movs	r1, #13
 120 007e 0220     		movs	r0, #2
 121 0080 FFF7FEFF 		bl	GPIO_SetPinValue
 122              	.LVL12:
 123 0084 F0E7     		b	.L2
 124              	.L7:
 125 0086 00BF     		.align	2
 126              	.L6:
 127 0088 00000000 		.word	buttton
 128              		.cfi_endproc
 129              	.LFE0:
 131              		.global	buttton
 132              		.section	.bss.buttton,"aw",%nobits
 135              	buttton:
 136 0000 00       		.space	1
 137              		.text
 138              	.Letext0:
 139              		.file 2 "Core/Inc/GPIO_interface.h"
 140              		.file 3 "Core/Inc/RCC_interface.h"
 141              		.file 4 "Core/Inc/STD_TYPES.h"
ARM GAS  /tmp/ccgAXlR7.s 			page 5


DEFINED SYMBOLS
                            *ABS*:00000000 main.c
     /tmp/ccgAXlR7.s:21     .text.main:00000000 $t
     /tmp/ccgAXlR7.s:27     .text.main:00000000 main
     /tmp/ccgAXlR7.s:127    .text.main:00000088 $d
     /tmp/ccgAXlR7.s:135    .bss.buttton:00000000 buttton
     /tmp/ccgAXlR7.s:136    .bss.buttton:00000000 $d

UNDEFINED SYMBOLS
RCC_InitSysClock
RCC_EnablePeripheralClock
GPIO_SetPinMode
GPIO_SetPinOutputType
GPIO_SetPinOutputSpeed
GPIO_SetPinPullUpDown
GPIO_SetPinValue
GPIO_GetPinValue
