ARM GAS  /tmp/ccVMpqZV.s 			page 1


   1              		.cpu cortex-m4
   2              		.arch armv7e-m
   3              		.fpu fpv4-sp-d16
   4              		.eabi_attribute 27, 1
   5              		.eabi_attribute 28, 1
   6              		.eabi_attribute 20, 1
   7              		.eabi_attribute 21, 1
   8              		.eabi_attribute 23, 3
   9              		.eabi_attribute 24, 1
  10              		.eabi_attribute 25, 1
  11              		.eabi_attribute 26, 1
  12              		.eabi_attribute 30, 1
  13              		.eabi_attribute 34, 1
  14              		.eabi_attribute 18, 4
  15              		.file	"RCC_program.c"
  16              		.text
  17              	.Ltext0:
  18              		.cfi_sections	.debug_frame
  19              		.file 1 "Core/Src/RCC_program.c"
  20              		.section	.text.RCC_InitSysClock,"ax",%progbits
  21              		.align	1
  22              		.global	RCC_InitSysClock
  23              		.syntax unified
  24              		.thumb
  25              		.thumb_func
  27              	RCC_InitSysClock:
  28              	.LFB1:
   1:Core/Src/RCC_program.c **** /******************************
   2:Core/Src/RCC_program.c ****  * Author: Khaled Elwan
   3:Core/Src/RCC_program.c ****  * Date: 10/4/2026
   4:Core/Src/RCC_program.c ****  * Version: 1.0
   5:Core/Src/RCC_program.c ****  * Description: RCC_program.c
   6:Core/Src/RCC_program.c ****  ******************************/
   7:Core/Src/RCC_program.c **** 
   8:Core/Src/RCC_program.c **** /****************************< LIB ************************************/
   9:Core/Src/RCC_program.c **** 
  10:Core/Src/RCC_program.c **** 
  11:Core/Src/RCC_program.c **** #include "STD_TYPES.h"
  12:Core/Src/RCC_program.c **** #include "BIT_MATH.h"
  13:Core/Src/RCC_program.c **** 
  14:Core/Src/RCC_program.c **** 
  15:Core/Src/RCC_program.c **** 
  16:Core/Src/RCC_program.c **** /****************************<MCAL************************************/
  17:Core/Src/RCC_program.c **** #include "RCC_interface.h"
  18:Core/Src/RCC_program.c **** #include "RCC_private.h"
  19:Core/Src/RCC_program.c **** #include "RCC_config.h"
  20:Core/Src/RCC_program.c **** 
  21:Core/Src/RCC_program.c **** static void RCC_EnableHSE(void)
  22:Core/Src/RCC_program.c ****         {
  23:Core/Src/RCC_program.c **** 
  24:Core/Src/RCC_program.c ****         /* Configure HSE bypass mode */
  25:Core/Src/RCC_program.c ****         #if RCC_CLK_BYPASS == RCC_CRYSTAL_CLK
  26:Core/Src/RCC_program.c **** 
  27:Core/Src/RCC_program.c ****             SET_BIT(RCC_CR, RCC_CR_HSEBYP_BIT); // HSEBYP bit   
  28:Core/Src/RCC_program.c **** 
  29:Core/Src/RCC_program.c ****         #elif RCC_CLK_BYPASS == RCC_RC_CLK
  30:Core/Src/RCC_program.c ****         
ARM GAS  /tmp/ccVMpqZV.s 			page 2


  31:Core/Src/RCC_program.c ****             CLR_BIT(RCC_CR, RCC_CR_HSEBYP_BIT); // HSEBYP bit
  32:Core/Src/RCC_program.c **** 
  33:Core/Src/RCC_program.c ****         #else
  34:Core/Src/RCC_program.c **** 
  35:Core/Src/RCC_program.c ****             #error "Invalid HSE bypass mode configuration in RCC_config.h"
  36:Core/Src/RCC_program.c **** 
  37:Core/Src/RCC_program.c ****         #endif 
  38:Core/Src/RCC_program.c **** 
  39:Core/Src/RCC_program.c ****         /* Enable HSE */
  40:Core/Src/RCC_program.c ****         SET_BIT(RCC_CR, RCC_CR_HSEON_BIT); // HSEON bit
  41:Core/Src/RCC_program.c ****         /* Wait until HSE is ready */
  42:Core/Src/RCC_program.c ****         while (GET_BIT(RCC_CR, RCC_CR_HSERDY_BIT) == 0); // HSERDY bit
  43:Core/Src/RCC_program.c ****         /* Select HSE as system clock */
  44:Core/Src/RCC_program.c ****     
  45:Core/Src/RCC_program.c ****         }
  46:Core/Src/RCC_program.c **** 
  47:Core/Src/RCC_program.c **** Std_ReturnType RCC_InitSysClock(void)
  48:Core/Src/RCC_program.c **** 
  49:Core/Src/RCC_program.c **** {
  29              		.loc 1 49 1 view -0
  30              		.cfi_startproc
  31              		@ args = 0, pretend = 0, frame = 0
  32              		@ frame_needed = 0, uses_anonymous_args = 0
  33              		@ link register save eliminated.
  50:Core/Src/RCC_program.c ****     Std_ReturnType Local_FunctionState = E_NOT_OK;
  34              		.loc 1 50 5 view .LVU1
  35              	.LVL0:
  51:Core/Src/RCC_program.c ****     /**@brief: Initialize system clock
  52:Core/Src/RCC_program.c ****      * This function initializes the system clock based on the configuration defined in RCC_config.
  53:Core/Src/RCC_program.c ****      * @note
  54:Core/Src/RCC_program.c ****      * - The function first checks the value of RCC_SYS_CLK to determine which clock source to init
  55:Core/Src/RCC_program.c ****      */
  56:Core/Src/RCC_program.c ****     #if RCC_SYS_CLK == RCC_HSE
  57:Core/Src/RCC_program.c **** 
  58:Core/Src/RCC_program.c ****         RCC_EnableHSE();
  59:Core/Src/RCC_program.c ****         RCC_CFGR &= ~(0x03 << RCC_CFGR_SW_BITS);
  60:Core/Src/RCC_program.c ****         RCC_CFGR |= (RCC_HSE << RCC_CFGR_SW_BITS); // Select HSE as system clock source
  61:Core/Src/RCC_program.c ****         while (((RCC_CFGR >> 2) & 0x03) != RCC_HSE);
  62:Core/Src/RCC_program.c ****         Local_FunctionState = E_OK;
  63:Core/Src/RCC_program.c ****         
  64:Core/Src/RCC_program.c ****     /** @brief: Select HSI as system clock 
  65:Core/Src/RCC_program.c ****      * If RCC_SYS_CLK is set to RCC_HSI, the function will enable the HSI (High-Speed Internal) osc
  66:Core/Src/RCC_program.c ****      * @note
  67:Core/Src/RCC_program.c ****      * - When RCC_SYS_CLK is set to RCC_HSI, the function will enable the HSI oscillator by setting
  68:Core/Src/RCC_program.c ****     */
  69:Core/Src/RCC_program.c ****     #elif RCC_SYS_CLK == RCC_HSI
  70:Core/Src/RCC_program.c **** 
  71:Core/Src/RCC_program.c ****         /* Enable HSI */
  72:Core/Src/RCC_program.c ****         SET_BIT(RCC_CR, RCC_CR_HSION_BIT); // HSION bit
  73:Core/Src/RCC_program.c ****         /* Wait until HSI is ready */
  74:Core/Src/RCC_program.c ****         while (GET_BIT(RCC_CR, RCC_CR_HSIRDY_BIT) == 0); // HSIRDY bit
  75:Core/Src/RCC_program.c ****         /* Select HSI as system clock */
  76:Core/Src/RCC_program.c ****         RCC_CFGR &= ~(0x03 << RCC_CFGR_SW_BITS);
  77:Core/Src/RCC_program.c ****         RCC_CFGR |= (RCC_HSI << RCC_CFGR_SW_BITS); // Select HSI as system clock source
  78:Core/Src/RCC_program.c ****         while (((RCC_CFGR >> 2) & 0x03) != RCC_HSI);
  79:Core/Src/RCC_program.c ****         Local_FunctionState = E_OK;
  80:Core/Src/RCC_program.c **** 
ARM GAS  /tmp/ccVMpqZV.s 			page 3


  81:Core/Src/RCC_program.c ****     /** @brief: Select PLL as system clock
  82:Core/Src/RCC_program.c ****      * If RCC_SYS_CLK is set to RCC_PLL, the function will configure and enable the PLL (Phase-Lock
  83:Core/Src/RCC_program.c ****      * @note
  84:Core/Src/RCC_program.c ****      * - When RCC_SYS_CLK is set to RCC_PLL, the function will need to configure the PLL parameters
  85:Core/Src/RCC_program.c ****      * the RCC_PLLCFGR register based on the desired system clock frequency and the input clock sou
  86:Core/Src/RCC_program.c ****      */
  87:Core/Src/RCC_program.c ****       #elif RCC_SYS_CLK == RCC_PLL
  88:Core/Src/RCC_program.c **** 
  89:Core/Src/RCC_program.c ****         /* PLL configuration and enabling code should be implemented here based on the specific req
  90:Core/Src/RCC_program.c ****             RCC_PLLCFGR &= ~((0x3F) << RCC_PLLCFGR_PLLM_BITS); // Clear PLLCFGR register before con
  36              		.loc 1 90 13 view .LVU2
  37              		.loc 1 90 25 is_stmt 0 view .LVU3
  38 0000 2F4B     		ldr	r3, .L5
  39 0002 D3F80428 		ldr	r2, [r3, #2052]
  40 0006 22F03F02 		bic	r2, r2, #63
  41 000a C3F80428 		str	r2, [r3, #2052]
  91:Core/Src/RCC_program.c ****             RCC_PLLCFGR &= ~((0x1FF) << RCC_PLLCFGR_PLLN_BITS); // Clear PLLN bits
  42              		.loc 1 91 13 is_stmt 1 view .LVU4
  43              		.loc 1 91 25 is_stmt 0 view .LVU5
  44 000e D3F80428 		ldr	r2, [r3, #2052]
  45 0012 6FF38E12 		bfc	r2, #6, #9
  46 0016 C3F80428 		str	r2, [r3, #2052]
  92:Core/Src/RCC_program.c ****             RCC_PLLCFGR &= ~((0x03) << RCC_PLLCFGR_PLLP_BITS); // Clear PLLP bits
  47              		.loc 1 92 13 is_stmt 1 view .LVU6
  48              		.loc 1 92 25 is_stmt 0 view .LVU7
  49 001a D3F80428 		ldr	r2, [r3, #2052]
  50 001e 22F44032 		bic	r2, r2, #196608
  51 0022 C3F80428 		str	r2, [r3, #2052]
  93:Core/Src/RCC_program.c ****            
  94:Core/Src/RCC_program.c ****            #if RCC_PLLSRC == RCC_HSE
  95:Core/Src/RCC_program.c **** 
  96:Core/Src/RCC_program.c ****                RCC_EnableHSE();
  97:Core/Src/RCC_program.c ****                RCC_PLLCFGR |= (1 << RCC_PLLCFGR_PLLSRC_BIT); // Set PLL source to HSE
  98:Core/Src/RCC_program.c **** 
  99:Core/Src/RCC_program.c ****          #elif RCC_PLLSRC == RCC_HSI
 100:Core/Src/RCC_program.c ****                  SET_BIT(RCC_CR, RCC_CR_HSION_BIT); // HSION bit
  52              		.loc 1 100 18 is_stmt 1 view .LVU8
  53 0026 D3F80028 		ldr	r2, [r3, #2048]
  54 002a 42F00102 		orr	r2, r2, #1
  55 002e C3F80028 		str	r2, [r3, #2048]
 101:Core/Src/RCC_program.c ****                  /* Wait until HSI is ready */
 102:Core/Src/RCC_program.c ****                  while (GET_BIT(RCC_CR, RCC_CR_HSIRDY_BIT) == 0); // HSIRDY bit
  56              		.loc 1 102 18 view .LVU9
  57              	.L2:
  58              		.loc 1 102 60 discriminator 1 view .LVU10
  59              		.loc 1 102 25 is_stmt 0 discriminator 1 view .LVU11
  60 0032 234B     		ldr	r3, .L5
  61 0034 D3F80038 		ldr	r3, [r3, #2048]
  62              		.loc 1 102 60 discriminator 1 view .LVU12
  63 0038 13F0020F 		tst	r3, #2
  64 003c F9D0     		beq	.L2
 103:Core/Src/RCC_program.c ****                  RCC_PLLCFGR &= ~(1 << RCC_PLLCFGR_PLLSRC_BIT); // Set PLL source to HSI 
  65              		.loc 1 103 18 is_stmt 1 view .LVU13
  66              		.loc 1 103 30 is_stmt 0 view .LVU14
  67 003e 204B     		ldr	r3, .L5
  68 0040 D3F80428 		ldr	r2, [r3, #2052]
  69 0044 22F48002 		bic	r2, r2, #4194304
ARM GAS  /tmp/ccVMpqZV.s 			page 4


  70 0048 C3F80428 		str	r2, [r3, #2052]
 104:Core/Src/RCC_program.c ****                 
 105:Core/Src/RCC_program.c ****         #else
 106:Core/Src/RCC_program.c **** 
 107:Core/Src/RCC_program.c ****                 #error "Invalid PLL source configuration in RCC_config.h"
 108:Core/Src/RCC_program.c **** 
 109:Core/Src/RCC_program.c ****         #endif
 110:Core/Src/RCC_program.c **** 
 111:Core/Src/RCC_program.c ****             RCC_PLLCFGR |= RCC_PLLP_ENCODE(RCC_PLLP);          
  71              		.loc 1 111 13 is_stmt 1 view .LVU15
  72 004c D3F80428 		ldr	r2, [r3, #2052]
  73              		.loc 1 111 25 is_stmt 0 view .LVU16
  74 0050 42F48032 		orr	r2, r2, #65536
  75 0054 C3F80428 		str	r2, [r3, #2052]
 112:Core/Src/RCC_program.c ****             RCC_PLLCFGR |= (RCC_PLLN << RCC_PLLCFGR_PLLN_BITS); // Configure PLLN multiplication fa
  76              		.loc 1 112 13 is_stmt 1 view .LVU17
  77 0058 D3F80428 		ldr	r2, [r3, #2052]
  78              		.loc 1 112 25 is_stmt 0 view .LVU18
  79 005c 42F4A842 		orr	r2, r2, #21504
  80 0060 C3F80428 		str	r2, [r3, #2052]
 113:Core/Src/RCC_program.c ****             RCC_PLLCFGR |= (RCC_PLLM << RCC_PLLCFGR_PLLM_BITS); // Configure PLLM division factor
  81              		.loc 1 113 13 is_stmt 1 view .LVU19
  82 0064 D3F80428 		ldr	r2, [r3, #2052]
  83              		.loc 1 113 25 is_stmt 0 view .LVU20
  84 0068 42F01002 		orr	r2, r2, #16
  85 006c C3F80428 		str	r2, [r3, #2052]
 114:Core/Src/RCC_program.c ****             /* Configure PLL source, multiplication and division factors here based on RCC_config.h
 115:Core/Src/RCC_program.c ****             SET_BIT(RCC_CR, RCC_CR_PLLON_BIT); // PLLON bit
  86              		.loc 1 115 13 is_stmt 1 view .LVU21
  87 0070 D3F80028 		ldr	r2, [r3, #2048]
  88 0074 42F08072 		orr	r2, r2, #16777216
  89 0078 C3F80028 		str	r2, [r3, #2048]
 116:Core/Src/RCC_program.c ****             while (GET_BIT(RCC_CR, RCC_CR_PLLRDY_BIT) == 0); // PLLRDY bit
  90              		.loc 1 116 13 view .LVU22
  91              	.L3:
  92              		.loc 1 116 55 discriminator 1 view .LVU23
  93              		.loc 1 116 20 is_stmt 0 discriminator 1 view .LVU24
  94 007c 104B     		ldr	r3, .L5
  95 007e D3F80038 		ldr	r3, [r3, #2048]
  96              		.loc 1 116 55 discriminator 1 view .LVU25
  97 0082 13F0007F 		tst	r3, #33554432
  98 0086 F9D0     		beq	.L3
 117:Core/Src/RCC_program.c ****             FLASH_ACR |= (2 << 0);
  99              		.loc 1 117 13 is_stmt 1 view .LVU26
 100 0088 0D4B     		ldr	r3, .L5
 101 008a D3F8002C 		ldr	r2, [r3, #3072]
 102              		.loc 1 117 23 is_stmt 0 view .LVU27
 103 008e 42F00202 		orr	r2, r2, #2
 104 0092 C3F8002C 		str	r2, [r3, #3072]
 118:Core/Src/RCC_program.c ****             RCC_CFGR &= ~(0x03 << RCC_CFGR_SW_BITS); // Clear the SW bits
 105              		.loc 1 118 13 is_stmt 1 view .LVU28
 106              		.loc 1 118 22 is_stmt 0 view .LVU29
 107 0096 D3F80828 		ldr	r2, [r3, #2056]
 108 009a 22F00302 		bic	r2, r2, #3
 109 009e C3F80828 		str	r2, [r3, #2056]
 119:Core/Src/RCC_program.c ****             RCC_CFGR |= (RCC_PLL << RCC_CFGR_SW_BITS); // Select PLL as system clock source
 110              		.loc 1 119 13 is_stmt 1 view .LVU30
ARM GAS  /tmp/ccVMpqZV.s 			page 5


 111 00a2 D3F80828 		ldr	r2, [r3, #2056]
 112              		.loc 1 119 22 is_stmt 0 view .LVU31
 113 00a6 42F00202 		orr	r2, r2, #2
 114 00aa C3F80828 		str	r2, [r3, #2056]
 120:Core/Src/RCC_program.c ****             while (((RCC_CFGR >> 2) & 0x03) != RCC_PLL);
 115              		.loc 1 120 13 is_stmt 1 view .LVU32
 116              	.L4:
 117              		.loc 1 120 45 discriminator 1 view .LVU33
 118              		.loc 1 120 22 is_stmt 0 discriminator 1 view .LVU34
 119 00ae 044B     		ldr	r3, .L5
 120 00b0 D3F80838 		ldr	r3, [r3, #2056]
 121              		.loc 1 120 45 discriminator 1 view .LVU35
 122 00b4 03F00C03 		and	r3, r3, #12
 123 00b8 082B     		cmp	r3, #8
 124 00ba F8D1     		bne	.L4
 121:Core/Src/RCC_program.c ****             Local_FunctionState = E_OK;
 125              		.loc 1 121 13 is_stmt 1 view .LVU36
 126              	.LVL1:
 122:Core/Src/RCC_program.c **** 
 123:Core/Src/RCC_program.c ****     #else
 124:Core/Src/RCC_program.c **** 
 125:Core/Src/RCC_program.c ****         #error "Invalid system clock source configuration in RCC_config.h"
 126:Core/Src/RCC_program.c **** 
 127:Core/Src/RCC_program.c ****     #endif 
 128:Core/Src/RCC_program.c ****     
 129:Core/Src/RCC_program.c ****      
 130:Core/Src/RCC_program.c **** return Local_FunctionState;
 127              		.loc 1 130 1 view .LVU37
 131:Core/Src/RCC_program.c **** 
 132:Core/Src/RCC_program.c **** }  
 128              		.loc 1 132 1 is_stmt 0 view .LVU38
 129 00bc 0020     		movs	r0, #0
 130 00be 7047     		bx	lr
 131              	.L6:
 132              		.align	2
 133              	.L5:
 134 00c0 00300240 		.word	1073885184
 135              		.cfi_endproc
 136              	.LFE1:
 138              		.section	.text.RCC_EnablePeripheralClock,"ax",%progbits
 139              		.align	1
 140              		.global	RCC_EnablePeripheralClock
 141              		.syntax unified
 142              		.thumb
 143              		.thumb_func
 145              	RCC_EnablePeripheralClock:
 146              	.LVL2:
 147              	.LFB2:
 133:Core/Src/RCC_program.c **** 
 134:Core/Src/RCC_program.c **** /**
 135:Core/Src/RCC_program.c ****  * @brief: Enable peripheral clock
 136:Core/Src/RCC_program.c ****  * 
 137:Core/Src/RCC_program.c ****  */
 138:Core/Src/RCC_program.c **** Std_ReturnType RCC_EnablePeripheralClock(u8 Copy_u8BusId, u8 Copy_u8PeripheralId)
 139:Core/Src/RCC_program.c **** 
 140:Core/Src/RCC_program.c **** {
 148              		.loc 1 140 1 is_stmt 1 view -0
ARM GAS  /tmp/ccVMpqZV.s 			page 6


 149              		.cfi_startproc
 150              		@ args = 0, pretend = 0, frame = 0
 151              		@ frame_needed = 0, uses_anonymous_args = 0
 152              		@ link register save eliminated.
 141:Core/Src/RCC_program.c ****     Std_ReturnType Local_FunctionState = E_NOT_OK;
 153              		.loc 1 141 5 view .LVU40
 142:Core/Src/RCC_program.c **** 
 143:Core/Src/RCC_program.c **** 
 144:Core/Src/RCC_program.c ****     switch (Copy_u8BusId)
 154              		.loc 1 144 5 view .LVU41
 155 0000 0328     		cmp	r0, #3
 156 0002 2DD8     		bhi	.L14
 157 0004 DFE800F0 		tbb	[pc, r0]
 158              	.L10:
 159 0008 02       		.byte	(.L13-.L10)/2
 160 0009 0E       		.byte	(.L12-.L10)/2
 161 000a 18       		.byte	(.L11-.L10)/2
 162 000b 22       		.byte	(.L9-.L10)/2
 163              		.p2align 1
 164              	.L13:
 140:Core/Src/RCC_program.c ****     Std_ReturnType Local_FunctionState = E_NOT_OK;
 165              		.loc 1 140 1 is_stmt 0 view .LVU42
 166 000c 10B4     		push	{r4}
 167              	.LCFI0:
 168              		.cfi_def_cfa_offset 4
 169              		.cfi_offset 4, -4
 145:Core/Src/RCC_program.c ****     {
 146:Core/Src/RCC_program.c **** 
 147:Core/Src/RCC_program.c ****     case RCC_AHB1_BUS:
 148:Core/Src/RCC_program.c **** 
 149:Core/Src/RCC_program.c ****         SET_BIT(RCC_AHB1ENR, Copy_u8PeripheralId);
 170              		.loc 1 149 9 is_stmt 1 view .LVU43
 171 000e 154C     		ldr	r4, .L18
 172 0010 D4F83038 		ldr	r3, [r4, #2096]
 173 0014 0122     		movs	r2, #1
 174 0016 8A40     		lsls	r2, r2, r1
 175 0018 1343     		orrs	r3, r3, r2
 176 001a C4F83038 		str	r3, [r4, #2096]
 150:Core/Src/RCC_program.c ****          Local_FunctionState = E_OK;
 177              		.loc 1 150 10 view .LVU44
 178              	.LVL3:
 151:Core/Src/RCC_program.c ****         break;
 179              		.loc 1 151 9 view .LVU45
 152:Core/Src/RCC_program.c **** 
 153:Core/Src/RCC_program.c ****     case RCC_AHB2_BUS:
 154:Core/Src/RCC_program.c **** 
 155:Core/Src/RCC_program.c ****         SET_BIT(RCC_AHB2ENR, Copy_u8PeripheralId);
 156:Core/Src/RCC_program.c ****          Local_FunctionState = E_OK;
 157:Core/Src/RCC_program.c ****         break;
 158:Core/Src/RCC_program.c ****         
 159:Core/Src/RCC_program.c ****     case RCC_APB1_BUS:
 160:Core/Src/RCC_program.c **** 
 161:Core/Src/RCC_program.c ****         SET_BIT(RCC_APB1ENR, Copy_u8PeripheralId);
 162:Core/Src/RCC_program.c ****          Local_FunctionState = E_OK;
 163:Core/Src/RCC_program.c ****         break;
 164:Core/Src/RCC_program.c **** 
 165:Core/Src/RCC_program.c ****     case RCC_APB2_BUS:
ARM GAS  /tmp/ccVMpqZV.s 			page 7


 166:Core/Src/RCC_program.c ****     
 167:Core/Src/RCC_program.c ****         SET_BIT(RCC_APB2ENR, Copy_u8PeripheralId);
 168:Core/Src/RCC_program.c ****          Local_FunctionState = E_OK;
 169:Core/Src/RCC_program.c ****         break;
 170:Core/Src/RCC_program.c **** 
 171:Core/Src/RCC_program.c ****     default:
 172:Core/Src/RCC_program.c ****         Local_FunctionState = E_NOT_OK;
 173:Core/Src/RCC_program.c ****         break;
 174:Core/Src/RCC_program.c ****     }
 175:Core/Src/RCC_program.c **** 
 176:Core/Src/RCC_program.c ****     return Local_FunctionState;
 180              		.loc 1 176 5 view .LVU46
 177:Core/Src/RCC_program.c **** 
 178:Core/Src/RCC_program.c **** }
 181              		.loc 1 178 1 is_stmt 0 view .LVU47
 182 001e 5DF8044B 		ldr	r4, [sp], #4
 183 0022 7047     		bx	lr
 184              	.LVL4:
 185              	.L12:
 186              	.LCFI1:
 187              		.cfi_def_cfa_offset 0
 188              		.cfi_restore 4
 155:Core/Src/RCC_program.c ****          Local_FunctionState = E_OK;
 189              		.loc 1 155 9 is_stmt 1 view .LVU48
 190 0024 0F48     		ldr	r0, .L18
 191              	.LVL5:
 155:Core/Src/RCC_program.c ****          Local_FunctionState = E_OK;
 192              		.loc 1 155 9 is_stmt 0 view .LVU49
 193 0026 D0F83438 		ldr	r3, [r0, #2100]
 194 002a 0122     		movs	r2, #1
 195 002c 8A40     		lsls	r2, r2, r1
 196 002e 1343     		orrs	r3, r3, r2
 197 0030 C0F83438 		str	r3, [r0, #2100]
 156:Core/Src/RCC_program.c ****         break;
 198              		.loc 1 156 10 is_stmt 1 view .LVU50
 199              	.LVL6:
 157:Core/Src/RCC_program.c ****         
 200              		.loc 1 157 9 view .LVU51
 156:Core/Src/RCC_program.c ****         break;
 201              		.loc 1 156 30 is_stmt 0 view .LVU52
 202 0034 0020     		movs	r0, #0
 157:Core/Src/RCC_program.c ****         
 203              		.loc 1 157 9 view .LVU53
 204 0036 7047     		bx	lr
 205              	.LVL7:
 206              	.L11:
 161:Core/Src/RCC_program.c ****          Local_FunctionState = E_OK;
 207              		.loc 1 161 9 is_stmt 1 view .LVU54
 208 0038 0A48     		ldr	r0, .L18
 209              	.LVL8:
 161:Core/Src/RCC_program.c ****          Local_FunctionState = E_OK;
 210              		.loc 1 161 9 is_stmt 0 view .LVU55
 211 003a D0F84038 		ldr	r3, [r0, #2112]
 212 003e 0122     		movs	r2, #1
 213 0040 8A40     		lsls	r2, r2, r1
 214 0042 1343     		orrs	r3, r3, r2
 215 0044 C0F84038 		str	r3, [r0, #2112]
ARM GAS  /tmp/ccVMpqZV.s 			page 8


 162:Core/Src/RCC_program.c ****         break;
 216              		.loc 1 162 10 is_stmt 1 view .LVU56
 217              	.LVL9:
 163:Core/Src/RCC_program.c **** 
 218              		.loc 1 163 9 view .LVU57
 162:Core/Src/RCC_program.c ****         break;
 219              		.loc 1 162 30 is_stmt 0 view .LVU58
 220 0048 0020     		movs	r0, #0
 163:Core/Src/RCC_program.c **** 
 221              		.loc 1 163 9 view .LVU59
 222 004a 7047     		bx	lr
 223              	.LVL10:
 224              	.L9:
 167:Core/Src/RCC_program.c ****          Local_FunctionState = E_OK;
 225              		.loc 1 167 9 is_stmt 1 view .LVU60
 226 004c 0548     		ldr	r0, .L18
 227              	.LVL11:
 167:Core/Src/RCC_program.c ****          Local_FunctionState = E_OK;
 228              		.loc 1 167 9 is_stmt 0 view .LVU61
 229 004e D0F84438 		ldr	r3, [r0, #2116]
 230 0052 0122     		movs	r2, #1
 231 0054 8A40     		lsls	r2, r2, r1
 232 0056 1343     		orrs	r3, r3, r2
 233 0058 C0F84438 		str	r3, [r0, #2116]
 168:Core/Src/RCC_program.c ****         break;
 234              		.loc 1 168 10 is_stmt 1 view .LVU62
 235              	.LVL12:
 169:Core/Src/RCC_program.c **** 
 236              		.loc 1 169 9 view .LVU63
 168:Core/Src/RCC_program.c ****         break;
 237              		.loc 1 168 30 is_stmt 0 view .LVU64
 238 005c 0020     		movs	r0, #0
 169:Core/Src/RCC_program.c **** 
 239              		.loc 1 169 9 view .LVU65
 240 005e 7047     		bx	lr
 241              	.LVL13:
 242              	.L14:
 144:Core/Src/RCC_program.c ****     {
 243              		.loc 1 144 5 view .LVU66
 244 0060 0120     		movs	r0, #1
 245              	.LVL14:
 176:Core/Src/RCC_program.c **** 
 246              		.loc 1 176 5 is_stmt 1 view .LVU67
 247              		.loc 1 178 1 is_stmt 0 view .LVU68
 248 0062 7047     		bx	lr
 249              	.L19:
 250              		.align	2
 251              	.L18:
 252 0064 00300240 		.word	1073885184
 253              		.cfi_endproc
 254              	.LFE2:
 256              		.section	.text.RCC_DisablePeripheralClock,"ax",%progbits
 257              		.align	1
 258              		.global	RCC_DisablePeripheralClock
 259              		.syntax unified
 260              		.thumb
 261              		.thumb_func
ARM GAS  /tmp/ccVMpqZV.s 			page 9


 263              	RCC_DisablePeripheralClock:
 264              	.LVL15:
 265              	.LFB3:
 179:Core/Src/RCC_program.c ****           
 180:Core/Src/RCC_program.c **** /***
 181:Core/Src/RCC_program.c ****  * @brief: Disable peripheral clock
 182:Core/Src/RCC_program.c ****  * This function disables the clock for a specific peripheral connected to one of the buses (AHB1, 
 183:Core/Src/RCC_program.c ****  */
 184:Core/Src/RCC_program.c **** Std_ReturnType RCC_DisablePeripheralClock(u8 Copy_u8BusId, u8 Copy_u8PeripheralId)
 185:Core/Src/RCC_program.c **** {
 266              		.loc 1 185 1 is_stmt 1 view -0
 267              		.cfi_startproc
 268              		@ args = 0, pretend = 0, frame = 0
 269              		@ frame_needed = 0, uses_anonymous_args = 0
 270              		@ link register save eliminated.
 186:Core/Src/RCC_program.c ****     Std_ReturnType Local_FunctionState = E_NOT_OK;
 271              		.loc 1 186 5 view .LVU70
 187:Core/Src/RCC_program.c **** 
 188:Core/Src/RCC_program.c **** 
 189:Core/Src/RCC_program.c ****     switch (Copy_u8BusId)
 272              		.loc 1 189 5 view .LVU71
 273 0000 0328     		cmp	r0, #3
 274 0002 31D8     		bhi	.L27
 275 0004 DFE800F0 		tbb	[pc, r0]
 276              	.L23:
 277 0008 02       		.byte	(.L26-.L23)/2
 278 0009 0F       		.byte	(.L25-.L23)/2
 279 000a 1A       		.byte	(.L24-.L23)/2
 280 000b 25       		.byte	(.L22-.L23)/2
 281              		.p2align 1
 282              	.L26:
 185:Core/Src/RCC_program.c ****     Std_ReturnType Local_FunctionState = E_NOT_OK;
 283              		.loc 1 185 1 is_stmt 0 view .LVU72
 284 000c 10B4     		push	{r4}
 285              	.LCFI2:
 286              		.cfi_def_cfa_offset 4
 287              		.cfi_offset 4, -4
 190:Core/Src/RCC_program.c ****     {
 191:Core/Src/RCC_program.c **** 
 192:Core/Src/RCC_program.c ****     case RCC_AHB1_BUS:
 193:Core/Src/RCC_program.c **** 
 194:Core/Src/RCC_program.c ****         CLR_BIT(RCC_AHB1ENR, Copy_u8PeripheralId);
 288              		.loc 1 194 9 is_stmt 1 view .LVU73
 289 000e 174C     		ldr	r4, .L31
 290 0010 D4F83038 		ldr	r3, [r4, #2096]
 291 0014 0122     		movs	r2, #1
 292 0016 8A40     		lsls	r2, r2, r1
 293 0018 23EA0203 		bic	r3, r3, r2
 294 001c C4F83038 		str	r3, [r4, #2096]
 195:Core/Src/RCC_program.c ****          Local_FunctionState = E_OK;
 295              		.loc 1 195 10 view .LVU74
 296              	.LVL16:
 196:Core/Src/RCC_program.c ****         break;
 297              		.loc 1 196 9 view .LVU75
 197:Core/Src/RCC_program.c **** 
 198:Core/Src/RCC_program.c ****     case RCC_AHB2_BUS:
 199:Core/Src/RCC_program.c **** 
ARM GAS  /tmp/ccVMpqZV.s 			page 10


 200:Core/Src/RCC_program.c ****         CLR_BIT(RCC_AHB2ENR, Copy_u8PeripheralId);
 201:Core/Src/RCC_program.c ****          Local_FunctionState = E_OK;
 202:Core/Src/RCC_program.c ****         break;
 203:Core/Src/RCC_program.c ****         
 204:Core/Src/RCC_program.c ****     case RCC_APB1_BUS:
 205:Core/Src/RCC_program.c **** 
 206:Core/Src/RCC_program.c ****         CLR_BIT(RCC_APB1ENR, Copy_u8PeripheralId);
 207:Core/Src/RCC_program.c ****          Local_FunctionState = E_OK;
 208:Core/Src/RCC_program.c ****         break;
 209:Core/Src/RCC_program.c **** 
 210:Core/Src/RCC_program.c ****     case RCC_APB2_BUS:
 211:Core/Src/RCC_program.c ****     
 212:Core/Src/RCC_program.c ****         CLR_BIT(RCC_APB2ENR, Copy_u8PeripheralId);
 213:Core/Src/RCC_program.c ****          Local_FunctionState = E_OK;
 214:Core/Src/RCC_program.c ****         break;
 215:Core/Src/RCC_program.c **** 
 216:Core/Src/RCC_program.c ****     default:
 217:Core/Src/RCC_program.c ****         Local_FunctionState = E_NOT_OK;
 218:Core/Src/RCC_program.c ****         break;
 219:Core/Src/RCC_program.c ****     }
 220:Core/Src/RCC_program.c **** 
 221:Core/Src/RCC_program.c ****     return Local_FunctionState;
 298              		.loc 1 221 5 view .LVU76
 222:Core/Src/RCC_program.c **** 
 223:Core/Src/RCC_program.c **** }
 299              		.loc 1 223 1 is_stmt 0 view .LVU77
 300 0020 5DF8044B 		ldr	r4, [sp], #4
 301 0024 7047     		bx	lr
 302              	.LVL17:
 303              	.L25:
 304              	.LCFI3:
 305              		.cfi_def_cfa_offset 0
 306              		.cfi_restore 4
 200:Core/Src/RCC_program.c ****          Local_FunctionState = E_OK;
 307              		.loc 1 200 9 is_stmt 1 view .LVU78
 308 0026 1148     		ldr	r0, .L31
 309              	.LVL18:
 200:Core/Src/RCC_program.c ****          Local_FunctionState = E_OK;
 310              		.loc 1 200 9 is_stmt 0 view .LVU79
 311 0028 D0F83438 		ldr	r3, [r0, #2100]
 312 002c 0122     		movs	r2, #1
 313 002e 8A40     		lsls	r2, r2, r1
 314 0030 23EA0203 		bic	r3, r3, r2
 315 0034 C0F83438 		str	r3, [r0, #2100]
 201:Core/Src/RCC_program.c ****         break;
 316              		.loc 1 201 10 is_stmt 1 view .LVU80
 317              	.LVL19:
 202:Core/Src/RCC_program.c ****         
 318              		.loc 1 202 9 view .LVU81
 201:Core/Src/RCC_program.c ****         break;
 319              		.loc 1 201 30 is_stmt 0 view .LVU82
 320 0038 0020     		movs	r0, #0
 202:Core/Src/RCC_program.c ****         
 321              		.loc 1 202 9 view .LVU83
 322 003a 7047     		bx	lr
 323              	.LVL20:
 324              	.L24:
ARM GAS  /tmp/ccVMpqZV.s 			page 11


 206:Core/Src/RCC_program.c ****          Local_FunctionState = E_OK;
 325              		.loc 1 206 9 is_stmt 1 view .LVU84
 326 003c 0B48     		ldr	r0, .L31
 327              	.LVL21:
 206:Core/Src/RCC_program.c ****          Local_FunctionState = E_OK;
 328              		.loc 1 206 9 is_stmt 0 view .LVU85
 329 003e D0F84038 		ldr	r3, [r0, #2112]
 330 0042 0122     		movs	r2, #1
 331 0044 8A40     		lsls	r2, r2, r1
 332 0046 23EA0203 		bic	r3, r3, r2
 333 004a C0F84038 		str	r3, [r0, #2112]
 207:Core/Src/RCC_program.c ****         break;
 334              		.loc 1 207 10 is_stmt 1 view .LVU86
 335              	.LVL22:
 208:Core/Src/RCC_program.c **** 
 336              		.loc 1 208 9 view .LVU87
 207:Core/Src/RCC_program.c ****         break;
 337              		.loc 1 207 30 is_stmt 0 view .LVU88
 338 004e 0020     		movs	r0, #0
 208:Core/Src/RCC_program.c **** 
 339              		.loc 1 208 9 view .LVU89
 340 0050 7047     		bx	lr
 341              	.LVL23:
 342              	.L22:
 212:Core/Src/RCC_program.c ****          Local_FunctionState = E_OK;
 343              		.loc 1 212 9 is_stmt 1 view .LVU90
 344 0052 0648     		ldr	r0, .L31
 345              	.LVL24:
 212:Core/Src/RCC_program.c ****          Local_FunctionState = E_OK;
 346              		.loc 1 212 9 is_stmt 0 view .LVU91
 347 0054 D0F84438 		ldr	r3, [r0, #2116]
 348 0058 0122     		movs	r2, #1
 349 005a 8A40     		lsls	r2, r2, r1
 350 005c 23EA0203 		bic	r3, r3, r2
 351 0060 C0F84438 		str	r3, [r0, #2116]
 213:Core/Src/RCC_program.c ****         break;
 352              		.loc 1 213 10 is_stmt 1 view .LVU92
 353              	.LVL25:
 214:Core/Src/RCC_program.c **** 
 354              		.loc 1 214 9 view .LVU93
 213:Core/Src/RCC_program.c ****         break;
 355              		.loc 1 213 30 is_stmt 0 view .LVU94
 356 0064 0020     		movs	r0, #0
 214:Core/Src/RCC_program.c **** 
 357              		.loc 1 214 9 view .LVU95
 358 0066 7047     		bx	lr
 359              	.LVL26:
 360              	.L27:
 189:Core/Src/RCC_program.c ****     {
 361              		.loc 1 189 5 view .LVU96
 362 0068 0120     		movs	r0, #1
 363              	.LVL27:
 221:Core/Src/RCC_program.c **** 
 364              		.loc 1 221 5 is_stmt 1 view .LVU97
 365              		.loc 1 223 1 is_stmt 0 view .LVU98
 366 006a 7047     		bx	lr
 367              	.L32:
ARM GAS  /tmp/ccVMpqZV.s 			page 12


 368              		.align	2
 369              	.L31:
 370 006c 00300240 		.word	1073885184
 371              		.cfi_endproc
 372              	.LFE3:
 374              		.text
 375              	.Letext0:
 376              		.file 2 "Core/Inc/STD_TYPES.h"
ARM GAS  /tmp/ccVMpqZV.s 			page 13


DEFINED SYMBOLS
                            *ABS*:00000000 RCC_program.c
     /tmp/ccVMpqZV.s:21     .text.RCC_InitSysClock:00000000 $t
     /tmp/ccVMpqZV.s:27     .text.RCC_InitSysClock:00000000 RCC_InitSysClock
     /tmp/ccVMpqZV.s:134    .text.RCC_InitSysClock:000000c0 $d
     /tmp/ccVMpqZV.s:139    .text.RCC_EnablePeripheralClock:00000000 $t
     /tmp/ccVMpqZV.s:145    .text.RCC_EnablePeripheralClock:00000000 RCC_EnablePeripheralClock
     /tmp/ccVMpqZV.s:159    .text.RCC_EnablePeripheralClock:00000008 $d
     /tmp/ccVMpqZV.s:163    .text.RCC_EnablePeripheralClock:0000000c $t
     /tmp/ccVMpqZV.s:252    .text.RCC_EnablePeripheralClock:00000064 $d
     /tmp/ccVMpqZV.s:257    .text.RCC_DisablePeripheralClock:00000000 $t
     /tmp/ccVMpqZV.s:263    .text.RCC_DisablePeripheralClock:00000000 RCC_DisablePeripheralClock
     /tmp/ccVMpqZV.s:277    .text.RCC_DisablePeripheralClock:00000008 $d
     /tmp/ccVMpqZV.s:281    .text.RCC_DisablePeripheralClock:0000000c $t
     /tmp/ccVMpqZV.s:370    .text.RCC_DisablePeripheralClock:0000006c $d

NO UNDEFINED SYMBOLS
