/home/khaled-ahmed-elwan/Microcontroller-Architecture-and-Interfacing-with-ARM-Cortex/Workspace/EXTI_test/Src/EXTI_program.c:23:16:EXTI_EnableLine	24	static
/home/khaled-ahmed-elwan/Microcontroller-Architecture-and-Interfacing-with-ARM-Cortex/Workspace/EXTI_test/Src/EXTI_program.c:37:16:EXTI_DisableLine	24	static
/home/khaled-ahmed-elwan/Microcontroller-Architecture-and-Interfacing-with-ARM-Cortex/Workspace/EXTI_test/Src/EXTI_program.c:52:16:EXTI_SetTrigger	24	static
/home/khaled-ahmed-elwan/Microcontroller-Architecture-and-Interfacing-with-ARM-Cortex/Workspace/EXTI_test/Src/EXTI_program.c:84:16:EXTI_SelectPort	24	static
/home/khaled-ahmed-elwan/Microcontroller-Architecture-and-Interfacing-with-ARM-Cortex/Workspace/EXTI_test/Src/EXTI_program.c:117:16:EXTI_ClearPendingFlag	24	static
/home/khaled-ahmed-elwan/Microcontroller-Architecture-and-Interfacing-with-ARM-Cortex/Workspace/EXTI_test/Src/EXTI_program.c:130:16:EXTI_SetCallBack	24	static
/home/khaled-ahmed-elwan/Microcontroller-Architecture-and-Interfacing-with-ARM-Cortex/Workspace/EXTI_test/Src/EXTI_program.c:145:6:EXTI0_IRQHandler	8	static
/home/khaled-ahmed-elwan/Microcontroller-Architecture-and-Interfacing-with-ARM-Cortex/Workspace/EXTI_test/Src/EXTI_program.c:155:6:EXTI1_IRQHandler	8	static
/home/khaled-ahmed-elwan/Microcontroller-Architecture-and-Interfacing-with-ARM-Cortex/Workspace/EXTI_test/Src/EXTI_program.c:164:6:EXTI2_IRQHandler	8	static
/home/khaled-ahmed-elwan/Microcontroller-Architecture-and-Interfacing-with-ARM-Cortex/Workspace/EXTI_test/Src/EXTI_program.c:174:6:EXTI3_IRQHandler	8	static
/home/khaled-ahmed-elwan/Microcontroller-Architecture-and-Interfacing-with-ARM-Cortex/Workspace/EXTI_test/Src/EXTI_program.c:184:6:EXTI4_IRQHandler	8	static
/home/khaled-ahmed-elwan/Microcontroller-Architecture-and-Interfacing-with-ARM-Cortex/Workspace/EXTI_test/Src/EXTI_program.c:193:6:EXTI9_5_IRQHandler	16	static
/home/khaled-ahmed-elwan/Microcontroller-Architecture-and-Interfacing-with-ARM-Cortex/Workspace/EXTI_test/Src/EXTI_program.c:208:6:EXTI15_10_IRQHandler	16	static
